Archive member included to satisfy reference by file (symbol)

/usr/lib/x86_64-linux-gnu/libc_nonshared.a(elf-init.oS)
                              /usr/lib/gcc/x86_64-linux-gnu/9/../../../x86_64-linux-gnu/Scrt1.o (__libc_csu_init)

Merging program properties


As-needed library included to satisfy reference by file (symbol)

libpthread.so.0               build//home/sam/Downloads/FreeRTOSv202104.00/FreeRTOS/Source/portable/ThirdParty/GCC/Posix/utils/wait_for_event.o (__errno_location@@GLIBC_2.2.5)
libc.so.6                     build/network_state.o (sprintf@@GLIBC_2.2.5)

Allocating common symbols
Common symbol       size              file

xQueueSetSendingTask
                    0x8               build//home/sam/Downloads/FreeRTOSv202104.00/FreeRTOS/Demo/Common/Minimal/QueueSet.o
xHighPriorityTask   0x8               build//home/sam/Downloads/FreeRTOSv202104.00/FreeRTOS/Demo/Common/Minimal/QPeek.o
xStdioMutexBuffer   0xa8              build/console.o
uxTimerTaskStack    0x460             build/main.o
xQueueRegistry      0x140             build//home/sam/Downloads/FreeRTOSv202104.00/FreeRTOS/Source/queue.o
xMediumPriorityTask
                    0x8               build//home/sam/Downloads/FreeRTOSv202104.00/FreeRTOS/Demo/Common/Minimal/QPeek.o
RecorderData        0x2b9bc           build//home/sam/Downloads/FreeRTOSv202104.00/FreeRTOS-Plus/Source/FreeRTOS-Plus-Trace/trcSnapshotRecorder.o
outgoing_urc_queue  0x8               build/parser_state.o
init_hwtc_count     0x4               build//home/sam/Downloads/FreeRTOSv202104.00/FreeRTOS-Plus/Source/FreeRTOS-Plus-Trace/trcSnapshotRecorder.o
incoming_udp_q      0x8               build/net_adaptor.o
xQueueSetReceivingTask
                    0x8               build//home/sam/Downloads/FreeRTOSv202104.00/FreeRTOS/Demo/Common/Minimal/QueueSet.o
xSuspendedTestQueue
                    0x8               build//home/sam/Downloads/FreeRTOSv202104.00/FreeRTOS/Demo/Common/Minimal/dynamic.o
xHighestPriorityTask
                    0x8               build//home/sam/Downloads/FreeRTOSv202104.00/FreeRTOS/Demo/Common/Minimal/QPeek.o
xCreatedTask        0x8               build//home/sam/Downloads/FreeRTOSv202104.00/FreeRTOS/Demo/Common/Minimal/death.o
outgoing_udp_q      0x8               build/net_adaptor.o
xStdioMutex         0x8               build/console.o

Discarded input sections

 .note.GNU-stack
                0x0000000000000000        0x0 /usr/lib/gcc/x86_64-linux-gnu/9/../../../x86_64-linux-gnu/Scrt1.o
 .note.gnu.property
                0x0000000000000000       0x20 /usr/lib/gcc/x86_64-linux-gnu/9/../../../x86_64-linux-gnu/crti.o
 .note.GNU-stack
                0x0000000000000000        0x0 /usr/lib/gcc/x86_64-linux-gnu/9/../../../x86_64-linux-gnu/crti.o
 .note.GNU-stack
                0x0000000000000000        0x0 /usr/lib/gcc/x86_64-linux-gnu/9/crtbeginS.o
 .note.gnu.property
                0x0000000000000000       0x20 /usr/lib/gcc/x86_64-linux-gnu/9/crtbeginS.o
 .group         0x0000000000000000        0xc build/urc_handler.o
 .group         0x0000000000000000        0xc build/urc_handler.o
 .group         0x0000000000000000        0xc build/urc_handler.o
 .group         0x0000000000000000        0xc build/urc_handler.o
 .group         0x0000000000000000        0xc build/urc_handler.o
 .group         0x0000000000000000        0xc build/urc_handler.o
 .group         0x0000000000000000        0xc build/urc_handler.o
 .group         0x0000000000000000        0xc build/urc_handler.o
 .group         0x0000000000000000        0xc build/urc_handler.o
 .group         0x0000000000000000        0xc build/urc_handler.o
 .group         0x0000000000000000        0xc build/urc_handler.o
 .group         0x0000000000000000        0xc build/urc_handler.o
 .group         0x0000000000000000        0xc build/urc_handler.o
 .group         0x0000000000000000        0xc build/urc_handler.o
 .group         0x0000000000000000        0xc build/urc_handler.o
 .group         0x0000000000000000        0xc build/urc_handler.o
 .group         0x0000000000000000        0xc build/urc_handler.o
 .group         0x0000000000000000        0xc build/urc_handler.o
 .group         0x0000000000000000        0xc build/urc_handler.o
 .group         0x0000000000000000        0xc build/urc_handler.o
 .group         0x0000000000000000        0xc build/urc_handler.o
 .group         0x0000000000000000        0xc build/urc_handler.o
 .group         0x0000000000000000        0xc build/urc_handler.o
 .group         0x0000000000000000        0xc build/urc_handler.o
 .group         0x0000000000000000        0xc build/urc_handler.o
 .group         0x0000000000000000        0xc build/urc_handler.o
 .group         0x0000000000000000        0xc build/urc_handler.o
 .group         0x0000000000000000        0xc build/urc_handler.o
 .group         0x0000000000000000        0xc build/urc_handler.o
 .group         0x0000000000000000        0xc build/urc_handler.o
[...]
Memory Configuration

Name             Origin             Length             Attributes
*default*        0x0000000000000000 0xffffffffffffffff

Linker script and memory map

LOAD /usr/lib/gcc/x86_64-linux-gnu/9/../../../x86_64-linux-gnu/Scrt1.o
LOAD /usr/lib/gcc/x86_64-linux-gnu/9/../../../x86_64-linux-gnu/crti.o
LOAD /usr/lib/gcc/x86_64-linux-gnu/9/crtbeginS.o
LOAD build/urc_handler.o
LOAD build/state_core.o
LOAD build/main_full.o
LOAD build/network_test.o
LOAD build/mailbox.o
LOAD build/main.o
LOAD build/parser_state.o
LOAD build/uart_core.o
LOAD build/network_state.o
LOAD build/console.o
LOAD build/cellular_state.o
LOAD build/at_parser.o
LOAD build/main_blinky.o
LOAD build/code_coverage_additions.o
LOAD build/net_adaptor.o
LOAD build/sim_stream.o
LOAD build/network_constants.o
LOAD build/run-time-stats-utils.o
LOAD build//home/sam/Downloads/FreeRTOSv202104.00/FreeRTOS/Source/queue.o
LOAD build//home/sam/Downloads/FreeRTOSv202104.00/FreeRTOS/Source/croutine.o
LOAD build//home/sam/Downloads/FreeRTOSv202104.00/FreeRTOS/Source/list.o
LOAD build//home/sam/Downloads/FreeRTOSv202104.00/FreeRTOS/Source/stream_buffer.o
LOAD build//home/sam/Downloads/FreeRTOSv202104.00/FreeRTOS/Source/event_groups.o
LOAD build//home/sam/Downloads/FreeRTOSv202104.00/FreeRTOS/Source/tasks.o
LOAD build//home/sam/Downloads/FreeRTOSv202104.00/FreeRTOS/Source/timers.o
LOAD build//home/sam/Downloads/FreeRTOSv202104.00/FreeRTOS/Source/portable/MemMang/heap_3.o
LOAD build//home/sam/Downloads/FreeRTOSv202104.00/FreeRTOS/Source/portable/ThirdParty/GCC/Posix/utils/wait_for_event.o
LOAD build//home/sam/Downloads/FreeRTOSv202104.00/FreeRTOS/Source/portable/ThirdParty/GCC/Posix/port.o
LOAD build//home/sam/Downloads/FreeRTOSv202104.00/FreeRTOS/Demo/Common/Minimal/AbortDelay.o
LOAD build//home/sam/Downloads/FreeRTOSv202104.00/FreeRTOS/Demo/Common/Minimal/BlockQ.o
LOAD build//home/sam/Downloads/FreeRTOSv202104.00/FreeRTOS/Demo/Common/Minimal/blocktim.o
LOAD build//home/sam/Downloads/FreeRTOSv202104.00/FreeRTOS/Demo/Common/Minimal/countsem.o
LOAD build//home/sam/Downloads/FreeRTOSv202104.00/FreeRTOS/Demo/Common/Minimal/death.o
LOAD build//home/sam/Downloads/FreeRTOSv202104.00/FreeRTOS/Demo/Common/Minimal/dynamic.o
LOAD build//home/sam/Downloads/FreeRTOSv202104.00/FreeRTOS/Demo/Common/Minimal/EventGroupsDemo.o
LOAD build//home/sam/Downloads/FreeRTOSv202104.00/FreeRTOS/Demo/Common/Minimal/flop.o
LOAD build//home/sam/Downloads/FreeRTOSv202104.00/FreeRTOS/Demo/Common/Minimal/GenQTest.o
LOAD build//home/sam/Downloads/FreeRTOSv202104.00/FreeRTOS/Demo/Common/Minimal/integer.o
LOAD build//home/sam/Downloads/FreeRTOSv202104.00/FreeRTOS/Demo/Common/Minimal/IntSemTest.o
LOAD build//home/sam/Downloads/FreeRTOSv202104.00/FreeRTOS/Demo/Common/Minimal/MessageBufferAMP.o
LOAD build//home/sam/Downloads/FreeRTOSv202104.00/FreeRTOS/Demo/Common/Minimal/MessageBufferDemo.o
LOAD build//home/sam/Downloads/FreeRTOSv202104.00/FreeRTOS/Demo/Common/Minimal/PollQ.o
LOAD build//home/sam/Downloads/FreeRTOSv202104.00/FreeRTOS/Demo/Common/Minimal/QPeek.o
LOAD build//home/sam/Downloads/FreeRTOSv202104.00/FreeRTOS/Demo/Common/Minimal/QueueOverwrite.o
LOAD build//home/sam/Downloads/FreeRTOSv202104.00/FreeRTOS/Demo/Common/Minimal/QueueSet.o
LOAD build//home/sam/Downloads/FreeRTOSv202104.00/FreeRTOS/Demo/Common/Minimal/QueueSetPolling.o
LOAD build//home/sam/Downloads/FreeRTOSv202104.00/FreeRTOS/Demo/Common/Minimal/recmutex.o
LOAD build//home/sam/Downloads/FreeRTOSv202104.00/FreeRTOS/Demo/Common/Minimal/semtest.o
LOAD build//home/sam/Downloads/FreeRTOSv202104.00/FreeRTOS/Demo/Common/Minimal/StaticAllocation.o
LOAD build//home/sam/Downloads/FreeRTOSv202104.00/FreeRTOS/Demo/Common/Minimal/StreamBufferDemo.o
LOAD build//home/sam/Downloads/FreeRTOSv202104.00/FreeRTOS/Demo/Common/Minimal/StreamBufferInterrupt.o
LOAD build//home/sam/Downloads/FreeRTOSv202104.00/FreeRTOS/Demo/Common/Minimal/TaskNotify.o
LOAD build//home/sam/Downloads/FreeRTOSv202104.00/FreeRTOS/Demo/Common/Minimal/TimerDemo.o
LOAD build//home/sam/Downloads/FreeRTOSv202104.00/FreeRTOS-Plus/Source/FreeRTOS-Plus-Trace/trcKernelPort.o
LOAD build//home/sam/Downloads/FreeRTOSv202104.00/FreeRTOS-Plus/Source/FreeRTOS-Plus-Trace/trcSnapshotRecorder.o
LOAD build//home/sam/Downloads/FreeRTOSv202104.00/FreeRTOS-Plus/Source/FreeRTOS-Plus-Trace/trcStreamingRecorder.o
LOAD build//home/sam/Downloads/FreeRTOSv202104.00/FreeRTOS-Plus/Source/FreeRTOS-Plus-Trace/streamports/File/trcStreamingPort.o
LOAD /usr/lib/gcc/x86_64-linux-gnu/9/../../../x86_64-linux-gnu/libpcap.so
LOAD /usr/lib/gcc/x86_64-linux-gnu/9/libgcc.a
LOAD /usr/lib/gcc/x86_64-linux-gnu/9/libgcc_s.so
START GROUP
LOAD /usr/lib/gcc/x86_64-linux-gnu/9/../../../x86_64-linux-gnu/libgcc_s.so.1
LOAD /usr/lib/gcc/x86_64-linux-gnu/9/libgcc.a
END GROUP
LOAD /usr/lib/gcc/x86_64-linux-gnu/9/../../../x86_64-linux-gnu/libpthread.so
LOAD /usr/lib/gcc/x86_64-linux-gnu/9/../../../x86_64-linux-gnu/libc.so
START GROUP
LOAD /lib/x86_64-linux-gnu/libc.so.6
LOAD /usr/lib/x86_64-linux-gnu/libc_nonshared.a
LOAD /lib/x86_64-linux-gnu/ld-linux-x86-64.so.2
END GROUP
LOAD /usr/lib/gcc/x86_64-linux-gnu/9/libgcc.a
LOAD /usr/lib/gcc/x86_64-linux-gnu/9/libgcc_s.so
START GROUP
LOAD /usr/lib/gcc/x86_64-linux-gnu/9/../../../x86_64-linux-gnu/libgcc_s.so.1
LOAD /usr/lib/gcc/x86_64-linux-gnu/9/libgcc.a
END GROUP
LOAD /usr/lib/gcc/x86_64-linux-gnu/9/crtendS.o
LOAD /usr/lib/gcc/x86_64-linux-gnu/9/../../../x86_64-linux-gnu/crtn.o
                [!provide]                        PROVIDE (__executable_start = SEGMENT_START ("text-segment", 0x0))
                0x0000000000000318                . = (SEGMENT_START ("text-segment", 0x0) + SIZEOF_HEADERS)

.interp         0x0000000000000318       0x1c
 *(.interp)
 .interp        0x0000000000000318       0x1c /usr/lib/gcc/x86_64-linux-gnu/9/../../../x86_64-linux-gnu/Scrt1.o

.note.gnu.property
                0x0000000000000338       0x20
 .note.gnu.property
                0x0000000000000338       0x20 /usr/lib/gcc/x86_64-linux-gnu/9/../../../x86_64-linux-gnu/Scrt1.o

.note.gnu.build-id
                0x0000000000000358       0x24
 *(.note.gnu.build-id)
 .note.gnu.build-id
                0x0000000000000358       0x24 /usr/lib/gcc/x86_64-linux-gnu/9/../../../x86_64-linux-gnu/Scrt1.o

.note.ABI-tag   0x000000000000037c       0x20
 .note.ABI-tag  0x000000000000037c       0x20 /usr/lib/gcc/x86_64-linux-gnu/9/../../../x86_64-linux-gnu/Scrt1.o

.hash
 *(.hash)

.gnu.hash       0x00000000000003a0       0x28
 *(.gnu.hash)
 .gnu.hash      0x00000000000003a0       0x28 /usr/lib/gcc/x86_64-linux-gnu/9/../../../x86_64-linux-gnu/Scrt1.o

.dynsym         0x00000000000003c8      0x618
 *(.dynsym)
 .dynsym        0x00000000000003c8      0x618 /usr/lib/gcc/x86_64-linux-gnu/9/../../../x86_64-linux-gnu/Scrt1.o

.dynstr         0x00000000000009e0      0x359
 *(.dynstr)
 .dynstr        0x00000000000009e0      0x359 /usr/lib/gcc/x86_64-linux-gnu/9/../../../x86_64-linux-gnu/Scrt1.o

.gnu.version    0x0000000000000d3a       0x82
 *(.gnu.version)
 .gnu.version   0x0000000000000d3a       0x82 /usr/lib/gcc/x86_64-linux-gnu/9/../../../x86_64-linux-gnu/Scrt1.o

.gnu.version_d  0x0000000000000dc0        0x0
 *(.gnu.version_d)
 .gnu.version_d
                0x0000000000000dc0        0x0 /usr/lib/gcc/x86_64-linux-gnu/9/../../../x86_64-linux-gnu/Scrt1.o

.gnu.version_r  0x0000000000000dc0       0x90
 *(.gnu.version_r)
 .gnu.version_r
                0x0000000000000dc0       0x90 /usr/lib/gcc/x86_64-linux-gnu/9/../../../x86_64-linux-gnu/Scrt1.o

.rela.dyn       0x0000000000000e50      0x600
 *(.rela.init)
 *(.rela.text .rela.text.* .rela.gnu.linkonce.t.*)
 .rela.text     0x0000000000000e50        0x0 /usr/lib/gcc/x86_64-linux-gnu/9/../../../x86_64-linux-gnu/Scrt1.o
 *(.rela.fini)
 *(.rela.rodata .rela.rodata.* .rela.gnu.linkonce.r.*)
 *(.rela.data .rela.data.* .rela.gnu.linkonce.d.*)
 .rela.data.rel.ro
                0x0000000000000e50        0x0 /usr/lib/gcc/x86_64-linux-gnu/9/../../../x86_64-linux-gnu/Scrt1.o
 .rela.data.rel.local
                0x0000000000000e50      0x540 /usr/lib/gcc/x86_64-linux-gnu/9/../../../x86_64-linux-gnu/Scrt1.o
 *(.rela.tdata .rela.tdata.* .rela.gnu.linkonce.td.*)
 *(.rela.tbss .rela.tbss.* .rela.gnu.linkonce.tb.*)
 *(.rela.ctors)
 *(.rela.dtors)
 *(.rela.got)
 .rela.got      0x0000000000001390       0x78 /usr/lib/gcc/x86_64-linux-gnu/9/../../../x86_64-linux-gnu/Scrt1.o
 *(.rela.bss .rela.bss.* .rela.gnu.linkonce.b.*)
 .rela.bss      0x0000000000001408       0x18 /usr/lib/gcc/x86_64-linux-gnu/9/../../../x86_64-linux-gnu/Scrt1.o
 *(.rela.ldata .rela.ldata.* .rela.gnu.linkonce.l.*)
 *(.rela.lbss .rela.lbss.* .rela.gnu.linkonce.lb.*)
 *(.rela.lrodata .rela.lrodata.* .rela.gnu.linkonce.lr.*)
 *(.rela.ifunc)
 .rela.ifunc    0x0000000000001420        0x0 /usr/lib/gcc/x86_64-linux-gnu/9/../../../x86_64-linux-gnu/Scrt1.o
 .rela.fini_array
                0x0000000000001420       0x18 /usr/lib/gcc/x86_64-linux-gnu/9/../../../x86_64-linux-gnu/Scrt1.o
 .rela.init_array
                0x0000000000001438       0x18 /usr/lib/gcc/x86_64-linux-gnu/9/../../../x86_64-linux-gnu/Scrt1.o

.rela.plt       0x0000000000001450      0x570
 *(.rela.plt)
 .rela.plt      0x0000000000001450      0x570 /usr/lib/gcc/x86_64-linux-gnu/9/../../../x86_64-linux-gnu/Scrt1.o
 *(.rela.iplt)
                0x0000000000002000                . = ALIGN (CONSTANT (MAXPAGESIZE))

.init           0x0000000000002000       0x1b
 *(SORT_NONE(.init))
 .init          0x0000000000002000       0x16 /usr/lib/gcc/x86_64-linux-gnu/9/../../../x86_64-linux-gnu/crti.o
                0x0000000000002000                _init
 .init          0x0000000000002016        0x5 /usr/lib/gcc/x86_64-linux-gnu/9/../../../x86_64-linux-gnu/crtn.o

.plt            0x0000000000002020      0x3b0
 *(.plt)
 .plt           0x0000000000002020      0x3b0 /usr/lib/gcc/x86_64-linux-gnu/9/../../../x86_64-linux-gnu/Scrt1.o
 *(.iplt)

.plt.got        0x00000000000023d0       0x10
 *(.plt.got)
 .plt.got       0x00000000000023d0       0x10 /usr/lib/gcc/x86_64-linux-gnu/9/../../../x86_64-linux-gnu/Scrt1.o
                0x00000000000023d0                __cxa_finalize@@GLIBC_2.2.5

.plt.sec        0x00000000000023e0      0x3a0
 *(.plt.sec)
 .plt.sec       0x00000000000023e0      0x3a0 /usr/lib/gcc/x86_64-linux-gnu/9/../../../x86_64-linux-gnu/Scrt1.o
                0x00000000000023e0                free@@GLIBC_2.2.5
                0x00000000000023f0                putchar@@GLIBC_2.2.5
                0x0000000000002400                pthread_create@@GLIBC_2.2.5
                0x0000000000002410                pthread_sigmask@@GLIBC_2.2.5
                0x0000000000002420                abort@@GLIBC_2.2.5
                0x0000000000002430                __errno_location@@GLIBC_2.2.5
                0x0000000000002440                strncpy@@GLIBC_2.2.5
                0x0000000000002450                strncmp@@GLIBC_2.2.5
                0x0000000000002460                puts@@GLIBC_2.2.5
                0x0000000000002470                pthread_cancel@@GLIBC_2.2.5
                0x0000000000002480                pthread_attr_setstack@@GLIBC_2.2.5
                0x0000000000002490                sigaction@@GLIBC_2.2.5
                0x00000000000024a0                clock_gettime@@GLIBC_2.17
                0x00000000000024b0                pthread_kill@@GLIBC_2.2.5
                0x00000000000024c0                pthread_cond_wait@@GLIBC_2.3.2
                0x00000000000024d0                pthread_once@@GLIBC_2.2.5
                0x00000000000024e0                fclose@@GLIBC_2.2.5
                0x00000000000024f0                strlen@@GLIBC_2.2.5
                0x0000000000002500                __stack_chk_fail@@GLIBC_2.4
                0x0000000000002510                printf@@GLIBC_2.2.5
                0x0000000000002520                pthread_mutex_destroy@@GLIBC_2.2.5
                0x0000000000002530                memset@@GLIBC_2.2.5
                0x0000000000002540                ioctl@@GLIBC_2.2.5
                0x0000000000002550                read@@GLIBC_2.2.5
                0x0000000000002560                memcmp@@GLIBC_2.2.5
                0x0000000000002570                pthread_attr_init@@GLIBC_2.2.5
                0x0000000000002580                pthread_cond_signal@@GLIBC_2.3.2
                0x0000000000002590                strcmp@@GLIBC_2.2.5
                0x00000000000025a0                fprintf@@GLIBC_2.2.5
                0x00000000000025b0                sigemptyset@@GLIBC_2.2.5
                0x00000000000025c0                strtol@@GLIBC_2.2.5
                0x00000000000025d0                sigfillset@@GLIBC_2.2.5
                0x00000000000025e0                memcpy@@GLIBC_2.14
                0x00000000000025f0                select@@GLIBC_2.2.5
                0x0000000000002600                pthread_cond_init@@GLIBC_2.3.2
                0x0000000000002610                pthread_mutex_unlock@@GLIBC_2.2.5
                0x0000000000002620                pthread_exit@@GLIBC_2.2.5
                0x0000000000002630                malloc@@GLIBC_2.2.5
                0x0000000000002640                vprintf@@GLIBC_2.2.5
                0x0000000000002650                setitimer@@GLIBC_2.2.5
                0x0000000000002660                pthread_self@@GLIBC_2.2.5
                0x0000000000002670                pthread_cond_timedwait@@GLIBC_2.3.2
                0x0000000000002680                pthread_cond_destroy@@GLIBC_2.3.2
                0x0000000000002690                times@@GLIBC_2.2.5
                0x00000000000026a0                fopen@@GLIBC_2.2.5
                0x00000000000026b0                sigdelset@@GLIBC_2.2.5
                0x00000000000026c0                strtok@@GLIBC_2.2.5
                0x00000000000026d0                getitimer@@GLIBC_2.2.5
                0x00000000000026e0                pthread_join@@GLIBC_2.2.5
                0x00000000000026f0                sigwait@@GLIBC_2.2.5
                0x0000000000002700                sprintf@@GLIBC_2.2.5
                0x0000000000002710                fwrite@@GLIBC_2.2.5
                0x0000000000002720                strerror@@GLIBC_2.2.5
                0x0000000000002730                pthread_mutex_init@@GLIBC_2.2.5
                0x0000000000002740                sigaddset@@GLIBC_2.2.5
                0x0000000000002750                pthread_mutex_lock@@GLIBC_2.2.5
                0x0000000000002760                __ctype_b_loc@@GLIBC_2.3
                0x0000000000002770                usleep@@GLIBC_2.2.5

.text           0x0000000000002780    0x2b8f5
 *(.text.unlikely .text.*_unlikely .text.unlikely.*)
 *(.text.exit .text.exit.*)
 *(.text.startup .text.startup.*)
 *(.text.hot .text.hot.*)
 *(SORT_BY_NAME(.text.sorted.*))
 *(.text .stub .text.* .gnu.linkonce.t.*)
 .text          0x0000000000002780       0x2f /usr/lib/gcc/x86_64-linux-gnu/9/../../../x86_64-linux-gnu/Scrt1.o
                0x0000000000002780                _start
 .text          0x00000000000027af        0x0 /usr/lib/gcc/x86_64-linux-gnu/9/../../../x86_64-linux-gnu/crti.o
 *fill*         0x00000000000027af        0x1 
 .text          0x00000000000027b0       0xb9 /usr/lib/gcc/x86_64-linux-gnu/9/crtbeginS.o
 .text          0x0000000000002869        0x0 build/urc_handler.o
 .text          0x0000000000002869     0x107c build/state_core.o
                0x0000000000002869                add_event_consumer
                0x000000000000312f                state_post_event
                0x0000000000003467                state_core_spawner
                0x00000000000034f8                start_new_state_machine
 .text          0x00000000000038e5        0x0 build/main_full.o
 .text          0x00000000000038e5      0xafe build/network_test.o
                0x0000000000003953                network_test
                0x00000000000039b1                network_test_cmd
 .text          0x00000000000043e3      0x71c build/mailbox.o
                0x000000000000473c                create_mailbox_freertos_objects
                0x0000000000004837                mailbox_wait
                0x0000000000004951                mailbox_post
                0x0000000000004a3a                get_mailbox_sem
                0x0000000000004ad6                put_mailbox_sem
 .text          0x0000000000004aff      0x3f4 build/main.o
                0x0000000000004aff                main
                0x0000000000004b7b                vApplicationMallocFailedHook
                0x0000000000004b97                vApplicationIdleHook
                0x0000000000004bb1                vApplicationStackOverflowHook
                0x0000000000004bd9                vApplicationTickHook
                0x0000000000004ccb                vLoggingPrintf
                0x0000000000004d9a                vApplicationDaemonTaskStartupHook
                0x0000000000004da5                vAssertCalled
                0x0000000000004e79                vApplicationGetIdleTaskMemory
                0x0000000000004eb6                vApplicationGetTimerTaskMemory
 .text          0x0000000000004ef3     0x1670 build/parser_state.o
                0x000000000000653c                parser_state_spawner
 .text          0x0000000000006563       0xa8 build/uart_core.o
                0x0000000000006563                at_incomming_peek
                0x0000000000006600                spawn_uart_thread
 .text          0x000000000000660b     0x24d7 build/network_state.o
                0x000000000000660b                dummy_callback
                0x0000000000006b87                set_urc_handler
                0x0000000000006c5e                pop_urc_handler
                0x0000000000006ceb                handle_cereg_urc
                0x0000000000006fda                verify_cgact
                0x000000000000711a                verify_kcnxfg
                0x00000000000072a8                verify_cereg
                0x000000000000743a                verify_cfun
                0x0000000000007617                set_cfun
                0x00000000000077f7                verify_kudpcfg
                0x0000000000007991                send_cmd
                0x0000000000007da3                send_write
                0x00000000000081a4                send_read
                0x0000000000008584                get_net_state_cmd
                0x0000000000008713                get_net_state_token
                0x0000000000008970                driver_b
                0x0000000000008a47                network_test_thread
                0x0000000000008a6d                network_driver
 .text          0x0000000000008ae2      0x126 build/console.o
                0x0000000000008ae2                console_init
                0x0000000000008b05                console_print
 .text          0x0000000000008c08        0x0 build/cellular_state.o
 .text          0x0000000000008c08     0x2ec1 build/at_parser.o
                0x0000000000008ea6                get_type_cmd
                0x00000000000090d1                get_type
                0x0000000000009346                verify_urc_and_parse
                0x000000000000972b                at_print_lines
                0x00000000000097bf                check_for_type
                0x00000000000098e8                at_line_explode
                0x000000000000a051                clear_at_parsed_struct
                0x000000000000a072                get_parsed_struct
                0x000000000000a083                clear_parsed_struct
                0x000000000000a0a4                get_urc_parsed_struct
                0x000000000000a0b5                is_connect_line
                0x000000000000a17e                is_status_line
                0x000000000000a49a                at_parser_delimiter_hunter
                0x000000000000aa50                at_parser_stringer
                0x000000000000ab6b                print_parsed
                0x000000000000acfb                print_parsed_urc
                0x000000000000ae01                parser_test
 .text          0x000000000000bac9      0x240 build/main_blinky.o
                0x000000000000bac9                main_blinky
 .text          0x000000000000bd09      0xc1b build/code_coverage_additions.o
                0x000000000000c8cb                xRunCodeCoverageTestAdditions
 .text          0x000000000000c924      0x300 build/net_adaptor.o
                0x000000000000c9f6                enqueue_udp_write
                0x000000000000cb93                net_adaptor_spawner
 .text          0x000000000000cc24      0x783 build/sim_stream.o
                0x000000000000ce34                start_sim_write
                0x000000000000ced6                set_current_cmd
                0x000000000000d00c                at_incomming_get_stream
                0x000000000000d0bd                at_command_issue_hal
                0x000000000000d2b0                sim_stream_test
                0x000000000000d31e                reset_sim_state_machine
 .text          0x000000000000d3a7      0x47d build/network_constants.o
                0x000000000000d3a7                create_cgact_cmd
                0x000000000000d46a                create_cfun_en_cmd
                0x000000000000d52d                create_kcnxcfg_cmd
                0x000000000000d5f7                create_kudpsend_cmd
                0x000000000000d6d7                create_kudprcv_cmd
 .text          0x000000000000d824       0xbd build/run-time-stats-utils.o
                0x000000000000d824                vConfigureTimerForRunTimeStats
                0x000000000000d880                ulGetRunTimeCounterValue
 .text          0x000000000000d8e1     0x381b build//home/sam/Downloads/FreeRTOSv202104.00/FreeRTOS/Source/queue.o
                0x000000000000d8e1                xQueueGenericReset
                0x000000000000d9fd                xQueueGenericCreateStatic
                0x000000000000db55                xQueueGenericCreate
                0x000000000000dec8                xQueueCreateMutex
                0x000000000000df16                xQueueCreateMutexStatic
                0x000000000000df74                xQueueGetMutexHolder
                0x000000000000dfbe                xQueueGetMutexHolderFromISR
                0x000000000000e00e                xQueueGiveMutexRecursive
                0x000000000000e143                xQueueTakeMutexRecursive
                0x000000000000e1e5                xQueueCreateCountingSemaphoreStatic
                0x000000000000e270                xQueueCreateCountingSemaphore
                0x000000000000e2ea                xQueueGenericSend
                0x000000000000e8dc                xQueueGenericSendFromISR
                0x000000000000ec11                xQueueGiveFromISR
                0x000000000000ec3f                MyWrapper_xQueueGiveFromISR
                0x000000000000ef36                xQueueReceive
                0x000000000000f4c7                xQueueSemaphoreTake
                0x000000000000fac5                xQueuePeek
                0x000000000000ffe3                xQueueReceiveFromISR
                0x000000000001026f                xQueuePeekFromISR
                0x0000000000010361                uxQueueMessagesWaiting
                0x00000000000103a5                uxQueueSpacesAvailable
                0x00000000000103ff                uxQueueMessagesWaitingFromISR
                0x0000000000010441                vQueueDelete
                0x0000000000010632                uxQueueGetQueueNumber
                0x000000000001064b                vQueueSetQueueNumber
                0x000000000001066d                ucQueueGetQueueType
                0x0000000000010a12                xQueueIsQueueEmptyFromISR
                0x0000000000010aae                xQueueIsQueueFullFromISR
                0x0000000000010b0b                vQueueAddToRegistry
                0x0000000000010bd2                pcQueueGetName
                0x0000000000010c3a                vQueueUnregisterQueue
                0x0000000000010cb2                vQueueWaitForMessageRestricted
                0x0000000000010d47                xQueueCreateSet
                0x0000000000010d77                xQueueAddToSet
                0x0000000000010de3                xQueueRemoveFromSet
                0x0000000000010e58                xQueueSelectFromSet
                0x0000000000010eb4                xQueueSelectFromSetFromISR
 .text          0x00000000000110fc        0x0 build//home/sam/Downloads/FreeRTOSv202104.00/FreeRTOS/Source/croutine.o
 .text          0x00000000000110fc      0x21f build//home/sam/Downloads/FreeRTOSv202104.00/FreeRTOS/Source/list.o
                0x00000000000110fc                vListInitialise
                0x0000000000011152                vListInitialiseItem
                0x000000000001116d                vListInsertEnd
                0x00000000000111e2                vListInsert
                0x0000000000011296                uxListRemove
 .text          0x000000000001131b     0x1de3 build//home/sam/Downloads/FreeRTOSv202104.00/FreeRTOS/Source/stream_buffer.o
                0x000000000001131b                xStreamBufferGenericCreate
                0x000000000001156a                xStreamBufferGenericCreateStatic
                0x0000000000011805                vStreamBufferDelete
                0x00000000000119b8                xStreamBufferReset
                0x0000000000011b38                xStreamBufferSetTriggerLevel
                0x0000000000011bad                xStreamBufferSpacesAvailable
                0x0000000000011c24                xStreamBufferBytesAvailable
                0x0000000000011c6a                xStreamBufferSend
                0x0000000000012097                xStreamBufferSendFromISR
                0x000000000001239d                xStreamBufferReceive
                0x000000000001272f                xStreamBufferNextMessageLengthBytes
                0x0000000000012817                xStreamBufferReceiveFromISR
                0x0000000000012b21                xStreamBufferIsEmpty
                0x0000000000012b82                xStreamBufferIsFull
                0x0000000000012c00                xStreamBufferSendCompletedFromISR
                0x0000000000012ca6                xStreamBufferReceiveCompletedFromISR
                0x00000000000130b0                uxStreamBufferGetStreamBufferNumber
                0x00000000000130c6                vStreamBufferSetStreamBufferNumber
                0x00000000000130e5                ucStreamBufferGetStreamBufferType
 .text          0x00000000000130fe      0xfbe build//home/sam/Downloads/FreeRTOSv202104.00/FreeRTOS/Source/event_groups.o
                0x00000000000130fe                xEventGroupCreateStatic
                0x0000000000013274                xEventGroupCreate
                0x00000000000133b1                xEventGroupSync
                0x00000000000136b0                xEventGroupWaitBits
                0x0000000000013a37                xEventGroupClearBits
                0x0000000000013b20                xEventGroupClearBitsFromISR
                0x0000000000013ba4                xEventGroupGetBitsFromISR
                0x0000000000013be2                xEventGroupSetBits
                0x0000000000013dde                vEventGroupDelete
                0x0000000000013f2a                vEventGroupSetBitsCallback
                0x0000000000013f52                vEventGroupClearBitsCallback
                0x0000000000013fd0                xEventGroupSetBitsFromISR
                0x0000000000014066                uxEventGroupGetNumber
                0x000000000001409d                vEventGroupSetNumber
 .text          0x00000000000140bc     0x465f build//home/sam/Downloads/FreeRTOSv202104.00/FreeRTOS/Source/tasks.o
                0x00000000000140bc                xTaskCreateStatic
                0x00000000000141da                xTaskCreate
                0x00000000000146fb                vTaskDelete
                0x0000000000014a29                xTaskDelayUntil
                0x0000000000014bbf                vTaskDelay
                0x0000000000014ca5                eTaskGetState
                0x0000000000014dc6                uxTaskPriorityGet
                0x0000000000014e0a                uxTaskPriorityGetFromISR
                0x0000000000014e59                vTaskPrioritySet
                0x00000000000150dd                vTaskSuspend
                0x00000000000152fb                vTaskResume
                0x0000000000015471                xTaskResumeFromISR
                0x00000000000155fd                vTaskStartScheduler
                0x000000000001575b                vTaskEndScheduler
                0x000000000001577b                vTaskSuspendAll
                0x0000000000015798                xTaskResumeAll
                0x0000000000015963                xTaskGetTickCount
                0x000000000001597c                xTaskGetTickCountFromISR
                0x000000000001599d                uxTaskGetNumberOfTasks
                0x00000000000159ae                pcTaskGetName
                0x0000000000015b58                xTaskGetHandle
                0x0000000000015c66                uxTaskGetSystemState
                0x0000000000015df2                xTaskGetIdleTaskHandle
                0x0000000000015e20                xTaskCatchUpTicks
                0x0000000000015e76                xTaskAbortDelay
                0x0000000000015fc8                xTaskIncrementTick
                0x000000000001627a                vTaskSetApplicationTaskTag
                0x00000000000162c6                xTaskGetApplicationTaskTag
                0x000000000001630d                xTaskGetApplicationTaskTagFromISR
                0x000000000001635f                xTaskCallApplicationTaskHook
                0x00000000000163c7                vTaskSwitchContext
                0x0000000000016559                vTaskPlaceOnEventList
                0x00000000000165b3                vTaskPlaceOnUnorderedEventList
                0x0000000000016642                vTaskPlaceOnEventListRestricted
                0x0000000000016734                xTaskRemoveFromEventList
                0x0000000000016876                vTaskRemoveFromUnorderedEventList
                0x00000000000169a6                vTaskSetTimeOutState
                0x00000000000169f8                vTaskInternalSetTimeOutState
                0x0000000000016a24                xTaskCheckForTimeOut
                0x0000000000016b61                vTaskMissedYield
                0x0000000000016b77                uxTaskGetTaskNumber
                0x0000000000016bb1                vTaskSetTaskNumber
                0x0000000000016d28                vTaskGetInfo
                0x0000000000016fbb                uxTaskGetStackHighWaterMark2
                0x0000000000017003                uxTaskGetStackHighWaterMark
                0x0000000000017114                xTaskGetCurrentTaskHandle
                0x000000000001712d                xTaskGetSchedulerState
                0x000000000001716f                xTaskPriorityInherit
                0x0000000000017390                xTaskPriorityDisinherit
                0x000000000001759e                vTaskPriorityDisinheritAfterTimeout
                0x00000000000177e5                uxTaskResetEventItemValue
                0x0000000000017823                pvTaskIncrementMutexHeldCount
                0x0000000000017859                ulTaskGenericNotifyTake
                0x0000000000017ae7                xTaskGenericNotifyWait
                0x0000000000017d4e                xTaskGenericNotify
                0x000000000001800e                xTaskGenericNotifyFromISR
                0x0000000000018303                vTaskGenericNotifyGiveFromISR
                0x000000000001850f                xTaskGenericNotifyStateClear
                0x00000000000185a1                ulTaskGenericNotifyValueClear
                0x000000000001861b                ulTaskGetIdleRunTimeCounter
 .text          0x000000000001871b     0x146c build//home/sam/Downloads/FreeRTOSv202104.00/FreeRTOS/Source/timers.o
                0x000000000001871b                xTimerCreateTimerTask
                0x00000000000187fa                xTimerCreate
                0x0000000000018863                xTimerCreateStatic
                0x0000000000018a75                xTimerGenericCommand
                0x0000000000018db5                xTimerGetTimerDaemonTaskHandle
                0x0000000000018de3                xTimerGetPeriod
                0x0000000000018e1d                vTimerSetReloadMode
                0x0000000000018e8f                uxTimerGetReloadMode
                0x0000000000018ef3                xTimerGetExpiryTime
                0x0000000000018f35                pcTimerGetName
                0x0000000000019844                xTimerIsTimerActive
                0x00000000000198a8                pvTimerGetTimerID
                0x00000000000198f4                vTimerSetTimerID
                0x0000000000019941                xTimerPendFunctionCallFromISR
                0x00000000000199f8                xTimerPendFunctionCall
                0x0000000000019b52                uxTimerGetTimerNumber
                0x0000000000019b68                vTimerSetTimerNumber
 .text          0x0000000000019b87       0xb6 build//home/sam/Downloads/FreeRTOSv202104.00/FreeRTOS/Source/portable/MemMang/heap_3.o
                0x0000000000019b87                pvPortMalloc
                0x0000000000019bf8                vPortFree
 .text          0x0000000000019c3d      0x205 build//home/sam/Downloads/FreeRTOSv202104.00/FreeRTOS/Source/portable/ThirdParty/GCC/Posix/utils/wait_for_event.o
                0x0000000000019c3d                event_create
                0x0000000000019c8b                event_delete
                0x0000000000019cc6                event_wait
                0x0000000000019d25                event_wait_timed
                0x0000000000019dff                event_signal
 .text          0x0000000000019e42      0x95d build//home/sam/Downloads/FreeRTOSv202104.00/FreeRTOS/Source/portable/ThirdParty/GCC/Posix/port.o
                0x0000000000019ea3                pxPortInitialiseStack
                0x0000000000019fee                xPortStartScheduler
                0x000000000001a0b7                vPortEndScheduler
                0x000000000001a1b1                vPortEnterCritical
                0x000000000001a1df                vPortExitCritical
                0x000000000001a20d                vPortYieldFromISR
                0x000000000001a256                vPortYield
                0x000000000001a270                vPortDisableInterrupts
                0x000000000001a291                vPortEnableInterrupts
                0x000000000001a2b2                xPortSetInterruptMask
                0x000000000001a2c1                vPortClearInterruptMask
                0x000000000001a45a                vPortThreadDying
                0x000000000001a48d                vPortCancelThread
                0x000000000001a75e                ulPortGetRunTime
 .text          0x000000000001a79f      0xc6f build//home/sam/Downloads/FreeRTOSv202104.00/FreeRTOS/Demo/Common/Minimal/AbortDelay.o
                0x000000000001a79f                vCreateAbortDelayTasks
                0x000000000001b391                xAreAbortDelayTestTasksStillRunning
 .text          0x000000000001b40e      0x4a9 build//home/sam/Downloads/FreeRTOSv202104.00/FreeRTOS/Demo/Common/Minimal/BlockQ.o
                0x000000000001b40e                vStartBlockingQueueTasks
                0x000000000001b7d2                xAreBlockingQueuesStillRunning
 .text          0x000000000001b8b7      0x955 build//home/sam/Downloads/FreeRTOSv202104.00/FreeRTOS/Demo/Common/Minimal/blocktim.o
                0x000000000001b8b7                vCreateBlockTimeTasks
                0x000000000001c18f                xAreBlockTimeTestTasksStillRunning
 .text          0x000000000001c20c      0x3fc build//home/sam/Downloads/FreeRTOSv202104.00/FreeRTOS/Demo/Common/Minimal/countsem.o
                0x000000000001c20c                vStartCountingSemaphoreTasks
                0x000000000001c588                xAreCountingSemaphoreTasksStillRunning
 .text          0x000000000001c608      0x21c build//home/sam/Downloads/FreeRTOSv202104.00/FreeRTOS/Demo/Common/Minimal/death.o
                0x000000000001c608                vCreateSuicidalTasks
                0x000000000001c790                xIsCreateTaskStillRunning
 .text          0x000000000001c824      0x533 build//home/sam/Downloads/FreeRTOSv202104.00/FreeRTOS/Demo/Common/Minimal/dynamic.o
                0x000000000001c824                vStartDynamicPriorityTasks
                0x000000000001ccca                xAreDynamicPriorityTasksStillRunning
 .text          0x000000000001cd57      0xfe9 build//home/sam/Downloads/FreeRTOSv202104.00/FreeRTOS/Demo/Common/Minimal/EventGroupsDemo.o
                0x000000000001cd57                vStartEventGroupTasks
                0x000000000001db59                vPeriodicEventGroupsProcessing
                0x000000000001dcbe                xAreEventGroupTasksStillRunning
 .text          0x000000000001dd40      0x5e6 build//home/sam/Downloads/FreeRTOSv202104.00/FreeRTOS/Demo/Common/Minimal/flop.o
                0x000000000001dd40                vStartMathTasks
                0x000000000001e2c2                xAreMathsTaskStillRunning
 .text          0x000000000001e326      0xed6 build//home/sam/Downloads/FreeRTOSv202104.00/FreeRTOS/Demo/Common/Minimal/GenQTest.o
                0x000000000001e326                vStartGenericQueueTasks
                0x000000000001f194                xAreGenericQueueTasksStillRunning
 .text          0x000000000001f1fc      0x185 build//home/sam/Downloads/FreeRTOSv202104.00/FreeRTOS/Demo/Common/Minimal/integer.o
                0x000000000001f1fc                vStartIntegerMathTasks
                0x000000000001f30e                xAreIntegerMathsTaskStillRunning
 .text          0x000000000001f381      0x882 build//home/sam/Downloads/FreeRTOSv202104.00/FreeRTOS/Demo/Common/Minimal/IntSemTest.o
                0x000000000001f381                vStartInterruptSemaphoreTasks
                0x000000000001fa9e                vInterruptSemaphorePeriodicTest
                0x000000000001fb92                xAreInterruptSemaphoreTasksStillRunning
 .text          0x000000000001fc03      0x446 build//home/sam/Downloads/FreeRTOSv202104.00/FreeRTOS/Demo/Common/Minimal/MessageBufferAMP.o
                0x000000000001fc03                vStartMessageBufferAMPTasks
                0x000000000001fecb                vGenerateCoreBInterrupt
                0x000000000001ffb9                xAreMessageBufferAMPTasksStillRunning
 .text          0x0000000000020049     0x1506 build//home/sam/Downloads/FreeRTOSv202104.00/FreeRTOS/Demo/Common/Minimal/MessageBufferDemo.o
                0x0000000000020049                vStartMessageBufferTasks
                0x000000000002141b                xAreMessageBufferTasksStillRunning
 .text          0x000000000002154f      0x25a build//home/sam/Downloads/FreeRTOSv202104.00/FreeRTOS/Demo/Common/Minimal/PollQ.o
                0x000000000002154f                vStartPolledQueueTasks
                0x000000000002175b                xArePollingQueuesStillRunning
 .text          0x00000000000217a9      0x5da build//home/sam/Downloads/FreeRTOSv202104.00/FreeRTOS/Demo/Common/Minimal/QPeek.o
                0x00000000000217a9                vStartQueuePeekTasks
                0x0000000000021d42                xAreQueuePeekTasksStillRunning
 .text          0x0000000000021d83      0x36d build//home/sam/Downloads/FreeRTOSv202104.00/FreeRTOS/Demo/Common/Minimal/QueueOverwrite.o
                0x0000000000021d83                vStartQueueOverwriteTask
                0x0000000000021f58                xIsQueueOverwriteTaskStillRunning
                0x0000000000021fa3                vQueueOverwritePeriodicISRDemo
 .text          0x00000000000220f0     0x1485 build//home/sam/Downloads/FreeRTOSv202104.00/FreeRTOS/Demo/Common/Minimal/QueueSet.o
                0x00000000000220f0                vStartQueueSetTasks
                0x000000000002216f                xAreQueueSetTasksStillRunning
                0x0000000000022517                vQueueSetAccessQueueSetFromISR
 .text          0x0000000000023575      0x1d2 build//home/sam/Downloads/FreeRTOSv202104.00/FreeRTOS/Demo/Common/Minimal/QueueSetPolling.o
                0x0000000000023575                vStartQueueSetPollingTask
                0x00000000000236ab                vQueueSetPollingInterruptAccess
                0x000000000002370f                xAreQueueSetPollTasksStillRunning
 .text          0x0000000000023747      0x4f5 build//home/sam/Downloads/FreeRTOSv202104.00/FreeRTOS/Demo/Common/Minimal/recmutex.o
                0x0000000000023747                vStartRecursiveMutexTasks
                0x0000000000023b85                xAreRecursiveMutexTasksStillRunning
 .text          0x0000000000023c3c      0x409 build//home/sam/Downloads/FreeRTOSv202104.00/FreeRTOS/Demo/Common/Minimal/semtest.o
                0x0000000000023c3c                vStartSemaphoreTasks
                0x0000000000023fc0                xAreSemaphoreTasksStillRunning
 .text          0x0000000000024045     0x1122 build//home/sam/Downloads/FreeRTOSv202104.00/FreeRTOS/Demo/Common/Minimal/StaticAllocation.o
                0x0000000000024045                vStartStaticallyAllocatedTasks
                0x000000000002510d                xAreStaticAllocationTasksStillRunning
 .text          0x0000000000025167     0x2345 build//home/sam/Downloads/FreeRTOSv202104.00/FreeRTOS/Demo/Common/Minimal/StreamBufferDemo.o
                0x0000000000025167                vStartStreamBufferTasks
                0x0000000000027065                vPeriodicStreamBufferProcessing
                0x000000000002734b                xAreStreamBufferTasksStillRunning
 .text          0x00000000000274ac      0x2a0 build//home/sam/Downloads/FreeRTOSv202104.00/FreeRTOS/Demo/Common/Minimal/StreamBufferInterrupt.o
                0x00000000000274ac                vStartStreamBufferInterruptDemo
                0x0000000000027665                vBasicStreamBufferSendFromISR
                0x0000000000027713                xIsInterruptStreamBufferDemoStillRunning
 .text          0x000000000002774c     0x11b4 build//home/sam/Downloads/FreeRTOSv202104.00/FreeRTOS/Demo/Common/Minimal/TaskNotify.o
                0x000000000002774c                vStartTaskNotifyTask
                0x00000000000286ac                xNotifyTaskFromISR
                0x0000000000028848                xAreTaskNotificationTasksStillRunning
 .text          0x0000000000028900     0x1a0e build//home/sam/Downloads/FreeRTOSv202104.00/FreeRTOS/Demo/Common/Minimal/TimerDemo.o
                0x0000000000028900                vStartTimerDemoTask
                0x0000000000028a92                xAreTimerDemoTasksStillRunning
                0x0000000000029858                vTimerPeriodicISRTests
 .text          0x000000000002a30e      0x976 build//home/sam/Downloads/FreeRTOSv202104.00/FreeRTOS-Plus/Source/FreeRTOS-Plus-Trace/trcKernelPort.o
                0x000000000002a30e                prvTraceGetQueueNumber
                0x000000000002a32c                prvTraceGetQueueType
                0x000000000002a34a                prvTraceGetTaskNumberLow16
                0x000000000002a368                prvTraceGetTaskNumberHigh16
                0x000000000002a38a                prvTraceSetTaskNumberLow16
                0x000000000002a3cd                prvTraceSetTaskNumberHigh16
                0x000000000002a410                prvTraceGetQueueNumberLow16
                0x000000000002a42e                prvTraceGetQueueNumberHigh16
                0x000000000002a44f                prvTraceSetQueueNumberLow16
                0x000000000002a491                prvTraceSetQueueNumberHigh16
                0x000000000002a4d3                prvTraceGetTimerNumberLow16
                0x000000000002a4f1                prvTraceGetTimerNumberHigh16
                0x000000000002a513                prvTraceSetTimerNumberLow16
                0x000000000002a556                prvTraceSetTimerNumberHigh16
                0x000000000002a599                prvTraceGetEventGroupNumberLow16
                0x000000000002a5b7                prvTraceGetEventGroupNumberHigh16
                0x000000000002a5d9                prvTraceSetEventGroupNumberLow16
                0x000000000002a61c                prvTraceSetEventGroupNumberHigh16
                0x000000000002a65f                prvTraceGetStreamBufferNumberLow16
                0x000000000002a67d                prvTraceGetStreamBufferNumberHigh16
                0x000000000002a69f                prvTraceSetStreamBufferNumberLow16
                0x000000000002a6e2                prvTraceSetStreamBufferNumberHigh16
                0x000000000002a725                vTraceSetQueueName
                0x000000000002a75b                vTraceSetSemaphoreName
                0x000000000002a791                vTraceSetMutexName
                0x000000000002a7c7                vTraceSetEventGroupName
                0x000000000002a7fd                vTraceSetStreamBufferName
                0x000000000002a833                vTraceSetMessageBufferName
                0x000000000002a869                prvTraceGetCurrentTaskHandle
                0x000000000002a878                vTraceEnable
                0x000000000002a8c2                vTraceInitObjectPropertyTable
                0x000000000002aab1                vTraceInitObjectHandleStack
                0x000000000002abdc                pszTraceGetErrorNotEnoughHandles
                0x000000000002ac6f                prvTraceIsSchedulerSuspended
 .text          0x000000000002ac84     0x337a build//home/sam/Downloads/FreeRTOSv202104.00/FreeRTOS-Plus/Source/FreeRTOS-Plus-Trace/trcSnapshotRecorder.o
                0x000000000002ac84                vTraceSetStopHook
                0x000000000002ac9e                vTraceClear
                0x000000000002ad63                uiTraceStart
                0x000000000002ae70                vTraceStart
                0x000000000002ae80                vTraceStop
                0x000000000002aeba                xTraceIsRecordingEnabled
                0x000000000002aee1                xTraceGetLastError
                0x000000000002aef2                vTraceClearError
                0x000000000002af25                xTraceGetTraceBuffer
                0x000000000002af36                uiTraceGetTraceBufferSize
                0x000000000002afdd                vTraceInstanceFinishedNext
                0x000000000002aff2                vTraceInstanceFinishedNow
                0x000000000002b007                xTraceSetISRProperties
                0x000000000002b0ce                vTraceStoreISRBegin
                0x000000000002b216                vTraceStoreISREnd
                0x000000000002bb05                vTracePrintF
                0x000000000002bbdc                vTraceVPrintF
                0x000000000002be60                vTracePrint
                0x000000000002bf08                xTraceRegisterString
                0x000000000002bf64                prvTraceSetReadyEventsEnabled
                0x000000000002bf7b                prvTraceStoreTaskReady
                0x000000000002c05c                prvTraceStoreLowPower
                0x000000000002c10d                vTraceStoreMemMangEvent
                0x000000000002c25f                prvTraceStoreKernelCall
                0x000000000002c382                prvTraceStoreKernelCallWithParam
                0x000000000002c54b                prvTraceStoreKernelCallWithNumericParamOnly
                0x000000000002c632                prvTraceStoreTaskswitch
                0x000000000002c739                prvTraceStoreObjectNameOnCloseEvent
                0x000000000002c82f                prvTraceStoreObjectPropertiesOnCloseEvent
                0x000000000002c959                prvTraceSetPriorityProperty
                0x000000000002c9f9                prvTraceGetPriorityProperty
                0x000000000002ca99                prvTraceSetObjectState
                0x000000000002cbd3                prvTraceSetTaskInstanceFinished
                0x000000000002cc3e                prvTraceInitTraceData
                0x000000000002cf5e                uiIndexOfObject
                0x000000000002d030                prvTraceGetObjectHandle
                0x000000000002d227                prvTraceFreeObjectHandle
                0x000000000002d31d                prvMarkObjectAsUsed
                0x000000000002d3b8                prvTraceSetObjectName
                0x000000000002d5a0                vTraceSetFrequency
                0x000000000002d5b7                prvTraceError
                0x000000000002d634                vTraceSetFilterMask
                0x000000000002d650                vTraceSetFilterGroup
                0x000000000002df45                prvTracePortGetTimeStamp
 .text          0x000000000002dffe        0x0 build//home/sam/Downloads/FreeRTOSv202104.00/FreeRTOS-Plus/Source/FreeRTOS-Plus-Trace/trcStreamingRecorder.o
 .text          0x000000000002dffe        0x0 build//home/sam/Downloads/FreeRTOSv202104.00/FreeRTOS-Plus/Source/FreeRTOS-Plus-Trace/streamports/File/trcStreamingPort.o
 *fill*         0x000000000002dffe        0x2 
 .text          0x000000000002e000       0x75 /usr/lib/x86_64-linux-gnu/libc_nonshared.a(elf-init.oS)
                0x000000000002e000                __libc_csu_init
                0x000000000002e070                __libc_csu_fini
 .text          0x000000000002e075        0x0 /usr/lib/gcc/x86_64-linux-gnu/9/crtendS.o
 .text          0x000000000002e075        0x0 /usr/lib/gcc/x86_64-linux-gnu/9/../../../x86_64-linux-gnu/crtn.o
 *(.gnu.warning)

.fini           0x000000000002e078        0xd
 *(SORT_NONE(.fini))
 .fini          0x000000000002e078        0x8 /usr/lib/gcc/x86_64-linux-gnu/9/../../../x86_64-linux-gnu/crti.o
                0x000000000002e078                _fini
 .fini          0x000000000002e080        0x5 /usr/lib/gcc/x86_64-linux-gnu/9/../../../x86_64-linux-gnu/crtn.o
                [!provide]                        PROVIDE (__etext = .)
                [!provide]                        PROVIDE (_etext = .)
                [!provide]                        PROVIDE (etext = .)
                0x000000000002f000                . = ALIGN (CONSTANT (MAXPAGESIZE))
                0x000000000002f000                . = SEGMENT_START ("rodata-segment", (ALIGN (CONSTANT (MAXPAGESIZE)) + (. & (CONSTANT (MAXPAGESIZE) - 0x1))))

.rodata         0x000000000002f000     0x39cb
 *(.rodata .rodata.* .gnu.linkonce.r.*)
 .rodata.cst4   0x000000000002f000        0x4 /usr/lib/gcc/x86_64-linux-gnu/9/../../../x86_64-linux-gnu/Scrt1.o
                0x000000000002f000                _IO_stdin_used
 *fill*         0x000000000002f004        0x4 
 .rodata        0x000000000002f008        0xc build/urc_handler.o
 *fill*         0x000000000002f014        0x4 
 .rodata        0x000000000002f018      0x2f3 build/state_core.o
 *fill*         0x000000000002f30b        0x5 
 .rodata        0x000000000002f310      0x110 build/network_test.o
 .rodata        0x000000000002f420      0x1bf build/mailbox.o
 *fill*         0x000000000002f5df        0x1 
 .rodata        0x000000000002f5e0       0xf4 build/main.o
 *fill*         0x000000000002f6d4        0x4 
 .rodata        0x000000000002f6d8      0x3f9 build/parser_state.o
 *fill*         0x000000000002fad1        0x7 
 .rodata        0x000000000002fad8       0x38 build/uart_core.o
 .rodata        0x000000000002fb10      0x5e0 build/network_state.o
 .rodata        0x00000000000300f0      0x418 build/at_parser.o
 .rodata        0x0000000000030508       0x62 build/main_blinky.o
 .rodata        0x000000000003056a       0x19 build/code_coverage_additions.o
 *fill*         0x0000000000030583        0x5 
 .rodata        0x0000000000030588       0x60 build/net_adaptor.o
 .rodata        0x00000000000305e8      0x133 build/sim_stream.o
 *fill*         0x000000000003071b        0x5 
 .rodata        0x0000000000030720       0xce build/network_constants.o
 *fill*         0x00000000000307ee        0x2 
 .rodata        0x00000000000307f0       0x3f build//home/sam/Downloads/FreeRTOSv202104.00/FreeRTOS/Source/queue.o
 *fill*         0x000000000003082f        0x1 
 .rodata        0x0000000000030830       0x47 build//home/sam/Downloads/FreeRTOSv202104.00/FreeRTOS/Source/stream_buffer.o
 *fill*         0x0000000000030877        0x1 
 .rodata        0x0000000000030878       0x46 build//home/sam/Downloads/FreeRTOSv202104.00/FreeRTOS/Source/event_groups.o
 *fill*         0x00000000000308be        0x2 
 .rodata        0x00000000000308c0       0x6c build//home/sam/Downloads/FreeRTOSv202104.00/FreeRTOS/Source/tasks.o
 *fill*         0x000000000003092c        0x4 
 .rodata        0x0000000000030930       0x75 build//home/sam/Downloads/FreeRTOSv202104.00/FreeRTOS/Source/timers.o
 *fill*         0x00000000000309a5        0x3 
 .rodata        0x00000000000309a8       0x96 build//home/sam/Downloads/FreeRTOSv202104.00/FreeRTOS/Source/portable/ThirdParty/GCC/Posix/port.o
 *fill*         0x0000000000030a3e        0x2 
 .rodata        0x0000000000030a40       0x9c build//home/sam/Downloads/FreeRTOSv202104.00/FreeRTOS/Demo/Common/Minimal/AbortDelay.o
                0x0000000000030a50                xMaxBlockTime
                0x0000000000030a58                xHalfMaxBlockTime
                0x0000000000030a60                xAllowableMargin
 .rodata        0x0000000000030adc       0x30 build//home/sam/Downloads/FreeRTOSv202104.00/FreeRTOS/Demo/Common/Minimal/BlockQ.o
 .rodata        0x0000000000030b0c       0x1f build//home/sam/Downloads/FreeRTOSv202104.00/FreeRTOS/Demo/Common/Minimal/blocktim.o
 *fill*         0x0000000000030b2b        0x5 
 .rodata        0x0000000000030b30       0x77 build//home/sam/Downloads/FreeRTOSv202104.00/FreeRTOS/Demo/Common/Minimal/countsem.o
 *fill*         0x0000000000030ba7        0x1 
 .rodata        0x0000000000030ba8       0x20 build//home/sam/Downloads/FreeRTOSv202104.00/FreeRTOS/Demo/Common/Minimal/death.o
 .rodata        0x0000000000030bc8       0x8e build//home/sam/Downloads/FreeRTOSv202104.00/FreeRTOS/Demo/Common/Minimal/dynamic.o
 *fill*         0x0000000000030c56        0x2 
 .rodata        0x0000000000030c58       0x66 build//home/sam/Downloads/FreeRTOSv202104.00/FreeRTOS/Demo/Common/Minimal/EventGroupsDemo.o
 *fill*         0x0000000000030cbe        0x2 
 .rodata        0x0000000000030cc0       0x70 build//home/sam/Downloads/FreeRTOSv202104.00/FreeRTOS/Demo/Common/Minimal/flop.o
 .rodata        0x0000000000030d30       0x8f build//home/sam/Downloads/FreeRTOSv202104.00/FreeRTOS/Demo/Common/Minimal/GenQTest.o
 .rodata        0x0000000000030dbf        0x8 build//home/sam/Downloads/FreeRTOSv202104.00/FreeRTOS/Demo/Common/Minimal/integer.o
 *fill*         0x0000000000030dc7        0x1 
 .rodata        0x0000000000030dc8       0x6e build//home/sam/Downloads/FreeRTOSv202104.00/FreeRTOS/Demo/Common/Minimal/IntSemTest.o
                0x0000000000030dc8                xInterruptGivePeriod
 *fill*         0x0000000000030e36        0x2 
 .rodata        0x0000000000030e38       0x75 build//home/sam/Downloads/FreeRTOSv202104.00/FreeRTOS/Demo/Common/Minimal/MessageBufferAMP.o
 *fill*         0x0000000000030ead        0x3 
 .rodata        0x0000000000030eb0       0xea build//home/sam/Downloads/FreeRTOSv202104.00/FreeRTOS/Demo/Common/Minimal/MessageBufferDemo.o
 .rodata        0x0000000000030f9a       0x20 build//home/sam/Downloads/FreeRTOSv202104.00/FreeRTOS/Demo/Common/Minimal/PollQ.o
 .rodata        0x0000000000030fba       0x2b build//home/sam/Downloads/FreeRTOSv202104.00/FreeRTOS/Demo/Common/Minimal/QPeek.o
 *fill*         0x0000000000030fe5        0x3 
 .rodata        0x0000000000030fe8       0x5d build//home/sam/Downloads/FreeRTOSv202104.00/FreeRTOS/Demo/Common/Minimal/QueueOverwrite.o
 *fill*         0x0000000000031045        0x3 
 .rodata        0x0000000000031048       0x5f build//home/sam/Downloads/FreeRTOSv202104.00/FreeRTOS/Demo/Common/Minimal/QueueSet.o
 .rodata        0x00000000000310a7        0x8 build//home/sam/Downloads/FreeRTOSv202104.00/FreeRTOS/Demo/Common/Minimal/QueueSetPolling.o
 *fill*         0x00000000000310af        0x1 
 .rodata        0x00000000000310b0       0x6f build//home/sam/Downloads/FreeRTOSv202104.00/FreeRTOS/Demo/Common/Minimal/recmutex.o
 .rodata        0x000000000003111f       0x3e build//home/sam/Downloads/FreeRTOSv202104.00/FreeRTOS/Demo/Common/Minimal/semtest.o
 *fill*         0x000000000003115d        0x3 
 .rodata        0x0000000000031160       0x71 build//home/sam/Downloads/FreeRTOSv202104.00/FreeRTOS/Demo/Common/Minimal/StaticAllocation.o
 *fill*         0x00000000000311d1        0x7 
 .rodata        0x00000000000311d8      0x146 build//home/sam/Downloads/FreeRTOSv202104.00/FreeRTOS/Demo/Common/Minimal/StreamBufferDemo.o
 *fill*         0x000000000003131e        0x2 
 .rodata        0x0000000000031320       0x94 build//home/sam/Downloads/FreeRTOSv202104.00/FreeRTOS/Demo/Common/Minimal/StreamBufferInterrupt.o
 *fill*         0x00000000000313b4        0x4 
 .rodata        0x00000000000313b8       0x77 build//home/sam/Downloads/FreeRTOSv202104.00/FreeRTOS/Demo/Common/Minimal/TaskNotify.o
 *fill*         0x000000000003142f        0x1 
 .rodata        0x0000000000031430       0x7f build//home/sam/Downloads/FreeRTOSv202104.00/FreeRTOS/Demo/Common/Minimal/TimerDemo.o
 *fill*         0x00000000000314af        0x1 
 .rodata        0x00000000000314b0      0x3b4 build//home/sam/Downloads/FreeRTOSv202104.00/FreeRTOS-Plus/Source/FreeRTOS-Plus-Trace/trcKernelPort.o
 *fill*         0x0000000000031864        0x4 
 .rodata        0x0000000000031868     0x1163 build//home/sam/Downloads/FreeRTOSv202104.00/FreeRTOS-Plus/Source/FreeRTOS-Plus-Trace/trcSnapshotRecorder.o

.rodata1
 *(.rodata1)

.eh_frame_hdr   0x00000000000329cc     0x149c
 *(.eh_frame_hdr)
 .eh_frame_hdr  0x00000000000329cc     0x149c /usr/lib/gcc/x86_64-linux-gnu/9/../../../x86_64-linux-gnu/Scrt1.o
                0x00000000000329cc                __GNU_EH_FRAME_HDR
 *(.eh_frame_entry .eh_frame_entry.*)

.eh_frame       0x0000000000033e68     0x5258
 *(.eh_frame)
 .eh_frame      0x0000000000033e68       0x30 /usr/lib/gcc/x86_64-linux-gnu/9/../../../x86_64-linux-gnu/Scrt1.o
                                         0x2c (size before relaxing)
 *fill*         0x0000000000033e98        0x0 
 .eh_frame      0x0000000000033e98       0x28 /usr/lib/gcc/x86_64-linux-gnu/9/../../../x86_64-linux-gnu/Scrt1.o
                                         0x40 (size before relaxing)
 .eh_frame      0x0000000000033ec0       0x18 /usr/lib/gcc/x86_64-linux-gnu/9/../../../x86_64-linux-gnu/Scrt1.o
                                         0x30 (size before relaxing)
 .eh_frame      0x0000000000033ed8       0x18 /usr/lib/gcc/x86_64-linux-gnu/9/../../../x86_64-linux-gnu/Scrt1.o
                                         0x30 (size before relaxing)
 .eh_frame      0x0000000000033ef0      0x158 build/state_core.o
                                        0x170 (size before relaxing)
 .eh_frame      0x0000000000034048       0xa0 build/network_test.o
                                         0xb8 (size before relaxing)
 .eh_frame      0x00000000000340e8       0xe0 build/mailbox.o
                                         0xf8 (size before relaxing)
 .eh_frame      0x00000000000341c8      0x180 build/main.o
                                        0x198 (size before relaxing)
 .eh_frame      0x0000000000034348      0x188 build/parser_state.o
                                        0x1a0 (size before relaxing)
 .eh_frame      0x00000000000344d0       0x40 build/uart_core.o
                                         0x58 (size before relaxing)
 .eh_frame      0x0000000000034510      0x498 build/network_state.o
                                        0x4b0 (size before relaxing)
 .eh_frame      0x00000000000349a8       0x40 build/console.o
                                         0x58 (size before relaxing)
 .eh_frame      0x00000000000349e8      0x268 build/at_parser.o
                                        0x280 (size before relaxing)
 .eh_frame      0x0000000000034c50       0x78 build/main_blinky.o
                                         0x90 (size before relaxing)
 .eh_frame      0x0000000000034cc8      0x128 build/code_coverage_additions.o
                                        0x140 (size before relaxing)
 .eh_frame      0x0000000000034df0       0x80 build/net_adaptor.o
                                         0x98 (size before relaxing)
 .eh_frame      0x0000000000034e70      0x1c0 build/sim_stream.o
                                        0x1d8 (size before relaxing)
 .eh_frame      0x0000000000035030       0xa0 build/network_constants.o
                                         0xb8 (size before relaxing)
 .eh_frame      0x00000000000350d0       0x40 build/run-time-stats-utils.o
                                         0x58 (size before relaxing)
 .eh_frame      0x0000000000035110      0x618 build//home/sam/Downloads/FreeRTOSv202104.00/FreeRTOS/Source/queue.o
                                        0x630 (size before relaxing)
 .eh_frame      0x0000000000035728       0xa0 build//home/sam/Downloads/FreeRTOSv202104.00/FreeRTOS/Source/list.o
                                         0xb8 (size before relaxing)
 .eh_frame      0x00000000000357c8      0x338 build//home/sam/Downloads/FreeRTOSv202104.00/FreeRTOS/Source/stream_buffer.o
                                        0x350 (size before relaxing)
 .eh_frame      0x0000000000035b00      0x1f8 build//home/sam/Downloads/FreeRTOSv202104.00/FreeRTOS/Source/event_groups.o
                                        0x210 (size before relaxing)
 .eh_frame      0x0000000000035cf8      0x920 build//home/sam/Downloads/FreeRTOSv202104.00/FreeRTOS/Source/tasks.o
                                        0x938 (size before relaxing)
 .eh_frame      0x0000000000036618      0x360 build//home/sam/Downloads/FreeRTOSv202104.00/FreeRTOS/Source/timers.o
                                        0x378 (size before relaxing)
 .eh_frame      0x0000000000036978       0x40 build//home/sam/Downloads/FreeRTOSv202104.00/FreeRTOS/Source/portable/MemMang/heap_3.o
                                         0x58 (size before relaxing)
 .eh_frame      0x00000000000369b8       0xa0 build//home/sam/Downloads/FreeRTOSv202104.00/FreeRTOS/Source/portable/ThirdParty/GCC/Posix/utils/wait_for_event.o
                                         0xb8 (size before relaxing)
 .eh_frame      0x0000000000036a58      0x320 build//home/sam/Downloads/FreeRTOSv202104.00/FreeRTOS/Source/portable/ThirdParty/GCC/Posix/port.o
                                        0x338 (size before relaxing)
 .eh_frame      0x0000000000036d78      0x1b8 build//home/sam/Downloads/FreeRTOSv202104.00/FreeRTOS/Demo/Common/Minimal/AbortDelay.o
                                        0x1d0 (size before relaxing)
 .eh_frame      0x0000000000036f30       0x78 build//home/sam/Downloads/FreeRTOSv202104.00/FreeRTOS/Demo/Common/Minimal/BlockQ.o
                                         0x90 (size before relaxing)
 .eh_frame      0x0000000000036fa8       0x98 build//home/sam/Downloads/FreeRTOSv202104.00/FreeRTOS/Demo/Common/Minimal/blocktim.o
                                         0xb0 (size before relaxing)
 .eh_frame      0x0000000000037040       0xa0 build//home/sam/Downloads/FreeRTOSv202104.00/FreeRTOS/Demo/Common/Minimal/countsem.o
                                         0xb8 (size before relaxing)
 .eh_frame      0x00000000000370e0       0x78 build//home/sam/Downloads/FreeRTOSv202104.00/FreeRTOS/Demo/Common/Minimal/death.o
                                         0x90 (size before relaxing)
 .eh_frame      0x0000000000037158       0xd0 build//home/sam/Downloads/FreeRTOSv202104.00/FreeRTOS/Demo/Common/Minimal/dynamic.o
                                         0xe8 (size before relaxing)
 .eh_frame      0x0000000000037228      0x138 build//home/sam/Downloads/FreeRTOSv202104.00/FreeRTOS/Demo/Common/Minimal/EventGroupsDemo.o
                                        0x150 (size before relaxing)
 .eh_frame      0x0000000000037360       0xb0 build//home/sam/Downloads/FreeRTOSv202104.00/FreeRTOS/Demo/Common/Minimal/flop.o
                                         0xc8 (size before relaxing)
 .eh_frame      0x0000000000037410      0x118 build//home/sam/Downloads/FreeRTOSv202104.00/FreeRTOS/Demo/Common/Minimal/GenQTest.o
                                        0x130 (size before relaxing)
 .eh_frame      0x0000000000037528       0x60 build//home/sam/Downloads/FreeRTOSv202104.00/FreeRTOS/Demo/Common/Minimal/integer.o
                                         0x78 (size before relaxing)
 .eh_frame      0x0000000000037588       0xf8 build//home/sam/Downloads/FreeRTOSv202104.00/FreeRTOS/Demo/Common/Minimal/IntSemTest.o
                                        0x110 (size before relaxing)
 .eh_frame      0x0000000000037680       0xb8 build//home/sam/Downloads/FreeRTOSv202104.00/FreeRTOS/Demo/Common/Minimal/MessageBufferAMP.o
                                         0xd0 (size before relaxing)
 .eh_frame      0x0000000000037738      0x108 build//home/sam/Downloads/FreeRTOSv202104.00/FreeRTOS/Demo/Common/Minimal/MessageBufferDemo.o
                                        0x120 (size before relaxing)
 .eh_frame      0x0000000000037840       0x78 build//home/sam/Downloads/FreeRTOSv202104.00/FreeRTOS/Demo/Common/Minimal/PollQ.o
                                         0x90 (size before relaxing)
 .eh_frame      0x00000000000378b8       0xb0 build//home/sam/Downloads/FreeRTOSv202104.00/FreeRTOS/Demo/Common/Minimal/QPeek.o
                                         0xc8 (size before relaxing)
 .eh_frame      0x0000000000037968       0x80 build//home/sam/Downloads/FreeRTOSv202104.00/FreeRTOS/Demo/Common/Minimal/QueueOverwrite.o
                                         0x98 (size before relaxing)
 .eh_frame      0x00000000000379e8      0x1f8 build//home/sam/Downloads/FreeRTOSv202104.00/FreeRTOS/Demo/Common/Minimal/QueueSet.o
                                        0x210 (size before relaxing)
 .eh_frame      0x0000000000037be0       0x80 build//home/sam/Downloads/FreeRTOSv202104.00/FreeRTOS/Demo/Common/Minimal/QueueSetPolling.o
                                         0x98 (size before relaxing)
 .eh_frame      0x0000000000037c60       0x98 build//home/sam/Downloads/FreeRTOSv202104.00/FreeRTOS/Demo/Common/Minimal/recmutex.o
                                         0xb0 (size before relaxing)
 .eh_frame      0x0000000000037cf8       0x60 build//home/sam/Downloads/FreeRTOSv202104.00/FreeRTOS/Demo/Common/Minimal/semtest.o
                                         0x78 (size before relaxing)
 .eh_frame      0x0000000000037d58      0x260 build//home/sam/Downloads/FreeRTOSv202104.00/FreeRTOS/Demo/Common/Minimal/StaticAllocation.o
                                        0x278 (size before relaxing)
 .eh_frame      0x0000000000037fb8      0x168 build//home/sam/Downloads/FreeRTOSv202104.00/FreeRTOS/Demo/Common/Minimal/StreamBufferDemo.o
                                        0x180 (size before relaxing)
 .eh_frame      0x0000000000038120       0x80 build//home/sam/Downloads/FreeRTOSv202104.00/FreeRTOS/Demo/Common/Minimal/StreamBufferInterrupt.o
                                         0x98 (size before relaxing)
 .eh_frame      0x00000000000381a0      0x100 build//home/sam/Downloads/FreeRTOSv202104.00/FreeRTOS/Demo/Common/Minimal/TaskNotify.o
                                        0x118 (size before relaxing)
 .eh_frame      0x00000000000382a0      0x1e0 build//home/sam/Downloads/FreeRTOSv202104.00/FreeRTOS/Demo/Common/Minimal/TimerDemo.o
                                        0x1f8 (size before relaxing)
 .eh_frame      0x0000000000038480      0x440 build//home/sam/Downloads/FreeRTOSv202104.00/FreeRTOS-Plus/Source/FreeRTOS-Plus-Trace/trcKernelPort.o
                                        0x458 (size before relaxing)
 .eh_frame      0x00000000000388c0      0x7a0 build//home/sam/Downloads/FreeRTOSv202104.00/FreeRTOS-Plus/Source/FreeRTOS-Plus-Trace/trcSnapshotRecorder.o
                                        0x7b8 (size before relaxing)
 .eh_frame      0x0000000000039060       0x5c /usr/lib/x86_64-linux-gnu/libc_nonshared.a(elf-init.oS)
                                         0x78 (size before relaxing)
 .eh_frame      0x00000000000390bc        0x4 /usr/lib/gcc/x86_64-linux-gnu/9/crtendS.o
 *(.eh_frame.*)

.gcc_except_table
 *(.gcc_except_table .gcc_except_table.*)

.gnu_extab
 *(.gnu_extab*)

.exception_ranges
 *(.exception_ranges*)
                0x000000000003abe0                . = DATA_SEGMENT_ALIGN (CONSTANT (MAXPAGESIZE), CONSTANT (COMMONPAGESIZE))

.eh_frame
 *(.eh_frame)
 *(.eh_frame.*)

.gnu_extab
 *(.gnu_extab)

.gcc_except_table
 *(.gcc_except_table .gcc_except_table.*)

.exception_ranges
 *(.exception_ranges*)

.tdata          0x000000000003abe0        0x0
                [!provide]                        PROVIDE (__tdata_start = .)
 *(.tdata .tdata.* .gnu.linkonce.td.*)

.tbss
 *(.tbss .tbss.* .gnu.linkonce.tb.*)
 *(.tcommon)

.preinit_array  0x000000000003abe0        0x0
                [!provide]                        PROVIDE (__preinit_array_start = .)
 *(.preinit_array)
                [!provide]                        PROVIDE (__preinit_array_end = .)

.init_array     0x000000000003abe0        0x8
                0x000000000003abe0                PROVIDE (__init_array_start = .)
 *(SORT_BY_INIT_PRIORITY(.init_array.*) SORT_BY_INIT_PRIORITY(.ctors.*))
 *(.init_array EXCLUDE_FILE(*crtend?.o *crtend.o *crtbegin?.o *crtbegin.o) .ctors)
 .init_array    0x000000000003abe0        0x8 /usr/lib/gcc/x86_64-linux-gnu/9/crtbeginS.o
                0x000000000003abe8                PROVIDE (__init_array_end = .)

.fini_array     0x000000000003abe8        0x8
                [!provide]                        PROVIDE (__fini_array_start = .)
 *(SORT_BY_INIT_PRIORITY(.fini_array.*) SORT_BY_INIT_PRIORITY(.dtors.*))
 *(.fini_array EXCLUDE_FILE(*crtend?.o *crtend.o *crtbegin?.o *crtbegin.o) .dtors)
 .fini_array    0x000000000003abe8        0x8 /usr/lib/gcc/x86_64-linux-gnu/9/crtbeginS.o
                [!provide]                        PROVIDE (__fini_array_end = .)

.ctors
 *crtbegin.o(.ctors)
 *crtbegin?.o(.ctors)
 *(EXCLUDE_FILE(*crtend?.o *crtend.o) .ctors)
 *(SORT_BY_NAME(.ctors.*))
 *(.ctors)

.dtors
 *crtbegin.o(.dtors)
 *crtbegin?.o(.dtors)
 *(EXCLUDE_FILE(*crtend?.o *crtend.o) .dtors)
 *(SORT_BY_NAME(.dtors.*))
 *(.dtors)

.jcr
 *(.jcr)

.data.rel.ro    0x000000000003abf0        0x0
 *(.data.rel.ro.local* .gnu.linkonce.d.rel.ro.local.*)
 *(.data.rel.ro .data.rel.ro.* .gnu.linkonce.d.rel.ro.*)
 .data.rel.ro   0x000000000003abf0        0x0 /usr/lib/gcc/x86_64-linux-gnu/9/../../../x86_64-linux-gnu/Scrt1.o

.dynamic        0x000000000003abf0      0x200
 *(.dynamic)
 .dynamic       0x000000000003abf0      0x200 /usr/lib/gcc/x86_64-linux-gnu/9/../../../x86_64-linux-gnu/Scrt1.o
                0x000000000003abf0                _DYNAMIC

.got            0x000000000003adf0      0x210
 *(.got.plt)
 .got.plt       0x000000000003adf0      0x1e8 /usr/lib/gcc/x86_64-linux-gnu/9/../../../x86_64-linux-gnu/Scrt1.o
                0x000000000003adf0                _GLOBAL_OFFSET_TABLE_
 *(.igot.plt)
 *(.got)
 .got           0x000000000003afd8       0x28 /usr/lib/gcc/x86_64-linux-gnu/9/../../../x86_64-linux-gnu/Scrt1.o
 *(.igot)
                0x000000000003b000                . = DATA_SEGMENT_RELRO_END (., 0x0)

.data           0x000000000003b000     0x12d0
 *(.data .data.* .gnu.linkonce.d.*)
 .data          0x000000000003b000        0x4 /usr/lib/gcc/x86_64-linux-gnu/9/../../../x86_64-linux-gnu/Scrt1.o
                0x000000000003b000                data_start
                0x000000000003b000                __data_start
 .data          0x000000000003b004        0x0 /usr/lib/gcc/x86_64-linux-gnu/9/../../../x86_64-linux-gnu/crti.o
 .data          0x000000000003b004        0x0 /usr/lib/gcc/x86_64-linux-gnu/9/crtbeginS.o
 *fill*         0x000000000003b004        0x4 
 .data.rel.local
                0x000000000003b008        0x8 /usr/lib/gcc/x86_64-linux-gnu/9/crtbeginS.o
                0x000000000003b008                __dso_handle
 .data          0x000000000003b010        0x0 build/urc_handler.o
 .data          0x000000000003b010        0x0 build/state_core.o
 .data          0x000000000003b010        0x0 build/main_full.o
 .data          0x000000000003b010        0x0 build/network_test.o
 .data          0x000000000003b010        0x0 build/mailbox.o
 .data          0x000000000003b010        0x8 build/main.o
 .data          0x000000000003b018        0x0 build/parser_state.o
 *fill*         0x000000000003b018        0x8 
 .data.rel.local
                0x000000000003b020       0x80 build/parser_state.o
 .data          0x000000000003b0a0        0x0 build/uart_core.o
 .data          0x000000000003b0a0        0x0 build/network_state.o
 .data.rel.local
                0x000000000003b0a0       0xa0 build/network_state.o
 .data          0x000000000003b140        0x0 build/console.o
 .data          0x000000000003b140        0x0 build/cellular_state.o
 .data          0x000000000003b140       0x10 build/at_parser.o
 .data          0x000000000003b150        0x0 build/main_blinky.o
 .data          0x000000000003b150        0x0 build/code_coverage_additions.o
 .data          0x000000000003b150        0x0 build/net_adaptor.o
 .data          0x000000000003b150       0xab build/sim_stream.o
 *fill*         0x000000000003b1fb        0x5 
 .data.rel.local
                0x000000000003b200     0x1020 build/sim_stream.o
 .data          0x000000000003c220        0x0 build/network_constants.o
 .data          0x000000000003c220        0x0 build/run-time-stats-utils.o
 .data          0x000000000003c220        0x0 build//home/sam/Downloads/FreeRTOSv202104.00/FreeRTOS/Source/queue.o
 .data          0x000000000003c220        0x0 build//home/sam/Downloads/FreeRTOSv202104.00/FreeRTOS/Source/croutine.o
 .data          0x000000000003c220        0x0 build//home/sam/Downloads/FreeRTOSv202104.00/FreeRTOS/Source/list.o
 .data          0x000000000003c220        0x0 build//home/sam/Downloads/FreeRTOSv202104.00/FreeRTOS/Source/stream_buffer.o
 .data          0x000000000003c220        0x0 build//home/sam/Downloads/FreeRTOSv202104.00/FreeRTOS/Source/event_groups.o
 .data          0x000000000003c220        0x8 build//home/sam/Downloads/FreeRTOSv202104.00/FreeRTOS/Source/tasks.o
                0x000000000003c220                uxTopUsedPriority
 .data          0x000000000003c228        0x0 build//home/sam/Downloads/FreeRTOSv202104.00/FreeRTOS/Source/timers.o
 .data          0x000000000003c228        0x0 build//home/sam/Downloads/FreeRTOSv202104.00/FreeRTOS/Source/portable/MemMang/heap_3.o
 .data          0x000000000003c228        0x0 build//home/sam/Downloads/FreeRTOSv202104.00/FreeRTOS/Source/portable/ThirdParty/GCC/Posix/utils/wait_for_event.o
 .data          0x000000000003c228        0x0 build//home/sam/Downloads/FreeRTOSv202104.00/FreeRTOS/Source/portable/ThirdParty/GCC/Posix/port.o
 .data          0x000000000003c228        0x0 build//home/sam/Downloads/FreeRTOSv202104.00/FreeRTOS/Demo/Common/Minimal/AbortDelay.o
 .data.rel.local
                0x000000000003c228       0x10 build//home/sam/Downloads/FreeRTOSv202104.00/FreeRTOS/Demo/Common/Minimal/AbortDelay.o
 .data          0x000000000003c238        0x0 build//home/sam/Downloads/FreeRTOSv202104.00/FreeRTOS/Demo/Common/Minimal/BlockQ.o
 .data          0x000000000003c238        0x0 build//home/sam/Downloads/FreeRTOSv202104.00/FreeRTOS/Demo/Common/Minimal/blocktim.o
 .data          0x000000000003c238        0x0 build//home/sam/Downloads/FreeRTOSv202104.00/FreeRTOS/Demo/Common/Minimal/countsem.o
 .data          0x000000000003c238        0x2 build//home/sam/Downloads/FreeRTOSv202104.00/FreeRTOS/Demo/Common/Minimal/death.o
 .data          0x000000000003c23a        0x0 build//home/sam/Downloads/FreeRTOSv202104.00/FreeRTOS/Demo/Common/Minimal/dynamic.o
 .data          0x000000000003c23a        0x0 build//home/sam/Downloads/FreeRTOSv202104.00/FreeRTOS/Demo/Common/Minimal/EventGroupsDemo.o
 .data          0x000000000003c23a        0x0 build//home/sam/Downloads/FreeRTOSv202104.00/FreeRTOS/Demo/Common/Minimal/flop.o
 .data          0x000000000003c23a        0x0 build//home/sam/Downloads/FreeRTOSv202104.00/FreeRTOS/Demo/Common/Minimal/GenQTest.o
 .data          0x000000000003c23a        0x0 build//home/sam/Downloads/FreeRTOSv202104.00/FreeRTOS/Demo/Common/Minimal/integer.o
 .data          0x000000000003c23a        0x0 build//home/sam/Downloads/FreeRTOSv202104.00/FreeRTOS/Demo/Common/Minimal/IntSemTest.o
 *fill*         0x000000000003c23a        0x6 
 .data          0x000000000003c240        0x8 build//home/sam/Downloads/FreeRTOSv202104.00/FreeRTOS/Demo/Common/Minimal/MessageBufferAMP.o
                0x000000000003c240                xDemoStatus
 .data          0x000000000003c248        0x0 build//home/sam/Downloads/FreeRTOSv202104.00/FreeRTOS/Demo/Common/Minimal/MessageBufferDemo.o
 .data.rel.local
                0x000000000003c248        0x8 build//home/sam/Downloads/FreeRTOSv202104.00/FreeRTOS/Demo/Common/Minimal/MessageBufferDemo.o
 .data          0x000000000003c250        0x0 build//home/sam/Downloads/FreeRTOSv202104.00/FreeRTOS/Demo/Common/Minimal/PollQ.o
 .data          0x000000000003c250        0x0 build//home/sam/Downloads/FreeRTOSv202104.00/FreeRTOS/Demo/Common/Minimal/QPeek.o
 .data          0x000000000003c250        0x8 build//home/sam/Downloads/FreeRTOSv202104.00/FreeRTOS/Demo/Common/Minimal/QueueOverwrite.o
 .data          0x000000000003c258       0x10 build//home/sam/Downloads/FreeRTOSv202104.00/FreeRTOS/Demo/Common/Minimal/QueueSet.o
 .data          0x000000000003c268        0x8 build//home/sam/Downloads/FreeRTOSv202104.00/FreeRTOS/Demo/Common/Minimal/QueueSetPolling.o
 .data          0x000000000003c270        0x0 build//home/sam/Downloads/FreeRTOSv202104.00/FreeRTOS/Demo/Common/Minimal/recmutex.o
 .data          0x000000000003c270        0x0 build//home/sam/Downloads/FreeRTOSv202104.00/FreeRTOS/Demo/Common/Minimal/semtest.o
 .data          0x000000000003c270        0x0 build//home/sam/Downloads/FreeRTOSv202104.00/FreeRTOS/Demo/Common/Minimal/StaticAllocation.o
 .data          0x000000000003c270        0x8 build//home/sam/Downloads/FreeRTOSv202104.00/FreeRTOS/Demo/Common/Minimal/StreamBufferDemo.o
 .data.rel.local
                0x000000000003c278       0x18 build//home/sam/Downloads/FreeRTOSv202104.00/FreeRTOS/Demo/Common/Minimal/StreamBufferDemo.o
 .data          0x000000000003c290        0x8 build//home/sam/Downloads/FreeRTOSv202104.00/FreeRTOS/Demo/Common/Minimal/StreamBufferInterrupt.o
 .data.rel.local
                0x000000000003c298       0x10 build//home/sam/Downloads/FreeRTOSv202104.00/FreeRTOS/Demo/Common/Minimal/StreamBufferInterrupt.o
 .data          0x000000000003c2a8        0x8 build//home/sam/Downloads/FreeRTOSv202104.00/FreeRTOS/Demo/Common/Minimal/TaskNotify.o
 .data          0x000000000003c2b0       0x10 build//home/sam/Downloads/FreeRTOSv202104.00/FreeRTOS/Demo/Common/Minimal/TimerDemo.o
 .data          0x000000000003c2c0        0x5 build//home/sam/Downloads/FreeRTOSv202104.00/FreeRTOS-Plus/Source/FreeRTOS-Plus-Trace/trcKernelPort.o
                0x000000000003c2c0                TraceQueueClassTable
 *fill*         0x000000000003c2c5        0x3 
 .data          0x000000000003c2c8        0x8 build//home/sam/Downloads/FreeRTOSv202104.00/FreeRTOS-Plus/Source/FreeRTOS-Plus-Trace/trcSnapshotRecorder.o
                0x000000000003c2cc                CurrentFilterMask
                0x000000000003c2ce                CurrentFilterGroup
 .data          0x000000000003c2d0        0x0 build//home/sam/Downloads/FreeRTOSv202104.00/FreeRTOS-Plus/Source/FreeRTOS-Plus-Trace/trcStreamingRecorder.o
 .data          0x000000000003c2d0        0x0 build//home/sam/Downloads/FreeRTOSv202104.00/FreeRTOS-Plus/Source/FreeRTOS-Plus-Trace/streamports/File/trcStreamingPort.o
 .data          0x000000000003c2d0        0x0 /usr/lib/x86_64-linux-gnu/libc_nonshared.a(elf-init.oS)
 .data          0x000000000003c2d0        0x0 /usr/lib/gcc/x86_64-linux-gnu/9/crtendS.o
 .data          0x000000000003c2d0        0x0 /usr/lib/gcc/x86_64-linux-gnu/9/../../../x86_64-linux-gnu/crtn.o

.tm_clone_table
                0x000000000003c2d0        0x0
 .tm_clone_table
                0x000000000003c2d0        0x0 /usr/lib/gcc/x86_64-linux-gnu/9/crtbeginS.o
 .tm_clone_table
                0x000000000003c2d0        0x0 /usr/lib/gcc/x86_64-linux-gnu/9/crtendS.o

.data1
 *(.data1)
                0x000000000003c2d0                _edata = .
                [!provide]                        PROVIDE (edata = .)
                0x000000000003c2d0                . = .
                0x000000000003c2d0                __bss_start = .

.bss            0x000000000003c2e0    0x33200
 *(.dynbss)
 .dynbss        0x000000000003c2e0        0x8 /usr/lib/gcc/x86_64-linux-gnu/9/../../../x86_64-linux-gnu/Scrt1.o
                0x000000000003c2e0                stderr@@GLIBC_2.2.5
 *(.bss .bss.* .gnu.linkonce.b.*)
 .bss           0x000000000003c2e8        0x0 /usr/lib/gcc/x86_64-linux-gnu/9/../../../x86_64-linux-gnu/Scrt1.o
 .bss           0x000000000003c2e8        0x0 /usr/lib/gcc/x86_64-linux-gnu/9/../../../x86_64-linux-gnu/crti.o
 .bss           0x000000000003c2e8        0x1 /usr/lib/gcc/x86_64-linux-gnu/9/crtbeginS.o
 .bss           0x000000000003c2e9        0x0 build/urc_handler.o
 *fill*         0x000000000003c2e9        0x7 
 .bss           0x000000000003c2f0       0x18 build/state_core.o
 .bss           0x000000000003c308        0x0 build/main_full.o
 *fill*         0x000000000003c308       0x18 
 .bss           0x000000000003c320       0x9c build/network_test.o
 *fill*         0x000000000003c3bc        0x4 
 .bss           0x000000000003c3c0       0x10 build/mailbox.o
 *fill*         0x000000000003c3d0       0x10 
 .bss           0x000000000003c3e0      0x3d0 build/main.o
 .bss           0x000000000003c7b0        0x8 build/parser_state.o
 *fill*         0x000000000003c7b8        0x8 
 .bss           0x000000000003c7c0      0x220 build/uart_core.o
 .bss           0x000000000003c9e0      0x2f8 build/network_state.o
 .bss           0x000000000003ccd8        0x0 build/console.o
 .bss           0x000000000003ccd8        0x0 build/cellular_state.o
 *fill*         0x000000000003ccd8        0x8 
 .bss           0x000000000003cce0     0x4610 build/at_parser.o
 .bss           0x00000000000412f0       0x10 build/main_blinky.o
 .bss           0x0000000000041300       0x50 build/code_coverage_additions.o
 *fill*         0x0000000000041350       0x10 
 .bss           0x0000000000041360      0x102 build/net_adaptor.o
 *fill*         0x0000000000041462        0x6 
 .bss           0x0000000000041468       0x28 build/sim_stream.o
 .bss           0x0000000000041490        0x0 build/network_constants.o
 .bss           0x0000000000041490        0x8 build/run-time-stats-utils.o
 .bss           0x0000000000041498        0x0 build//home/sam/Downloads/FreeRTOSv202104.00/FreeRTOS/Source/queue.o
 .bss           0x0000000000041498        0x0 build//home/sam/Downloads/FreeRTOSv202104.00/FreeRTOS/Source/croutine.o
 .bss           0x0000000000041498        0x0 build//home/sam/Downloads/FreeRTOSv202104.00/FreeRTOS/Source/list.o
 .bss           0x0000000000041498        0x0 build//home/sam/Downloads/FreeRTOSv202104.00/FreeRTOS/Source/stream_buffer.o
 .bss           0x0000000000041498        0x0 build//home/sam/Downloads/FreeRTOSv202104.00/FreeRTOS/Source/event_groups.o
 *fill*         0x0000000000041498        0x8 
 .bss           0x00000000000414a0      0x2c8 build//home/sam/Downloads/FreeRTOSv202104.00/FreeRTOS/Source/tasks.o
                0x00000000000414a0                pxCurrentTCB
 *fill*         0x0000000000041768       0x18 
 .bss           0x0000000000041780      0x3c8 build//home/sam/Downloads/FreeRTOSv202104.00/FreeRTOS/Source/timers.o
 .bss           0x0000000000041b48        0x0 build//home/sam/Downloads/FreeRTOSv202104.00/FreeRTOS/Source/portable/MemMang/heap_3.o
 .bss           0x0000000000041b48        0x0 build//home/sam/Downloads/FreeRTOSv202104.00/FreeRTOS/Source/portable/ThirdParty/GCC/Posix/utils/wait_for_event.o
 *fill*         0x0000000000041b48       0x18 
 .bss           0x0000000000041b60      0x1c0 build//home/sam/Downloads/FreeRTOSv202104.00/FreeRTOS/Source/portable/ThirdParty/GCC/Posix/port.o
 .bss           0x0000000000041d20      0x1f8 build//home/sam/Downloads/FreeRTOSv202104.00/FreeRTOS/Demo/Common/Minimal/AbortDelay.o
 .bss           0x0000000000041f18       0x18 build//home/sam/Downloads/FreeRTOSv202104.00/FreeRTOS/Demo/Common/Minimal/BlockQ.o
 .bss           0x0000000000041f30       0x40 build//home/sam/Downloads/FreeRTOSv202104.00/FreeRTOS/Demo/Common/Minimal/blocktim.o
 *fill*         0x0000000000041f70       0x10 
 .bss           0x0000000000041f80       0x60 build//home/sam/Downloads/FreeRTOSv202104.00/FreeRTOS/Demo/Common/Minimal/countsem.o
 .bss           0x0000000000041fe0       0x18 build//home/sam/Downloads/FreeRTOSv202104.00/FreeRTOS/Demo/Common/Minimal/death.o
 .bss           0x0000000000041ff8       0x38 build//home/sam/Downloads/FreeRTOSv202104.00/FreeRTOS/Demo/Common/Minimal/dynamic.o
 .bss           0x0000000000042030       0x4c build//home/sam/Downloads/FreeRTOSv202104.00/FreeRTOS/Demo/Common/Minimal/EventGroupsDemo.o
 *fill*         0x000000000004207c        0x4 
 .bss           0x0000000000042080        0x8 build//home/sam/Downloads/FreeRTOSv202104.00/FreeRTOS/Demo/Common/Minimal/flop.o
 .bss           0x0000000000042088       0x48 build//home/sam/Downloads/FreeRTOSv202104.00/FreeRTOS/Demo/Common/Minimal/GenQTest.o
 .bss           0x00000000000420d0        0x8 build//home/sam/Downloads/FreeRTOSv202104.00/FreeRTOS/Demo/Common/Minimal/integer.o
 .bss           0x00000000000420d8       0x50 build//home/sam/Downloads/FreeRTOSv202104.00/FreeRTOS/Demo/Common/Minimal/IntSemTest.o
 *fill*         0x0000000000042128        0x8 
 .bss           0x0000000000042130       0x28 build//home/sam/Downloads/FreeRTOSv202104.00/FreeRTOS/Demo/Common/Minimal/MessageBufferAMP.o
 *fill*         0x0000000000042158        0x8 
 .bss           0x0000000000042160      0x138 build//home/sam/Downloads/FreeRTOSv202104.00/FreeRTOS/Demo/Common/Minimal/MessageBufferDemo.o
 .bss           0x0000000000042298       0x18 build//home/sam/Downloads/FreeRTOSv202104.00/FreeRTOS/Demo/Common/Minimal/PollQ.o
 .bss           0x00000000000422b0       0x10 build//home/sam/Downloads/FreeRTOSv202104.00/FreeRTOS/Demo/Common/Minimal/QPeek.o
 .bss           0x00000000000422c0       0x14 build//home/sam/Downloads/FreeRTOSv202104.00/FreeRTOS/Demo/Common/Minimal/QueueOverwrite.o
 *fill*         0x00000000000422d4        0xc 
 .bss           0x00000000000422e0       0x80 build//home/sam/Downloads/FreeRTOSv202104.00/FreeRTOS/Demo/Common/Minimal/QueueSet.o
 .bss           0x0000000000042360       0x20 build//home/sam/Downloads/FreeRTOSv202104.00/FreeRTOS/Demo/Common/Minimal/QueueSetPolling.o
 .bss           0x0000000000042380       0x60 build//home/sam/Downloads/FreeRTOSv202104.00/FreeRTOS/Demo/Common/Minimal/recmutex.o
 .bss           0x00000000000423e0       0x18 build//home/sam/Downloads/FreeRTOSv202104.00/FreeRTOS/Demo/Common/Minimal/semtest.o
 *fill*         0x00000000000423f8        0x8 
 .bss           0x0000000000042400      0x878 build//home/sam/Downloads/FreeRTOSv202104.00/FreeRTOS/Demo/Common/Minimal/StaticAllocation.o
 *fill*         0x0000000000042c78        0x8 
 .bss           0x0000000000042c80      0x128 build//home/sam/Downloads/FreeRTOSv202104.00/FreeRTOS/Demo/Common/Minimal/StreamBufferDemo.o
 .bss           0x0000000000042da8       0x20 build//home/sam/Downloads/FreeRTOSv202104.00/FreeRTOS/Demo/Common/Minimal/StreamBufferInterrupt.o
 .bss           0x0000000000042dc8       0x44 build//home/sam/Downloads/FreeRTOSv202104.00/FreeRTOS/Demo/Common/Minimal/TaskNotify.o
 *fill*         0x0000000000042e0c       0x14 
 .bss           0x0000000000042e20      0x140 build//home/sam/Downloads/FreeRTOSv202104.00/FreeRTOS/Demo/Common/Minimal/TimerDemo.o
 .bss           0x0000000000042f60        0x4 build//home/sam/Downloads/FreeRTOSv202104.00/FreeRTOS-Plus/Source/FreeRTOS-Plus-Trace/trcKernelPort.o
                0x0000000000042f60                uiInEventGroupSetBitsFromISR
 *fill*         0x0000000000042f64       0x1c 
 .bss           0x0000000000042f80      0x4d8 build//home/sam/Downloads/FreeRTOSv202104.00/FreeRTOS-Plus/Source/FreeRTOS-Plus-Trace/trcSnapshotRecorder.o
                0x0000000000042f80                isPendingContextSwitch
                0x0000000000042f84                uiTraceTickCount
                0x0000000000042f88                trace_disable_timestamp
                0x0000000000042f8c                uiTraceSystemState
                0x0000000000042f90                recorder_busy
                0x0000000000042f94                timestampFrequency
                0x0000000000042f98                traceErrorMessage
                0x0000000000042fa0                nISRactive
                0x0000000000042fa1                handle_of_last_logged_task
                0x0000000000042fa8                vTraceStopHookPtr
                0x0000000000042fc0                objectHandleStacks
                0x0000000000043428                RecorderDataPtr
 .bss           0x0000000000043458        0x0 build//home/sam/Downloads/FreeRTOSv202104.00/FreeRTOS-Plus/Source/FreeRTOS-Plus-Trace/trcStreamingRecorder.o
 .bss           0x0000000000043458        0x0 build//home/sam/Downloads/FreeRTOSv202104.00/FreeRTOS-Plus/Source/FreeRTOS-Plus-Trace/streamports/File/trcStreamingPort.o
 .bss           0x0000000000043458        0x0 /usr/lib/x86_64-linux-gnu/libc_nonshared.a(elf-init.oS)
 .bss           0x0000000000043458        0x0 /usr/lib/gcc/x86_64-linux-gnu/9/crtendS.o
 .bss           0x0000000000043458        0x0 /usr/lib/gcc/x86_64-linux-gnu/9/../../../x86_64-linux-gnu/crtn.o
 *(COMMON)
 *fill*         0x0000000000043458        0x8 
 COMMON         0x0000000000043460      0x460 build/main.o
                0x0000000000043460                uxTimerTaskStack
 COMMON         0x00000000000438c0        0x8 build/parser_state.o
                0x00000000000438c0                outgoing_urc_queue
 *fill*         0x00000000000438c8       0x18 
 COMMON         0x00000000000438e0       0xb0 build/console.o
                0x00000000000438e0                xStdioMutexBuffer
                0x0000000000043988                xStdioMutex
 COMMON         0x0000000000043990       0x10 build/net_adaptor.o
                0x0000000000043990                incoming_udp_q
                0x0000000000043998                outgoing_udp_q
 COMMON         0x00000000000439a0      0x140 build//home/sam/Downloads/FreeRTOSv202104.00/FreeRTOS/Source/queue.o
                0x00000000000439a0                xQueueRegistry
 COMMON         0x0000000000043ae0        0x8 build//home/sam/Downloads/FreeRTOSv202104.00/FreeRTOS/Demo/Common/Minimal/death.o
                0x0000000000043ae0                xCreatedTask
 COMMON         0x0000000000043ae8        0x8 build//home/sam/Downloads/FreeRTOSv202104.00/FreeRTOS/Demo/Common/Minimal/dynamic.o
                0x0000000000043ae8                xSuspendedTestQueue
 COMMON         0x0000000000043af0       0x18 build//home/sam/Downloads/FreeRTOSv202104.00/FreeRTOS/Demo/Common/Minimal/QPeek.o
                0x0000000000043af0                xHighPriorityTask
                0x0000000000043af8                xMediumPriorityTask
                0x0000000000043b00                xHighestPriorityTask
 COMMON         0x0000000000043b08       0x10 build//home/sam/Downloads/FreeRTOSv202104.00/FreeRTOS/Demo/Common/Minimal/QueueSet.o
                0x0000000000043b08                xQueueSetSendingTask
                0x0000000000043b10                xQueueSetReceivingTask
 *fill*         0x0000000000043b18        0x8 
 COMMON         0x0000000000043b20    0x2b9c0 build//home/sam/Downloads/FreeRTOSv202104.00/FreeRTOS-Plus/Source/FreeRTOS-Plus-Trace/trcSnapshotRecorder.o
                0x0000000000043b20                RecorderData
                0x000000000006f4dc                init_hwtc_count
                0x000000000006f4e0                . = ALIGN ((. != 0x0)?0x8:0x1)

.lbss
 *(.dynlbss)
 *(.lbss .lbss.* .gnu.linkonce.lb.*)
 *(LARGE_COMMON)
                0x000000000006f4e0                . = ALIGN (0x8)
                0x000000000006f4e0                . = SEGMENT_START ("ldata-segment", .)

.lrodata
 *(.lrodata .lrodata.* .gnu.linkonce.lr.*)

.ldata          0x00000000000714e0        0x0
 *(.ldata .ldata.* .gnu.linkonce.l.*)
                0x00000000000714e0                . = ALIGN ((. != 0x0)?0x8:0x1)
                0x00000000000714e0                . = ALIGN (0x8)
                0x000000000006f4e0                _end = .
                [!provide]                        PROVIDE (end = .)
                0x00000000000714e0                . = DATA_SEGMENT_END (.)

.stab
 *(.stab)

.stabstr
 *(.stabstr)

.stab.excl
 *(.stab.excl)

.stab.exclstr
 *(.stab.exclstr)

.stab.index
 *(.stab.index)

.stab.indexstr
 *(.stab.indexstr)

.comment        0x0000000000000000       0x2a
 *(.comment)
 .comment       0x0000000000000000       0x2a /usr/lib/gcc/x86_64-linux-gnu/9/crtbeginS.o
                                         0x2b (size before relaxing)
 .comment       0x000000000000002a       0x2b build/urc_handler.o
 .comment       0x000000000000002a       0x2b build/state_core.o
 .comment       0x000000000000002a       0x2b build/main_full.o
 .comment       0x000000000000002a       0x2b build/network_test.o
 .comment       0x000000000000002a       0x2b build/mailbox.o
 .comment       0x000000000000002a       0x2b build/main.o
 .comment       0x000000000000002a       0x2b build/parser_state.o