Archive member included to satisfy reference by file (symbol)

/usr/lib/x86_64-linux-gnu/libc_nonshared.a(elf-init.oS)
                              /usr/lib/gcc/x86_64-linux-gnu/9/../../../x86_64-linux-gnu/Scrt1.o (__libc_csu_init)

Merging program properties


As-needed library included to satisfy reference by file (symbol)

libpthread.so.0               build//home/sam/Downloads/FreeRTOSv202012.00/FreeRTOS/Source/portable/ThirdParty/GCC/Posix/utils/wait_for_event.o (__errno_location@@GLIBC_2.2.5)
libc.so.6                     build/network_state.o (sprintf@@GLIBC_2.2.5)

Allocating common symbols
Common symbol       size              file

xQueueSetSendingTask
                    0x8               build//home/sam/Downloads/FreeRTOSv202012.00/FreeRTOS/Demo/Common/Minimal/QueueSet.o
xHighPriorityTask   0x8               build//home/sam/Downloads/FreeRTOSv202012.00/FreeRTOS/Demo/Common/Minimal/QPeek.o
xStdioMutexBuffer   0xa8              build/console.o
uxTimerTaskStack    0x460             build/main.o
xQueueRegistry      0x140             build//home/sam/Downloads/FreeRTOSv202012.00/FreeRTOS/Source/queue.o
xMediumPriorityTask
                    0x8               build//home/sam/Downloads/FreeRTOSv202012.00/FreeRTOS/Demo/Common/Minimal/QPeek.o
RecorderData        0x2b9bc           build//home/sam/Downloads/FreeRTOSv202012.00/FreeRTOS-Plus/Source/FreeRTOS-Plus-Trace/trcSnapshotRecorder.o
outgoing_urc_queue  0x8               build/parser_state.o
init_hwtc_count     0x4               build//home/sam/Downloads/FreeRTOSv202012.00/FreeRTOS-Plus/Source/FreeRTOS-Plus-Trace/trcSnapshotRecorder.o
incoming_udp_q      0x8               build/net_adaptor.o
xQueueSetReceivingTask
                    0x8               build//home/sam/Downloads/FreeRTOSv202012.00/FreeRTOS/Demo/Common/Minimal/QueueSet.o
xSuspendedTestQueue
                    0x8               build//home/sam/Downloads/FreeRTOSv202012.00/FreeRTOS/Demo/Common/Minimal/dynamic.o
xHighestPriorityTask
                    0x8               build//home/sam/Downloads/FreeRTOSv202012.00/FreeRTOS/Demo/Common/Minimal/QPeek.o
xCreatedTask        0x8               build//home/sam/Downloads/FreeRTOSv202012.00/FreeRTOS/Demo/Common/Minimal/death.o
outgoing_udp_q      0x8               build/net_adaptor.o
xStdioMutex         0x8               build/console.o

Discarded input sections

 .note.GNU-stack
                0x0000000000000000        0x0 /usr/lib/gcc/x86_64-linux-gnu/9/../../../x86_64-linux-gnu/Scrt1.o
 .note.gnu.property
                0x0000000000000000       0x20 /usr/lib/gcc/x86_64-linux-gnu/9/../../../x86_64-linux-gnu/crti.o
 .note.GNU-stack
                0x0000000000000000        0x0 /usr/lib/gcc/x86_64-linux-gnu/9/../../../x86_64-linux-gnu/crti.o
 .note.GNU-stack
                0x0000000000000000        0x0 /usr/lib/gcc/x86_64-linux-gnu/9/crtbeginS.o
 .note.gnu.property
                0x0000000000000000       0x20 /usr/lib/gcc/x86_64-linux-gnu/9/crtbeginS.o
 .group         0x0000000000000000        0xc build/uart_core.o
 .group         0x0000000000000000        0xc build/uart_core.o
 .group         0x0000000000000000        0xc build/uart_core.o
 .group         0x0000000000000000        0xc build/uart_core.o
 .group         0x0000000000000000        0xc build/uart_core.o
 .group         0x0000000000000000        0xc build/uart_core.o
 .group         0x0000000000000000        0xc build/uart_core.o
 .group         0x0000000000000000        0xc build/uart_core.o
 .group         0x0000000000000000        0xc build/uart_core.o
 .group         0x0000000000000000        0xc build/uart_core.o
 .group         0x0000000000000000        0xc build/uart_core.o
 .group         0x0000000000000000        0xc build/uart_core.o
 .group         0x0000000000000000        0xc build/uart_core.o
 .group         0x0000000000000000        0xc build/uart_core.o
 .group         0x0000000000000000        0xc build/uart_core.o
 .group         0x0000000000000000        0xc build/uart_core.o
 .group         0x0000000000000000        0xc build/uart_core.o
 .group         0x0000000000000000        0xc build/uart_core.o
 .group         0x0000000000000000        0xc build/uart_core.o
 .group         0x0000000000000000        0xc build/uart_core.o
 .group         0x0000000000000000        0xc build/uart_core.o
 .group         0x0000000000000000        0xc build/uart_core.o
 .group         0x0000000000000000        0xc build/uart_core.o
 .group         0x0000000000000000        0xc build/uart_core.o
 .group         0x0000000000000000        0xc build/uart_core.o
 .group         0x0000000000000000        0xc build/uart_core.o
 .group         0x0000000000000000        0xc build/uart_core.o
 .group         0x0000000000000000        0xc build/uart_core.o
 .group         0x0000000000000000        0xc build/uart_core.o
 .group         0x0000000000000000        0xc build/uart_core.o
 .group         0x0000000000000000        0xc build/uart_core.o
[...]
Memory Configuration

Name             Origin             Length             Attributes
*default*        0x0000000000000000 0xffffffffffffffff

Linker script and memory map

LOAD /usr/lib/gcc/x86_64-linux-gnu/9/../../../x86_64-linux-gnu/Scrt1.o
LOAD /usr/lib/gcc/x86_64-linux-gnu/9/../../../x86_64-linux-gnu/crti.o
LOAD /usr/lib/gcc/x86_64-linux-gnu/9/crtbeginS.o
LOAD build/uart_core.o
LOAD build/mailbox.o
LOAD build/urc_handler.o
LOAD build/console.o
LOAD build/state_core.o
LOAD build/main_full.o
LOAD build/network_test.o
LOAD build/main.o
LOAD build/parser_state.o
LOAD build/sim_stream.o
LOAD build/network_state.o
LOAD build/cellular_state.o
LOAD build/at_parser.o
LOAD build/main_blinky.o
LOAD build/code_coverage_additions.o
LOAD build/net_adaptor.o
LOAD build/network_constants.o
LOAD build/run-time-stats-utils.o
LOAD build//home/sam/Downloads/FreeRTOSv202012.00/FreeRTOS/Source/queue.o
LOAD build//home/sam/Downloads/FreeRTOSv202012.00/FreeRTOS/Source/croutine.o
LOAD build//home/sam/Downloads/FreeRTOSv202012.00/FreeRTOS/Source/list.o
LOAD build//home/sam/Downloads/FreeRTOSv202012.00/FreeRTOS/Source/stream_buffer.o
LOAD build//home/sam/Downloads/FreeRTOSv202012.00/FreeRTOS/Source/event_groups.o
LOAD build//home/sam/Downloads/FreeRTOSv202012.00/FreeRTOS/Source/tasks.o
LOAD build//home/sam/Downloads/FreeRTOSv202012.00/FreeRTOS/Source/timers.o
LOAD build//home/sam/Downloads/FreeRTOSv202012.00/FreeRTOS/Source/portable/MemMang/heap_3.o
LOAD build//home/sam/Downloads/FreeRTOSv202012.00/FreeRTOS/Source/portable/ThirdParty/GCC/Posix/utils/wait_for_event.o
LOAD build//home/sam/Downloads/FreeRTOSv202012.00/FreeRTOS/Source/portable/ThirdParty/GCC/Posix/port.o
LOAD build//home/sam/Downloads/FreeRTOSv202012.00/FreeRTOS/Demo/Common/Minimal/AbortDelay.o
LOAD build//home/sam/Downloads/FreeRTOSv202012.00/FreeRTOS/Demo/Common/Minimal/BlockQ.o
LOAD build//home/sam/Downloads/FreeRTOSv202012.00/FreeRTOS/Demo/Common/Minimal/blocktim.o
LOAD build//home/sam/Downloads/FreeRTOSv202012.00/FreeRTOS/Demo/Common/Minimal/countsem.o
LOAD build//home/sam/Downloads/FreeRTOSv202012.00/FreeRTOS/Demo/Common/Minimal/death.o
LOAD build//home/sam/Downloads/FreeRTOSv202012.00/FreeRTOS/Demo/Common/Minimal/dynamic.o
LOAD build//home/sam/Downloads/FreeRTOSv202012.00/FreeRTOS/Demo/Common/Minimal/EventGroupsDemo.o
LOAD build//home/sam/Downloads/FreeRTOSv202012.00/FreeRTOS/Demo/Common/Minimal/flop.o
LOAD build//home/sam/Downloads/FreeRTOSv202012.00/FreeRTOS/Demo/Common/Minimal/GenQTest.o
LOAD build//home/sam/Downloads/FreeRTOSv202012.00/FreeRTOS/Demo/Common/Minimal/integer.o
LOAD build//home/sam/Downloads/FreeRTOSv202012.00/FreeRTOS/Demo/Common/Minimal/IntSemTest.o
LOAD build//home/sam/Downloads/FreeRTOSv202012.00/FreeRTOS/Demo/Common/Minimal/MessageBufferAMP.o
LOAD build//home/sam/Downloads/FreeRTOSv202012.00/FreeRTOS/Demo/Common/Minimal/MessageBufferDemo.o
LOAD build//home/sam/Downloads/FreeRTOSv202012.00/FreeRTOS/Demo/Common/Minimal/PollQ.o
LOAD build//home/sam/Downloads/FreeRTOSv202012.00/FreeRTOS/Demo/Common/Minimal/QPeek.o
LOAD build//home/sam/Downloads/FreeRTOSv202012.00/FreeRTOS/Demo/Common/Minimal/QueueOverwrite.o
LOAD build//home/sam/Downloads/FreeRTOSv202012.00/FreeRTOS/Demo/Common/Minimal/QueueSet.o
LOAD build//home/sam/Downloads/FreeRTOSv202012.00/FreeRTOS/Demo/Common/Minimal/QueueSetPolling.o
LOAD build//home/sam/Downloads/FreeRTOSv202012.00/FreeRTOS/Demo/Common/Minimal/recmutex.o
LOAD build//home/sam/Downloads/FreeRTOSv202012.00/FreeRTOS/Demo/Common/Minimal/semtest.o
LOAD build//home/sam/Downloads/FreeRTOSv202012.00/FreeRTOS/Demo/Common/Minimal/StaticAllocation.o
LOAD build//home/sam/Downloads/FreeRTOSv202012.00/FreeRTOS/Demo/Common/Minimal/StreamBufferDemo.o
LOAD build//home/sam/Downloads/FreeRTOSv202012.00/FreeRTOS/Demo/Common/Minimal/StreamBufferInterrupt.o
LOAD build//home/sam/Downloads/FreeRTOSv202012.00/FreeRTOS/Demo/Common/Minimal/TaskNotify.o
LOAD build//home/sam/Downloads/FreeRTOSv202012.00/FreeRTOS/Demo/Common/Minimal/TimerDemo.o
LOAD build//home/sam/Downloads/FreeRTOSv202012.00/FreeRTOS-Plus/Source/FreeRTOS-Plus-Trace/trcKernelPort.o
LOAD build//home/sam/Downloads/FreeRTOSv202012.00/FreeRTOS-Plus/Source/FreeRTOS-Plus-Trace/trcSnapshotRecorder.o
LOAD build//home/sam/Downloads/FreeRTOSv202012.00/FreeRTOS-Plus/Source/FreeRTOS-Plus-Trace/trcStreamingRecorder.o
LOAD build//home/sam/Downloads/FreeRTOSv202012.00/FreeRTOS-Plus/Source/FreeRTOS-Plus-Trace/streamports/File/trcStreamingPort.o
LOAD /usr/lib/gcc/x86_64-linux-gnu/9/../../../x86_64-linux-gnu/libpcap.so
LOAD /usr/lib/gcc/x86_64-linux-gnu/9/libgcc.a
LOAD /usr/lib/gcc/x86_64-linux-gnu/9/libgcc_s.so
START GROUP
LOAD /usr/lib/gcc/x86_64-linux-gnu/9/../../../x86_64-linux-gnu/libgcc_s.so.1
LOAD /usr/lib/gcc/x86_64-linux-gnu/9/libgcc.a
END GROUP
LOAD /usr/lib/gcc/x86_64-linux-gnu/9/../../../x86_64-linux-gnu/libpthread.so
LOAD /usr/lib/gcc/x86_64-linux-gnu/9/../../../x86_64-linux-gnu/libc.so
START GROUP
LOAD /lib/x86_64-linux-gnu/libc.so.6
LOAD /usr/lib/x86_64-linux-gnu/libc_nonshared.a
LOAD /lib/x86_64-linux-gnu/ld-linux-x86-64.so.2
END GROUP
LOAD /usr/lib/gcc/x86_64-linux-gnu/9/libgcc.a
LOAD /usr/lib/gcc/x86_64-linux-gnu/9/libgcc_s.so
START GROUP
LOAD /usr/lib/gcc/x86_64-linux-gnu/9/../../../x86_64-linux-gnu/libgcc_s.so.1
LOAD /usr/lib/gcc/x86_64-linux-gnu/9/libgcc.a
END GROUP
LOAD /usr/lib/gcc/x86_64-linux-gnu/9/crtendS.o
LOAD /usr/lib/gcc/x86_64-linux-gnu/9/../../../x86_64-linux-gnu/crtn.o
                [!provide]                        PROVIDE (__executable_start = SEGMENT_START ("text-segment", 0x0))
                0x0000000000000318                . = (SEGMENT_START ("text-segment", 0x0) + SIZEOF_HEADERS)

.interp         0x0000000000000318       0x1c
 *(.interp)
 .interp        0x0000000000000318       0x1c /usr/lib/gcc/x86_64-linux-gnu/9/../../../x86_64-linux-gnu/Scrt1.o

.note.gnu.property
                0x0000000000000338       0x20
 .note.gnu.property
                0x0000000000000338       0x20 /usr/lib/gcc/x86_64-linux-gnu/9/../../../x86_64-linux-gnu/Scrt1.o

.note.gnu.build-id
                0x0000000000000358       0x24
 *(.note.gnu.build-id)
 .note.gnu.build-id
                0x0000000000000358       0x24 /usr/lib/gcc/x86_64-linux-gnu/9/../../../x86_64-linux-gnu/Scrt1.o

.note.ABI-tag   0x000000000000037c       0x20
 .note.ABI-tag  0x000000000000037c       0x20 /usr/lib/gcc/x86_64-linux-gnu/9/../../../x86_64-linux-gnu/Scrt1.o

.hash
 *(.hash)

.gnu.hash       0x00000000000003a0       0x28
 *(.gnu.hash)
 .gnu.hash      0x00000000000003a0       0x28 /usr/lib/gcc/x86_64-linux-gnu/9/../../../x86_64-linux-gnu/Scrt1.o

.dynsym         0x00000000000003c8      0x648
 *(.dynsym)
 .dynsym        0x00000000000003c8      0x648 /usr/lib/gcc/x86_64-linux-gnu/9/../../../x86_64-linux-gnu/Scrt1.o

.dynstr         0x0000000000000a10      0x35f
 *(.dynstr)
 .dynstr        0x0000000000000a10      0x35f /usr/lib/gcc/x86_64-linux-gnu/9/../../../x86_64-linux-gnu/Scrt1.o

.gnu.version    0x0000000000000d70       0x86
 *(.gnu.version)
 .gnu.version   0x0000000000000d70       0x86 /usr/lib/gcc/x86_64-linux-gnu/9/../../../x86_64-linux-gnu/Scrt1.o

.gnu.version_d  0x0000000000000df8        0x0
 *(.gnu.version_d)
 .gnu.version_d
                0x0000000000000df8        0x0 /usr/lib/gcc/x86_64-linux-gnu/9/../../../x86_64-linux-gnu/Scrt1.o

.gnu.version_r  0x0000000000000df8       0x90
 *(.gnu.version_r)
 .gnu.version_r
                0x0000000000000df8       0x90 /usr/lib/gcc/x86_64-linux-gnu/9/../../../x86_64-linux-gnu/Scrt1.o

.rela.dyn       0x0000000000000e88      0x3d8
 *(.rela.init)
 *(.rela.text .rela.text.* .rela.gnu.linkonce.t.*)
 .rela.text     0x0000000000000e88        0x0 /usr/lib/gcc/x86_64-linux-gnu/9/../../../x86_64-linux-gnu/Scrt1.o
 *(.rela.fini)
 *(.rela.rodata .rela.rodata.* .rela.gnu.linkonce.r.*)
 *(.rela.data .rela.data.* .rela.gnu.linkonce.d.*)
 .rela.data.rel.ro
                0x0000000000000e88        0x0 /usr/lib/gcc/x86_64-linux-gnu/9/../../../x86_64-linux-gnu/Scrt1.o
 .rela.data.rel.local
                0x0000000000000e88      0x318 /usr/lib/gcc/x86_64-linux-gnu/9/../../../x86_64-linux-gnu/Scrt1.o
 *(.rela.tdata .rela.tdata.* .rela.gnu.linkonce.td.*)
 *(.rela.tbss .rela.tbss.* .rela.gnu.linkonce.tb.*)
 *(.rela.ctors)
 *(.rela.dtors)
 *(.rela.got)
 .rela.got      0x00000000000011a0       0x78 /usr/lib/gcc/x86_64-linux-gnu/9/../../../x86_64-linux-gnu/Scrt1.o
 *(.rela.bss .rela.bss.* .rela.gnu.linkonce.b.*)
 .rela.bss      0x0000000000001218       0x18 /usr/lib/gcc/x86_64-linux-gnu/9/../../../x86_64-linux-gnu/Scrt1.o
 *(.rela.ldata .rela.ldata.* .rela.gnu.linkonce.l.*)
 *(.rela.lbss .rela.lbss.* .rela.gnu.linkonce.lb.*)
 *(.rela.lrodata .rela.lrodata.* .rela.gnu.linkonce.lr.*)
 *(.rela.ifunc)
 .rela.ifunc    0x0000000000001230        0x0 /usr/lib/gcc/x86_64-linux-gnu/9/../../../x86_64-linux-gnu/Scrt1.o
 .rela.fini_array
                0x0000000000001230       0x18 /usr/lib/gcc/x86_64-linux-gnu/9/../../../x86_64-linux-gnu/Scrt1.o
 .rela.init_array
                0x0000000000001248       0x18 /usr/lib/gcc/x86_64-linux-gnu/9/../../../x86_64-linux-gnu/Scrt1.o

.rela.plt       0x0000000000001260      0x5a0
 *(.rela.plt)
 .rela.plt      0x0000000000001260      0x5a0 /usr/lib/gcc/x86_64-linux-gnu/9/../../../x86_64-linux-gnu/Scrt1.o
 *(.rela.iplt)
                0x0000000000002000                . = ALIGN (CONSTANT (MAXPAGESIZE))

.init           0x0000000000002000       0x1b
 *(SORT_NONE(.init))
 .init          0x0000000000002000       0x16 /usr/lib/gcc/x86_64-linux-gnu/9/../../../x86_64-linux-gnu/crti.o
                0x0000000000002000                _init
 .init          0x0000000000002016        0x5 /usr/lib/gcc/x86_64-linux-gnu/9/../../../x86_64-linux-gnu/crtn.o

.plt            0x0000000000002020      0x3d0
 *(.plt)
 .plt           0x0000000000002020      0x3d0 /usr/lib/gcc/x86_64-linux-gnu/9/../../../x86_64-linux-gnu/Scrt1.o
 *(.iplt)

.plt.got        0x00000000000023f0       0x10
 *(.plt.got)
 .plt.got       0x00000000000023f0       0x10 /usr/lib/gcc/x86_64-linux-gnu/9/../../../x86_64-linux-gnu/Scrt1.o
                0x00000000000023f0                __cxa_finalize@@GLIBC_2.2.5

.plt.sec        0x0000000000002400      0x3c0
 *(.plt.sec)
 .plt.sec       0x0000000000002400      0x3c0 /usr/lib/gcc/x86_64-linux-gnu/9/../../../x86_64-linux-gnu/Scrt1.o
                0x0000000000002400                free@@GLIBC_2.2.5
                0x0000000000002410                putchar@@GLIBC_2.2.5
                0x0000000000002420                pthread_create@@GLIBC_2.2.5
                0x0000000000002430                pthread_sigmask@@GLIBC_2.2.5
                0x0000000000002440                abort@@GLIBC_2.2.5
                0x0000000000002450                __errno_location@@GLIBC_2.2.5
                0x0000000000002460                strncpy@@GLIBC_2.2.5
                0x0000000000002470                strncmp@@GLIBC_2.2.5
                0x0000000000002480                puts@@GLIBC_2.2.5
                0x0000000000002490                pthread_cancel@@GLIBC_2.2.5
                0x00000000000024a0                pthread_attr_setstack@@GLIBC_2.2.5
                0x00000000000024b0                sigaction@@GLIBC_2.2.5
                0x00000000000024c0                fcntl@@GLIBC_2.2.5
                0x00000000000024d0                clock_gettime@@GLIBC_2.17
                0x00000000000024e0                pthread_kill@@GLIBC_2.2.5
                0x00000000000024f0                pthread_cond_wait@@GLIBC_2.3.2
                0x0000000000002500                pthread_once@@GLIBC_2.2.5
                0x0000000000002510                fclose@@GLIBC_2.2.5
                0x0000000000002520                strlen@@GLIBC_2.2.5
                0x0000000000002530                __stack_chk_fail@@GLIBC_2.4
                0x0000000000002540                printf@@GLIBC_2.2.5
                0x0000000000002550                pthread_mutex_destroy@@GLIBC_2.2.5
                0x0000000000002560                memset@@GLIBC_2.2.5
                0x0000000000002570                ioctl@@GLIBC_2.2.5
                0x0000000000002580                read@@GLIBC_2.2.5
                0x0000000000002590                memcmp@@GLIBC_2.2.5
                0x00000000000025a0                pthread_attr_init@@GLIBC_2.2.5
                0x00000000000025b0                pthread_cond_signal@@GLIBC_2.3.2
                0x00000000000025c0                strcmp@@GLIBC_2.2.5
                0x00000000000025d0                fprintf@@GLIBC_2.2.5
                0x00000000000025e0                sigemptyset@@GLIBC_2.2.5
                0x00000000000025f0                strtol@@GLIBC_2.2.5
                0x0000000000002600                sigfillset@@GLIBC_2.2.5
                0x0000000000002610                memcpy@@GLIBC_2.14
                0x0000000000002620                select@@GLIBC_2.2.5
                0x0000000000002630                pthread_cond_init@@GLIBC_2.3.2
                0x0000000000002640                pthread_mutex_unlock@@GLIBC_2.2.5
                0x0000000000002650                pthread_exit@@GLIBC_2.2.5
                0x0000000000002660                malloc@@GLIBC_2.2.5
                0x0000000000002670                vprintf@@GLIBC_2.2.5
                0x0000000000002680                setitimer@@GLIBC_2.2.5
                0x0000000000002690                pthread_self@@GLIBC_2.2.5
                0x00000000000026a0                pthread_cond_timedwait@@GLIBC_2.3.2
                0x00000000000026b0                pthread_cond_destroy@@GLIBC_2.3.2
                0x00000000000026c0                open@@GLIBC_2.2.5
                0x00000000000026d0                times@@GLIBC_2.2.5
                0x00000000000026e0                fopen@@GLIBC_2.2.5
                0x00000000000026f0                sigdelset@@GLIBC_2.2.5
                0x0000000000002700                strtok@@GLIBC_2.2.5
                0x0000000000002710                getitimer@@GLIBC_2.2.5
                0x0000000000002720                pthread_join@@GLIBC_2.2.5
                0x0000000000002730                sigwait@@GLIBC_2.2.5
                0x0000000000002740                sprintf@@GLIBC_2.2.5
                0x0000000000002750                fwrite@@GLIBC_2.2.5
                0x0000000000002760                strerror@@GLIBC_2.2.5
                0x0000000000002770                pthread_mutex_init@@GLIBC_2.2.5
                0x0000000000002780                sigaddset@@GLIBC_2.2.5
                0x0000000000002790                pthread_mutex_lock@@GLIBC_2.2.5
                0x00000000000027a0                __ctype_b_loc@@GLIBC_2.3
                0x00000000000027b0                usleep@@GLIBC_2.2.5

.text           0x00000000000027c0    0x28ae5
 *(.text.unlikely .text.*_unlikely .text.unlikely.*)
 *(.text.exit .text.exit.*)
 *(.text.startup .text.startup.*)
 *(.text.hot .text.hot.*)
 *(SORT_BY_NAME(.text.sorted.*))
 *(.text .stub .text.* .gnu.linkonce.t.*)
 .text          0x00000000000027c0       0x2f /usr/lib/gcc/x86_64-linux-gnu/9/../../../x86_64-linux-gnu/Scrt1.o
                0x00000000000027c0                _start
 .text          0x00000000000027ef        0x0 /usr/lib/gcc/x86_64-linux-gnu/9/../../../x86_64-linux-gnu/crti.o
 *fill*         0x00000000000027ef        0x1 
 .text          0x00000000000027f0       0xb9 /usr/lib/gcc/x86_64-linux-gnu/9/crtbeginS.o
 .text          0x00000000000028a9      0x140 build/uart_core.o
                0x00000000000028a9                at_incomming_peek
                0x000000000000292e                spawn_uart_thread
 .text          0x00000000000029e9      0x701 build/mailbox.o
                0x0000000000002e29                create_mailbox_freertos_objects
                0x0000000000002ec1                mailbox_wait
                0x0000000000002fac                mailbox_post
                0x0000000000003055                get_mailbox_sem
                0x00000000000030c1                put_mailbox_sem
 .text          0x00000000000030ea        0x0 build/urc_handler.o
 .text          0x00000000000030ea      0x126 build/console.o
                0x00000000000030ea                console_init
                0x000000000000310d                console_print
 .text          0x0000000000003210      0xc3a build/state_core.o
                0x0000000000003210                add_event_consumer
                0x00000000000038aa                state_post_event
                0x0000000000003b1c                state_core_spawner
                0x0000000000003b95                start_new_state_machine
 .text          0x0000000000003e4a        0x0 build/main_full.o
 .text          0x0000000000003e4a       0x1c build/network_test.o
                0x0000000000003e4a                network_test
 .text          0x0000000000003e66      0x3f4 build/main.o
                0x0000000000003e66                main
                0x0000000000003ee2                vApplicationMallocFailedHook
                0x0000000000003efe                vApplicationIdleHook
                0x0000000000003f18                vApplicationStackOverflowHook
                0x0000000000003f40                vApplicationTickHook
                0x0000000000004032                vLoggingPrintf
                0x0000000000004101                vApplicationDaemonTaskStartupHook
                0x000000000000410c                vAssertCalled
                0x00000000000041e0                vApplicationGetIdleTaskMemory
                0x000000000000421d                vApplicationGetTimerTaskMemory
 .text          0x000000000000425a     0x1056 build/parser_state.o
                0x0000000000005289                parser_state_spawner
 .text          0x00000000000052b0       0xa1 build/sim_stream.o
                0x00000000000052b0                set_current_cmd
                0x00000000000052dc                at_incomming_get_stream
                0x000000000000533f                at_command_issue_hal
 .text          0x0000000000005351     0x1b1e build/network_state.o
                0x0000000000005351                dummy_callback
                0x0000000000005b70                verify_cgact
                0x0000000000005c4c                verify_kcnxfg
                0x0000000000005d5e                verify_cereg
                0x0000000000005e74                verify_cfun
                0x0000000000005fbd                set_cfun
                0x0000000000006109                verify_kudpcfg
                0x0000000000006227                send_cmd
                0x0000000000006483                send_write
                0x0000000000006779                send_read
                0x0000000000006a87                get_net_state_cmd
                0x0000000000006bb6                get_net_state_token
                0x0000000000006d83                driver_b
                0x0000000000006e64                network_driver
 .text          0x0000000000006e6f        0x0 build/cellular_state.o
 .text          0x0000000000006e6f     0x2799 build/at_parser.o
                0x00000000000070dd                get_type_cmd
                0x00000000000072d8                get_type
                0x000000000000751d                verify_urc_and_parse
                0x000000000000785a                at_print_lines
                0x00000000000078ee                check_for_type
                0x00000000000079e7                at_line_explode
                0x0000000000007fdd                clear_at_parsed_struct
                0x0000000000007ffe                get_parsed_struct
                0x000000000000800f                get_urc_parsed_struct
                0x0000000000008020                is_connect_line
                0x00000000000080c5                is_status_line
                0x0000000000008302                at_parser_delimiter_hunter
                0x0000000000008847                at_parser_stringer
                0x000000000000891a                print_parsed
                0x0000000000008a92                print_parsed_urc
                0x0000000000008b68                parser_test
 .text          0x0000000000009608      0x240 build/main_blinky.o
                0x0000000000009608                main_blinky
 .text          0x0000000000009848      0xc1b build/code_coverage_additions.o
                0x000000000000a40a                xRunCodeCoverageTestAdditions
 .text          0x000000000000a463      0x288 build/net_adaptor.o
                0x000000000000a535                enqueue_udp_write
                0x000000000000a672                net_adaptor_spawner
 .text          0x000000000000a6eb      0x35d build/network_constants.o
                0x000000000000a6eb                create_cgact_cmd
                0x000000000000a77e                create_cfun_en_cmd
                0x000000000000a811                create_kcnxcfg_cmd
                0x000000000000a8ab                create_kudpsend_cmd
                0x000000000000a95b                create_kudprcv_cmd
 .text          0x000000000000aa48       0xbd build/run-time-stats-utils.o
                0x000000000000aa48                vConfigureTimerForRunTimeStats
                0x000000000000aaa4                ulGetRunTimeCounterValue
 .text          0x000000000000ab05     0x381b build//home/sam/Downloads/FreeRTOSv202012.00/FreeRTOS/Source/queue.o
                0x000000000000ab05                xQueueGenericReset
                0x000000000000ac21                xQueueGenericCreateStatic
                0x000000000000ad79                xQueueGenericCreate
                0x000000000000b0ec                xQueueCreateMutex
                0x000000000000b13a                xQueueCreateMutexStatic
                0x000000000000b198                xQueueGetMutexHolder
                0x000000000000b1e2                xQueueGetMutexHolderFromISR
                0x000000000000b232                xQueueGiveMutexRecursive
                0x000000000000b367                xQueueTakeMutexRecursive
                0x000000000000b409                xQueueCreateCountingSemaphoreStatic
                0x000000000000b494                xQueueCreateCountingSemaphore
                0x000000000000b50e                xQueueGenericSend
                0x000000000000bb00                xQueueGenericSendFromISR
                0x000000000000be35                xQueueGiveFromISR
                0x000000000000be63                MyWrapper_xQueueGiveFromISR
                0x000000000000c15a                xQueueReceive
                0x000000000000c6eb                xQueueSemaphoreTake
                0x000000000000cce9                xQueuePeek
                0x000000000000d207                xQueueReceiveFromISR
                0x000000000000d493                xQueuePeekFromISR
                0x000000000000d585                uxQueueMessagesWaiting
                0x000000000000d5c9                uxQueueSpacesAvailable
                0x000000000000d623                uxQueueMessagesWaitingFromISR
                0x000000000000d665                vQueueDelete
                0x000000000000d856                uxQueueGetQueueNumber
                0x000000000000d86f                vQueueSetQueueNumber
                0x000000000000d891                ucQueueGetQueueType
                0x000000000000dc36                xQueueIsQueueEmptyFromISR
                0x000000000000dcd2                xQueueIsQueueFullFromISR
                0x000000000000dd2f                vQueueAddToRegistry
                0x000000000000ddf6                pcQueueGetName
                0x000000000000de5e                vQueueUnregisterQueue
                0x000000000000ded6                vQueueWaitForMessageRestricted
                0x000000000000df6b                xQueueCreateSet
                0x000000000000df9b                xQueueAddToSet
                0x000000000000e007                xQueueRemoveFromSet
                0x000000000000e07c                xQueueSelectFromSet
                0x000000000000e0d8                xQueueSelectFromSetFromISR
 .text          0x000000000000e320        0x0 build//home/sam/Downloads/FreeRTOSv202012.00/FreeRTOS/Source/croutine.o
 .text          0x000000000000e320      0x21f build//home/sam/Downloads/FreeRTOSv202012.00/FreeRTOS/Source/list.o
                0x000000000000e320                vListInitialise
                0x000000000000e376                vListInitialiseItem
                0x000000000000e391                vListInsertEnd
                0x000000000000e406                vListInsert
                0x000000000000e4ba                uxListRemove
 .text          0x000000000000e53f     0x1de3 build//home/sam/Downloads/FreeRTOSv202012.00/FreeRTOS/Source/stream_buffer.o
                0x000000000000e53f                xStreamBufferGenericCreate
                0x000000000000e78e                xStreamBufferGenericCreateStatic
                0x000000000000ea29                vStreamBufferDelete
                0x000000000000ebdc                xStreamBufferReset
                0x000000000000ed5c                xStreamBufferSetTriggerLevel
                0x000000000000edd1                xStreamBufferSpacesAvailable
                0x000000000000ee48                xStreamBufferBytesAvailable
                0x000000000000ee8e                xStreamBufferSend
                0x000000000000f2bb                xStreamBufferSendFromISR
                0x000000000000f5c1                xStreamBufferReceive
                0x000000000000f953                xStreamBufferNextMessageLengthBytes
                0x000000000000fa3b                xStreamBufferReceiveFromISR
                0x000000000000fd45                xStreamBufferIsEmpty
                0x000000000000fda6                xStreamBufferIsFull
                0x000000000000fe24                xStreamBufferSendCompletedFromISR
                0x000000000000feca                xStreamBufferReceiveCompletedFromISR
                0x00000000000102d4                uxStreamBufferGetStreamBufferNumber
                0x00000000000102ea                vStreamBufferSetStreamBufferNumber
                0x0000000000010309                ucStreamBufferGetStreamBufferType
 .text          0x0000000000010322      0xfbe build//home/sam/Downloads/FreeRTOSv202012.00/FreeRTOS/Source/event_groups.o
                0x0000000000010322                xEventGroupCreateStatic
                0x0000000000010498                xEventGroupCreate
                0x00000000000105d5                xEventGroupSync
                0x00000000000108d4                xEventGroupWaitBits
                0x0000000000010c5b                xEventGroupClearBits
                0x0000000000010d44                xEventGroupClearBitsFromISR
                0x0000000000010dc8                xEventGroupGetBitsFromISR
                0x0000000000010e06                xEventGroupSetBits
                0x0000000000011002                vEventGroupDelete
                0x000000000001114e                vEventGroupSetBitsCallback
                0x0000000000011176                vEventGroupClearBitsCallback
                0x00000000000111f4                xEventGroupSetBitsFromISR
                0x000000000001128a                uxEventGroupGetNumber
                0x00000000000112c1                vEventGroupSetNumber
 .text          0x00000000000112e0     0x465f build//home/sam/Downloads/FreeRTOSv202012.00/FreeRTOS/Source/tasks.o
                0x00000000000112e0                xTaskCreateStatic
                0x00000000000113fe                xTaskCreate
                0x000000000001191f                vTaskDelete
                0x0000000000011c4d                xTaskDelayUntil
                0x0000000000011de3                vTaskDelay
                0x0000000000011ec9                eTaskGetState
                0x0000000000011fea                uxTaskPriorityGet
                0x000000000001202e                uxTaskPriorityGetFromISR
                0x000000000001207d                vTaskPrioritySet
                0x0000000000012301                vTaskSuspend
                0x000000000001251f                vTaskResume
                0x0000000000012695                xTaskResumeFromISR
                0x0000000000012821                vTaskStartScheduler
                0x000000000001297f                vTaskEndScheduler
                0x000000000001299f                vTaskSuspendAll
                0x00000000000129bc                xTaskResumeAll
                0x0000000000012b87                xTaskGetTickCount
                0x0000000000012ba0                xTaskGetTickCountFromISR
                0x0000000000012bc1                uxTaskGetNumberOfTasks
                0x0000000000012bd2                pcTaskGetName
                0x0000000000012d7c                xTaskGetHandle
                0x0000000000012e8a                uxTaskGetSystemState
                0x0000000000013016                xTaskGetIdleTaskHandle
                0x0000000000013044                xTaskCatchUpTicks
                0x000000000001309a                xTaskAbortDelay
                0x00000000000131ec                xTaskIncrementTick
                0x000000000001349e                vTaskSetApplicationTaskTag
                0x00000000000134ea                xTaskGetApplicationTaskTag
                0x0000000000013531                xTaskGetApplicationTaskTagFromISR
                0x0000000000013583                xTaskCallApplicationTaskHook
                0x00000000000135eb                vTaskSwitchContext
                0x000000000001377d                vTaskPlaceOnEventList
                0x00000000000137d7                vTaskPlaceOnUnorderedEventList
                0x0000000000013866                vTaskPlaceOnEventListRestricted
                0x0000000000013958                xTaskRemoveFromEventList
                0x0000000000013a9a                vTaskRemoveFromUnorderedEventList
                0x0000000000013bca                vTaskSetTimeOutState
                0x0000000000013c1c                vTaskInternalSetTimeOutState
                0x0000000000013c48                xTaskCheckForTimeOut
                0x0000000000013d85                vTaskMissedYield
                0x0000000000013d9b                uxTaskGetTaskNumber
                0x0000000000013dd5                vTaskSetTaskNumber
                0x0000000000013f4c                vTaskGetInfo
                0x00000000000141df                uxTaskGetStackHighWaterMark2
                0x0000000000014227                uxTaskGetStackHighWaterMark
                0x0000000000014338                xTaskGetCurrentTaskHandle
                0x0000000000014351                xTaskGetSchedulerState
                0x0000000000014393                xTaskPriorityInherit
                0x00000000000145b4                xTaskPriorityDisinherit
                0x00000000000147c2                vTaskPriorityDisinheritAfterTimeout
                0x0000000000014a09                uxTaskResetEventItemValue
                0x0000000000014a47                pvTaskIncrementMutexHeldCount
                0x0000000000014a7d                ulTaskGenericNotifyTake
                0x0000000000014d0b                xTaskGenericNotifyWait
                0x0000000000014f72                xTaskGenericNotify
                0x0000000000015232                xTaskGenericNotifyFromISR
                0x0000000000015527                vTaskGenericNotifyGiveFromISR
                0x0000000000015733                xTaskGenericNotifyStateClear
                0x00000000000157c5                ulTaskGenericNotifyValueClear
                0x000000000001583f                ulTaskGetIdleRunTimeCounter
 .text          0x000000000001593f     0x146c build//home/sam/Downloads/FreeRTOSv202012.00/FreeRTOS/Source/timers.o
                0x000000000001593f                xTimerCreateTimerTask
                0x0000000000015a1e                xTimerCreate
                0x0000000000015a87                xTimerCreateStatic
                0x0000000000015c99                xTimerGenericCommand
                0x0000000000015fd9                xTimerGetTimerDaemonTaskHandle
                0x0000000000016007                xTimerGetPeriod
                0x0000000000016041                vTimerSetReloadMode
                0x00000000000160b3                uxTimerGetReloadMode
                0x0000000000016117                xTimerGetExpiryTime
                0x0000000000016159                pcTimerGetName
                0x0000000000016a68                xTimerIsTimerActive
                0x0000000000016acc                pvTimerGetTimerID
                0x0000000000016b18                vTimerSetTimerID
                0x0000000000016b65                xTimerPendFunctionCallFromISR
                0x0000000000016c1c                xTimerPendFunctionCall
                0x0000000000016d76                uxTimerGetTimerNumber
                0x0000000000016d8c                vTimerSetTimerNumber
 .text          0x0000000000016dab       0xb6 build//home/sam/Downloads/FreeRTOSv202012.00/FreeRTOS/Source/portable/MemMang/heap_3.o
                0x0000000000016dab                pvPortMalloc
                0x0000000000016e1c                vPortFree
 .text          0x0000000000016e61      0x205 build//home/sam/Downloads/FreeRTOSv202012.00/FreeRTOS/Source/portable/ThirdParty/GCC/Posix/utils/wait_for_event.o
                0x0000000000016e61                event_create
                0x0000000000016eaf                event_delete
                0x0000000000016eea                event_wait
                0x0000000000016f49                event_wait_timed
                0x0000000000017023                event_signal
 .text          0x0000000000017066      0x95d build//home/sam/Downloads/FreeRTOSv202012.00/FreeRTOS/Source/portable/ThirdParty/GCC/Posix/port.o
                0x00000000000170c7                pxPortInitialiseStack
                0x0000000000017212                xPortStartScheduler
                0x00000000000172db                vPortEndScheduler
                0x00000000000173d5                vPortEnterCritical
                0x0000000000017403                vPortExitCritical
                0x0000000000017431                vPortYieldFromISR
                0x000000000001747a                vPortYield
                0x0000000000017494                vPortDisableInterrupts
                0x00000000000174b5                vPortEnableInterrupts
                0x00000000000174d6                xPortSetInterruptMask
                0x00000000000174e5                vPortClearInterruptMask
                0x000000000001767e                vPortThreadDying
                0x00000000000176b1                vPortCancelThread
                0x0000000000017982                ulPortGetRunTime
 .text          0x00000000000179c3      0xc6f build//home/sam/Downloads/FreeRTOSv202012.00/FreeRTOS/Demo/Common/Minimal/AbortDelay.o
                0x00000000000179c3                vCreateAbortDelayTasks
                0x00000000000185b5                xAreAbortDelayTestTasksStillRunning
 .text          0x0000000000018632      0x4a9 build//home/sam/Downloads/FreeRTOSv202012.00/FreeRTOS/Demo/Common/Minimal/BlockQ.o
                0x0000000000018632                vStartBlockingQueueTasks
                0x00000000000189f6                xAreBlockingQueuesStillRunning
 .text          0x0000000000018adb      0x955 build//home/sam/Downloads/FreeRTOSv202012.00/FreeRTOS/Demo/Common/Minimal/blocktim.o
                0x0000000000018adb                vCreateBlockTimeTasks
                0x00000000000193b3                xAreBlockTimeTestTasksStillRunning
 .text          0x0000000000019430      0x3fc build//home/sam/Downloads/FreeRTOSv202012.00/FreeRTOS/Demo/Common/Minimal/countsem.o
                0x0000000000019430                vStartCountingSemaphoreTasks
                0x00000000000197ac                xAreCountingSemaphoreTasksStillRunning
 .text          0x000000000001982c      0x21c build//home/sam/Downloads/FreeRTOSv202012.00/FreeRTOS/Demo/Common/Minimal/death.o
                0x000000000001982c                vCreateSuicidalTasks
                0x00000000000199b4                xIsCreateTaskStillRunning
 .text          0x0000000000019a48      0x533 build//home/sam/Downloads/FreeRTOSv202012.00/FreeRTOS/Demo/Common/Minimal/dynamic.o
                0x0000000000019a48                vStartDynamicPriorityTasks
                0x0000000000019eee                xAreDynamicPriorityTasksStillRunning
 .text          0x0000000000019f7b      0xfe9 build//home/sam/Downloads/FreeRTOSv202012.00/FreeRTOS/Demo/Common/Minimal/EventGroupsDemo.o
                0x0000000000019f7b                vStartEventGroupTasks
                0x000000000001ad7d                vPeriodicEventGroupsProcessing
                0x000000000001aee2                xAreEventGroupTasksStillRunning
 .text          0x000000000001af64      0x5e6 build//home/sam/Downloads/FreeRTOSv202012.00/FreeRTOS/Demo/Common/Minimal/flop.o
                0x000000000001af64                vStartMathTasks
                0x000000000001b4e6                xAreMathsTaskStillRunning
 .text          0x000000000001b54a      0xed6 build//home/sam/Downloads/FreeRTOSv202012.00/FreeRTOS/Demo/Common/Minimal/GenQTest.o
                0x000000000001b54a                vStartGenericQueueTasks
                0x000000000001c3b8                xAreGenericQueueTasksStillRunning
 .text          0x000000000001c420      0x185 build//home/sam/Downloads/FreeRTOSv202012.00/FreeRTOS/Demo/Common/Minimal/integer.o
                0x000000000001c420                vStartIntegerMathTasks
                0x000000000001c532                xAreIntegerMathsTaskStillRunning
 .text          0x000000000001c5a5      0x882 build//home/sam/Downloads/FreeRTOSv202012.00/FreeRTOS/Demo/Common/Minimal/IntSemTest.o
                0x000000000001c5a5                vStartInterruptSemaphoreTasks
                0x000000000001ccc2                vInterruptSemaphorePeriodicTest
                0x000000000001cdb6                xAreInterruptSemaphoreTasksStillRunning
 .text          0x000000000001ce27      0x446 build//home/sam/Downloads/FreeRTOSv202012.00/FreeRTOS/Demo/Common/Minimal/MessageBufferAMP.o
                0x000000000001ce27                vStartMessageBufferAMPTasks
                0x000000000001d0ef                vGenerateCoreBInterrupt
                0x000000000001d1dd                xAreMessageBufferAMPTasksStillRunning
 .text          0x000000000001d26d     0x1506 build//home/sam/Downloads/FreeRTOSv202012.00/FreeRTOS/Demo/Common/Minimal/MessageBufferDemo.o
                0x000000000001d26d                vStartMessageBufferTasks
                0x000000000001e63f                xAreMessageBufferTasksStillRunning
 .text          0x000000000001e773      0x25a build//home/sam/Downloads/FreeRTOSv202012.00/FreeRTOS/Demo/Common/Minimal/PollQ.o
                0x000000000001e773                vStartPolledQueueTasks
                0x000000000001e97f                xArePollingQueuesStillRunning
 .text          0x000000000001e9cd      0x5da build//home/sam/Downloads/FreeRTOSv202012.00/FreeRTOS/Demo/Common/Minimal/QPeek.o
                0x000000000001e9cd                vStartQueuePeekTasks
                0x000000000001ef66                xAreQueuePeekTasksStillRunning
 .text          0x000000000001efa7      0x36d build//home/sam/Downloads/FreeRTOSv202012.00/FreeRTOS/Demo/Common/Minimal/QueueOverwrite.o
                0x000000000001efa7                vStartQueueOverwriteTask
                0x000000000001f17c                xIsQueueOverwriteTaskStillRunning
                0x000000000001f1c7                vQueueOverwritePeriodicISRDemo
 .text          0x000000000001f314     0x1485 build//home/sam/Downloads/FreeRTOSv202012.00/FreeRTOS/Demo/Common/Minimal/QueueSet.o
                0x000000000001f314                vStartQueueSetTasks
                0x000000000001f393                xAreQueueSetTasksStillRunning
                0x000000000001f73b                vQueueSetAccessQueueSetFromISR
 .text          0x0000000000020799      0x1d2 build//home/sam/Downloads/FreeRTOSv202012.00/FreeRTOS/Demo/Common/Minimal/QueueSetPolling.o
                0x0000000000020799                vStartQueueSetPollingTask
                0x00000000000208cf                vQueueSetPollingInterruptAccess
                0x0000000000020933                xAreQueueSetPollTasksStillRunning
 .text          0x000000000002096b      0x4f5 build//home/sam/Downloads/FreeRTOSv202012.00/FreeRTOS/Demo/Common/Minimal/recmutex.o
                0x000000000002096b                vStartRecursiveMutexTasks
                0x0000000000020da9                xAreRecursiveMutexTasksStillRunning
 .text          0x0000000000020e60      0x409 build//home/sam/Downloads/FreeRTOSv202012.00/FreeRTOS/Demo/Common/Minimal/semtest.o
                0x0000000000020e60                vStartSemaphoreTasks
                0x00000000000211e4                xAreSemaphoreTasksStillRunning
 .text          0x0000000000021269     0x1122 build//home/sam/Downloads/FreeRTOSv202012.00/FreeRTOS/Demo/Common/Minimal/StaticAllocation.o
                0x0000000000021269                vStartStaticallyAllocatedTasks
                0x0000000000022331                xAreStaticAllocationTasksStillRunning
 .text          0x000000000002238b     0x2345 build//home/sam/Downloads/FreeRTOSv202012.00/FreeRTOS/Demo/Common/Minimal/StreamBufferDemo.o
                0x000000000002238b                vStartStreamBufferTasks
                0x0000000000024289                vPeriodicStreamBufferProcessing
                0x000000000002456f                xAreStreamBufferTasksStillRunning
 .text          0x00000000000246d0      0x2a0 build//home/sam/Downloads/FreeRTOSv202012.00/FreeRTOS/Demo/Common/Minimal/StreamBufferInterrupt.o
                0x00000000000246d0                vStartStreamBufferInterruptDemo
                0x0000000000024889                vBasicStreamBufferSendFromISR
                0x0000000000024937                xIsInterruptStreamBufferDemoStillRunning
 .text          0x0000000000024970     0x11b4 build//home/sam/Downloads/FreeRTOSv202012.00/FreeRTOS/Demo/Common/Minimal/TaskNotify.o
                0x0000000000024970                vStartTaskNotifyTask
                0x00000000000258d0                xNotifyTaskFromISR
                0x0000000000025a6c                xAreTaskNotificationTasksStillRunning
 .text          0x0000000000025b24     0x1a0e build//home/sam/Downloads/FreeRTOSv202012.00/FreeRTOS/Demo/Common/Minimal/TimerDemo.o
                0x0000000000025b24                vStartTimerDemoTask
                0x0000000000025cb6                xAreTimerDemoTasksStillRunning
                0x0000000000026a7c                vTimerPeriodicISRTests
 .text          0x0000000000027532      0x976 build//home/sam/Downloads/FreeRTOSv202012.00/FreeRTOS-Plus/Source/FreeRTOS-Plus-Trace/trcKernelPort.o
                0x0000000000027532                prvTraceGetQueueNumber
                0x0000000000027550                prvTraceGetQueueType
                0x000000000002756e                prvTraceGetTaskNumberLow16
                0x000000000002758c                prvTraceGetTaskNumberHigh16
                0x00000000000275ae                prvTraceSetTaskNumberLow16
                0x00000000000275f1                prvTraceSetTaskNumberHigh16
                0x0000000000027634                prvTraceGetQueueNumberLow16
                0x0000000000027652                prvTraceGetQueueNumberHigh16
                0x0000000000027673                prvTraceSetQueueNumberLow16
                0x00000000000276b5                prvTraceSetQueueNumberHigh16
                0x00000000000276f7                prvTraceGetTimerNumberLow16
                0x0000000000027715                prvTraceGetTimerNumberHigh16
                0x0000000000027737                prvTraceSetTimerNumberLow16
                0x000000000002777a                prvTraceSetTimerNumberHigh16
                0x00000000000277bd                prvTraceGetEventGroupNumberLow16
                0x00000000000277db                prvTraceGetEventGroupNumberHigh16
                0x00000000000277fd                prvTraceSetEventGroupNumberLow16
                0x0000000000027840                prvTraceSetEventGroupNumberHigh16
                0x0000000000027883                prvTraceGetStreamBufferNumberLow16
                0x00000000000278a1                prvTraceGetStreamBufferNumberHigh16
                0x00000000000278c3                prvTraceSetStreamBufferNumberLow16
                0x0000000000027906                prvTraceSetStreamBufferNumberHigh16
                0x0000000000027949                vTraceSetQueueName
                0x000000000002797f                vTraceSetSemaphoreName
                0x00000000000279b5                vTraceSetMutexName
                0x00000000000279eb                vTraceSetEventGroupName
                0x0000000000027a21                vTraceSetStreamBufferName
                0x0000000000027a57                vTraceSetMessageBufferName
                0x0000000000027a8d                prvTraceGetCurrentTaskHandle
                0x0000000000027a9c                vTraceEnable
                0x0000000000027ae6                vTraceInitObjectPropertyTable
                0x0000000000027cd5                vTraceInitObjectHandleStack
                0x0000000000027e00                pszTraceGetErrorNotEnoughHandles
                0x0000000000027e93                prvTraceIsSchedulerSuspended
 .text          0x0000000000027ea8     0x337a build//home/sam/Downloads/FreeRTOSv202012.00/FreeRTOS-Plus/Source/FreeRTOS-Plus-Trace/trcSnapshotRecorder.o
                0x0000000000027ea8                vTraceSetStopHook
                0x0000000000027ec2                vTraceClear
                0x0000000000027f87                uiTraceStart
                0x0000000000028094                vTraceStart
                0x00000000000280a4                vTraceStop
                0x00000000000280de                xTraceIsRecordingEnabled
                0x0000000000028105                xTraceGetLastError
                0x0000000000028116                vTraceClearError
                0x0000000000028149                xTraceGetTraceBuffer
                0x000000000002815a                uiTraceGetTraceBufferSize
                0x0000000000028201                vTraceInstanceFinishedNext
                0x0000000000028216                vTraceInstanceFinishedNow
                0x000000000002822b                xTraceSetISRProperties
                0x00000000000282f2                vTraceStoreISRBegin
                0x000000000002843a                vTraceStoreISREnd
                0x0000000000028d29                vTracePrintF
                0x0000000000028e00                vTraceVPrintF
                0x0000000000029084                vTracePrint
                0x000000000002912c                xTraceRegisterString
                0x0000000000029188                prvTraceSetReadyEventsEnabled
                0x000000000002919f                prvTraceStoreTaskReady
                0x0000000000029280                prvTraceStoreLowPower
                0x0000000000029331                vTraceStoreMemMangEvent
                0x0000000000029483                prvTraceStoreKernelCall
                0x00000000000295a6                prvTraceStoreKernelCallWithParam
                0x000000000002976f                prvTraceStoreKernelCallWithNumericParamOnly
                0x0000000000029856                prvTraceStoreTaskswitch
                0x000000000002995d                prvTraceStoreObjectNameOnCloseEvent
                0x0000000000029a53                prvTraceStoreObjectPropertiesOnCloseEvent
                0x0000000000029b7d                prvTraceSetPriorityProperty
                0x0000000000029c1d                prvTraceGetPriorityProperty
                0x0000000000029cbd                prvTraceSetObjectState
                0x0000000000029df7                prvTraceSetTaskInstanceFinished
                0x0000000000029e62                prvTraceInitTraceData
                0x000000000002a182                uiIndexOfObject
                0x000000000002a254                prvTraceGetObjectHandle
                0x000000000002a44b                prvTraceFreeObjectHandle
                0x000000000002a541                prvMarkObjectAsUsed
                0x000000000002a5dc                prvTraceSetObjectName
                0x000000000002a7c4                vTraceSetFrequency
                0x000000000002a7db                prvTraceError
                0x000000000002a858                vTraceSetFilterMask
                0x000000000002a874                vTraceSetFilterGroup
                0x000000000002b169                prvTracePortGetTimeStamp
 .text          0x000000000002b222        0x0 build//home/sam/Downloads/FreeRTOSv202012.00/FreeRTOS-Plus/Source/FreeRTOS-Plus-Trace/trcStreamingRecorder.o
 .text          0x000000000002b222        0x0 build//home/sam/Downloads/FreeRTOSv202012.00/FreeRTOS-Plus/Source/FreeRTOS-Plus-Trace/streamports/File/trcStreamingPort.o
 *fill*         0x000000000002b222        0xe 
 .text          0x000000000002b230       0x75 /usr/lib/x86_64-linux-gnu/libc_nonshared.a(elf-init.oS)
                0x000000000002b230                __libc_csu_init
                0x000000000002b2a0                __libc_csu_fini
 .text          0x000000000002b2a5        0x0 /usr/lib/gcc/x86_64-linux-gnu/9/crtendS.o
 .text          0x000000000002b2a5        0x0 /usr/lib/gcc/x86_64-linux-gnu/9/../../../x86_64-linux-gnu/crtn.o
 *(.gnu.warning)

.fini           0x000000000002b2a8        0xd
 *(SORT_NONE(.fini))
 .fini          0x000000000002b2a8        0x8 /usr/lib/gcc/x86_64-linux-gnu/9/../../../x86_64-linux-gnu/crti.o
                0x000000000002b2a8                _fini
 .fini          0x000000000002b2b0        0x5 /usr/lib/gcc/x86_64-linux-gnu/9/../../../x86_64-linux-gnu/crtn.o
                [!provide]                        PROVIDE (__etext = .)
                [!provide]                        PROVIDE (_etext = .)
                [!provide]                        PROVIDE (etext = .)
                0x000000000002c000                . = ALIGN (CONSTANT (MAXPAGESIZE))
                0x000000000002c000                . = SEGMENT_START ("rodata-segment", (ALIGN (CONSTANT (MAXPAGESIZE)) + (. & (CONSTANT (MAXPAGESIZE) - 0x1))))

.rodata         0x000000000002c000     0x373b
 *(.rodata .rodata.* .gnu.linkonce.r.*)
 .rodata.cst4   0x000000000002c000        0x4 /usr/lib/gcc/x86_64-linux-gnu/9/../../../x86_64-linux-gnu/Scrt1.o
                0x000000000002c000                _IO_stdin_used
 *fill*         0x000000000002c004        0x4 
 .rodata        0x000000000002c008       0x6f build/uart_core.o
 *fill*         0x000000000002c077        0x1 
 .rodata        0x000000000002c078      0x2d5 build/mailbox.o
 *fill*         0x000000000002c34d        0x3 
 .rodata        0x000000000002c350        0xc build/urc_handler.o
 *fill*         0x000000000002c35c        0x4 
 .rodata        0x000000000002c360      0x2f3 build/state_core.o
 *fill*         0x000000000002c653        0x5 
 .rodata        0x000000000002c658        0xd build/network_test.o
 *fill*         0x000000000002c665        0x3 
 .rodata        0x000000000002c668       0xf4 build/main.o
 *fill*         0x000000000002c75c        0x4 
 .rodata        0x000000000002c760      0x2d9 build/parser_state.o
 *fill*         0x000000000002ca39        0x7 
 .rodata        0x000000000002ca40        0xb build/sim_stream.o
 *fill*         0x000000000002ca4b        0x5 
 .rodata        0x000000000002ca50      0x537 build/network_state.o
 *fill*         0x000000000002cf87        0x1 
 .rodata        0x000000000002cf88      0x420 build/at_parser.o
 .rodata        0x000000000002d3a8       0x62 build/main_blinky.o
 .rodata        0x000000000002d40a       0x19 build/code_coverage_additions.o
 *fill*         0x000000000002d423        0x5 
 .rodata        0x000000000002d428       0x5c build/net_adaptor.o
 *fill*         0x000000000002d484        0xc 
 .rodata        0x000000000002d490       0xca build/network_constants.o
 *fill*         0x000000000002d55a        0x6 
 .rodata        0x000000000002d560       0x3f build//home/sam/Downloads/FreeRTOSv202012.00/FreeRTOS/Source/queue.o
 *fill*         0x000000000002d59f        0x1 
 .rodata        0x000000000002d5a0       0x47 build//home/sam/Downloads/FreeRTOSv202012.00/FreeRTOS/Source/stream_buffer.o
 *fill*         0x000000000002d5e7        0x1 
 .rodata        0x000000000002d5e8       0x46 build//home/sam/Downloads/FreeRTOSv202012.00/FreeRTOS/Source/event_groups.o
 *fill*         0x000000000002d62e        0x2 
 .rodata        0x000000000002d630       0x6c build//home/sam/Downloads/FreeRTOSv202012.00/FreeRTOS/Source/tasks.o
 *fill*         0x000000000002d69c        0x4 
 .rodata        0x000000000002d6a0       0x75 build//home/sam/Downloads/FreeRTOSv202012.00/FreeRTOS/Source/timers.o
 *fill*         0x000000000002d715        0x3 
 .rodata        0x000000000002d718       0x96 build//home/sam/Downloads/FreeRTOSv202012.00/FreeRTOS/Source/portable/ThirdParty/GCC/Posix/port.o
 *fill*         0x000000000002d7ae        0x2 
 .rodata        0x000000000002d7b0       0x9c build//home/sam/Downloads/FreeRTOSv202012.00/FreeRTOS/Demo/Common/Minimal/AbortDelay.o
                0x000000000002d7c0                xMaxBlockTime
                0x000000000002d7c8                xHalfMaxBlockTime
                0x000000000002d7d0                xAllowableMargin
 .rodata        0x000000000002d84c       0x30 build//home/sam/Downloads/FreeRTOSv202012.00/FreeRTOS/Demo/Common/Minimal/BlockQ.o
 .rodata        0x000000000002d87c       0x1f build//home/sam/Downloads/FreeRTOSv202012.00/FreeRTOS/Demo/Common/Minimal/blocktim.o
 *fill*         0x000000000002d89b        0x5 
 .rodata        0x000000000002d8a0       0x77 build//home/sam/Downloads/FreeRTOSv202012.00/FreeRTOS/Demo/Common/Minimal/countsem.o
 *fill*         0x000000000002d917        0x1 
 .rodata        0x000000000002d918       0x20 build//home/sam/Downloads/FreeRTOSv202012.00/FreeRTOS/Demo/Common/Minimal/death.o
 .rodata        0x000000000002d938       0x8e build//home/sam/Downloads/FreeRTOSv202012.00/FreeRTOS/Demo/Common/Minimal/dynamic.o
 *fill*         0x000000000002d9c6        0x2 
 .rodata        0x000000000002d9c8       0x66 build//home/sam/Downloads/FreeRTOSv202012.00/FreeRTOS/Demo/Common/Minimal/EventGroupsDemo.o
 *fill*         0x000000000002da2e        0x2 
 .rodata        0x000000000002da30       0x70 build//home/sam/Downloads/FreeRTOSv202012.00/FreeRTOS/Demo/Common/Minimal/flop.o
 .rodata        0x000000000002daa0       0x8f build//home/sam/Downloads/FreeRTOSv202012.00/FreeRTOS/Demo/Common/Minimal/GenQTest.o
 .rodata        0x000000000002db2f        0x8 build//home/sam/Downloads/FreeRTOSv202012.00/FreeRTOS/Demo/Common/Minimal/integer.o
 *fill*         0x000000000002db37        0x1 
 .rodata        0x000000000002db38       0x6e build//home/sam/Downloads/FreeRTOSv202012.00/FreeRTOS/Demo/Common/Minimal/IntSemTest.o
                0x000000000002db38                xInterruptGivePeriod
 *fill*         0x000000000002dba6        0x2 
 .rodata        0x000000000002dba8       0x75 build//home/sam/Downloads/FreeRTOSv202012.00/FreeRTOS/Demo/Common/Minimal/MessageBufferAMP.o
 *fill*         0x000000000002dc1d        0x3 
 .rodata        0x000000000002dc20       0xea build//home/sam/Downloads/FreeRTOSv202012.00/FreeRTOS/Demo/Common/Minimal/MessageBufferDemo.o
 .rodata        0x000000000002dd0a       0x20 build//home/sam/Downloads/FreeRTOSv202012.00/FreeRTOS/Demo/Common/Minimal/PollQ.o
 .rodata        0x000000000002dd2a       0x2b build//home/sam/Downloads/FreeRTOSv202012.00/FreeRTOS/Demo/Common/Minimal/QPeek.o
 *fill*         0x000000000002dd55        0x3 
 .rodata        0x000000000002dd58       0x5d build//home/sam/Downloads/FreeRTOSv202012.00/FreeRTOS/Demo/Common/Minimal/QueueOverwrite.o
 *fill*         0x000000000002ddb5        0x3 
 .rodata        0x000000000002ddb8       0x5f build//home/sam/Downloads/FreeRTOSv202012.00/FreeRTOS/Demo/Common/Minimal/QueueSet.o
 .rodata        0x000000000002de17        0x8 build//home/sam/Downloads/FreeRTOSv202012.00/FreeRTOS/Demo/Common/Minimal/QueueSetPolling.o
 *fill*         0x000000000002de1f        0x1 
 .rodata        0x000000000002de20       0x6f build//home/sam/Downloads/FreeRTOSv202012.00/FreeRTOS/Demo/Common/Minimal/recmutex.o
 .rodata        0x000000000002de8f       0x3e build//home/sam/Downloads/FreeRTOSv202012.00/FreeRTOS/Demo/Common/Minimal/semtest.o
 *fill*         0x000000000002decd        0x3 
 .rodata        0x000000000002ded0       0x71 build//home/sam/Downloads/FreeRTOSv202012.00/FreeRTOS/Demo/Common/Minimal/StaticAllocation.o
 *fill*         0x000000000002df41        0x7 
 .rodata        0x000000000002df48      0x146 build//home/sam/Downloads/FreeRTOSv202012.00/FreeRTOS/Demo/Common/Minimal/StreamBufferDemo.o
 *fill*         0x000000000002e08e        0x2 
 .rodata        0x000000000002e090       0x94 build//home/sam/Downloads/FreeRTOSv202012.00/FreeRTOS/Demo/Common/Minimal/StreamBufferInterrupt.o
 *fill*         0x000000000002e124        0x4 
 .rodata        0x000000000002e128       0x77 build//home/sam/Downloads/FreeRTOSv202012.00/FreeRTOS/Demo/Common/Minimal/TaskNotify.o
 *fill*         0x000000000002e19f        0x1 
 .rodata        0x000000000002e1a0       0x7f build//home/sam/Downloads/FreeRTOSv202012.00/FreeRTOS/Demo/Common/Minimal/TimerDemo.o
 *fill*         0x000000000002e21f        0x1 
 .rodata        0x000000000002e220      0x3b4 build//home/sam/Downloads/FreeRTOSv202012.00/FreeRTOS-Plus/Source/FreeRTOS-Plus-Trace/trcKernelPort.o
 *fill*         0x000000000002e5d4        0x4 
 .rodata        0x000000000002e5d8     0x1163 build//home/sam/Downloads/FreeRTOSv202012.00/FreeRTOS-Plus/Source/FreeRTOS-Plus-Trace/trcSnapshotRecorder.o

.rodata1
 *(.rodata1)

.eh_frame_hdr   0x000000000002f73c     0x140c
 *(.eh_frame_hdr)
 .eh_frame_hdr  0x000000000002f73c     0x140c /usr/lib/gcc/x86_64-linux-gnu/9/../../../x86_64-linux-gnu/Scrt1.o
                0x000000000002f73c                __GNU_EH_FRAME_HDR
 *(.eh_frame_entry .eh_frame_entry.*)

.eh_frame       0x0000000000030b48     0x5010
 *(.eh_frame)
 .eh_frame      0x0000000000030b48       0x30 /usr/lib/gcc/x86_64-linux-gnu/9/../../../x86_64-linux-gnu/Scrt1.o
                                         0x2c (size before relaxing)
 *fill*         0x0000000000030b78        0x0 
 .eh_frame      0x0000000000030b78       0x28 /usr/lib/gcc/x86_64-linux-gnu/9/../../../x86_64-linux-gnu/Scrt1.o
                                         0x40 (size before relaxing)
 .eh_frame      0x0000000000030ba0       0x18 /usr/lib/gcc/x86_64-linux-gnu/9/../../../x86_64-linux-gnu/Scrt1.o
                                         0x30 (size before relaxing)
 .eh_frame      0x0000000000030bb8       0x18 /usr/lib/gcc/x86_64-linux-gnu/9/../../../x86_64-linux-gnu/Scrt1.o
                                         0x30 (size before relaxing)
 .eh_frame      0x0000000000030bd0       0x40 build/uart_core.o
                                         0x58 (size before relaxing)
 .eh_frame      0x0000000000030c10       0xe0 build/mailbox.o
                                         0xf8 (size before relaxing)
 .eh_frame      0x0000000000030cf0       0x40 build/console.o
                                         0x58 (size before relaxing)
 .eh_frame      0x0000000000030d30      0x158 build/state_core.o
                                        0x170 (size before relaxing)
 .eh_frame      0x0000000000030e88       0x20 build/network_test.o
                                         0x38 (size before relaxing)
 .eh_frame      0x0000000000030ea8      0x180 build/main.o
                                        0x198 (size before relaxing)
 .eh_frame      0x0000000000031028      0x160 build/parser_state.o
                                        0x178 (size before relaxing)
 .eh_frame      0x0000000000031188       0x60 build/sim_stream.o
                                         0x78 (size before relaxing)
 .eh_frame      0x00000000000311e8      0x478 build/network_state.o
                                        0x490 (size before relaxing)
 .eh_frame      0x0000000000031660      0x248 build/at_parser.o
                                        0x260 (size before relaxing)
 .eh_frame      0x00000000000318a8       0x78 build/main_blinky.o
                                         0x90 (size before relaxing)
 .eh_frame      0x0000000000031920      0x128 build/code_coverage_additions.o
                                        0x140 (size before relaxing)
 .eh_frame      0x0000000000031a48       0x80 build/net_adaptor.o
                                         0x98 (size before relaxing)
 .eh_frame      0x0000000000031ac8       0xa0 build/network_constants.o
                                         0xb8 (size before relaxing)
 .eh_frame      0x0000000000031b68       0x40 build/run-time-stats-utils.o
                                         0x58 (size before relaxing)
 .eh_frame      0x0000000000031ba8      0x618 build//home/sam/Downloads/FreeRTOSv202012.00/FreeRTOS/Source/queue.o
                                        0x630 (size before relaxing)
 .eh_frame      0x00000000000321c0       0xa0 build//home/sam/Downloads/FreeRTOSv202012.00/FreeRTOS/Source/list.o
                                         0xb8 (size before relaxing)
 .eh_frame      0x0000000000032260      0x338 build//home/sam/Downloads/FreeRTOSv202012.00/FreeRTOS/Source/stream_buffer.o
                                        0x350 (size before relaxing)
 .eh_frame      0x0000000000032598      0x1f8 build//home/sam/Downloads/FreeRTOSv202012.00/FreeRTOS/Source/event_groups.o
                                        0x210 (size before relaxing)
 .eh_frame      0x0000000000032790      0x920 build//home/sam/Downloads/FreeRTOSv202012.00/FreeRTOS/Source/tasks.o
                                        0x938 (size before relaxing)
 .eh_frame      0x00000000000330b0      0x360 build//home/sam/Downloads/FreeRTOSv202012.00/FreeRTOS/Source/timers.o
                                        0x378 (size before relaxing)
 .eh_frame      0x0000000000033410       0x40 build//home/sam/Downloads/FreeRTOSv202012.00/FreeRTOS/Source/portable/MemMang/heap_3.o
                                         0x58 (size before relaxing)
 .eh_frame      0x0000000000033450       0xa0 build//home/sam/Downloads/FreeRTOSv202012.00/FreeRTOS/Source/portable/ThirdParty/GCC/Posix/utils/wait_for_event.o
                                         0xb8 (size before relaxing)
 .eh_frame      0x00000000000334f0      0x320 build//home/sam/Downloads/FreeRTOSv202012.00/FreeRTOS/Source/portable/ThirdParty/GCC/Posix/port.o
                                        0x338 (size before relaxing)
 .eh_frame      0x0000000000033810      0x1b8 build//home/sam/Downloads/FreeRTOSv202012.00/FreeRTOS/Demo/Common/Minimal/AbortDelay.o
                                        0x1d0 (size before relaxing)
 .eh_frame      0x00000000000339c8       0x78 build//home/sam/Downloads/FreeRTOSv202012.00/FreeRTOS/Demo/Common/Minimal/BlockQ.o
                                         0x90 (size before relaxing)
 .eh_frame      0x0000000000033a40       0x98 build//home/sam/Downloads/FreeRTOSv202012.00/FreeRTOS/Demo/Common/Minimal/blocktim.o
                                         0xb0 (size before relaxing)
 .eh_frame      0x0000000000033ad8       0xa0 build//home/sam/Downloads/FreeRTOSv202012.00/FreeRTOS/Demo/Common/Minimal/countsem.o
                                         0xb8 (size before relaxing)
 .eh_frame      0x0000000000033b78       0x78 build//home/sam/Downloads/FreeRTOSv202012.00/FreeRTOS/Demo/Common/Minimal/death.o
                                         0x90 (size before relaxing)
 .eh_frame      0x0000000000033bf0       0xd0 build//home/sam/Downloads/FreeRTOSv202012.00/FreeRTOS/Demo/Common/Minimal/dynamic.o
                                         0xe8 (size before relaxing)
 .eh_frame      0x0000000000033cc0      0x138 build//home/sam/Downloads/FreeRTOSv202012.00/FreeRTOS/Demo/Common/Minimal/EventGroupsDemo.o
                                        0x150 (size before relaxing)
 .eh_frame      0x0000000000033df8       0xb0 build//home/sam/Downloads/FreeRTOSv202012.00/FreeRTOS/Demo/Common/Minimal/flop.o
                                         0xc8 (size before relaxing)
 .eh_frame      0x0000000000033ea8      0x118 build//home/sam/Downloads/FreeRTOSv202012.00/FreeRTOS/Demo/Common/Minimal/GenQTest.o
                                        0x130 (size before relaxing)
 .eh_frame      0x0000000000033fc0       0x60 build//home/sam/Downloads/FreeRTOSv202012.00/FreeRTOS/Demo/Common/Minimal/integer.o
                                         0x78 (size before relaxing)
 .eh_frame      0x0000000000034020       0xf8 build//home/sam/Downloads/FreeRTOSv202012.00/FreeRTOS/Demo/Common/Minimal/IntSemTest.o
                                        0x110 (size before relaxing)
 .eh_frame      0x0000000000034118       0xb8 build//home/sam/Downloads/FreeRTOSv202012.00/FreeRTOS/Demo/Common/Minimal/MessageBufferAMP.o
                                         0xd0 (size before relaxing)
 .eh_frame      0x00000000000341d0      0x108 build//home/sam/Downloads/FreeRTOSv202012.00/FreeRTOS/Demo/Common/Minimal/MessageBufferDemo.o
                                        0x120 (size before relaxing)
 .eh_frame      0x00000000000342d8       0x78 build//home/sam/Downloads/FreeRTOSv202012.00/FreeRTOS/Demo/Common/Minimal/PollQ.o
                                         0x90 (size before relaxing)
 .eh_frame      0x0000000000034350       0xb0 build//home/sam/Downloads/FreeRTOSv202012.00/FreeRTOS/Demo/Common/Minimal/QPeek.o
                                         0xc8 (size before relaxing)
 .eh_frame      0x0000000000034400       0x80 build//home/sam/Downloads/FreeRTOSv202012.00/FreeRTOS/Demo/Common/Minimal/QueueOverwrite.o
                                         0x98 (size before relaxing)
 .eh_frame      0x0000000000034480      0x1f8 build//home/sam/Downloads/FreeRTOSv202012.00/FreeRTOS/Demo/Common/Minimal/QueueSet.o
                                        0x210 (size before relaxing)
 .eh_frame      0x0000000000034678       0x80 build//home/sam/Downloads/FreeRTOSv202012.00/FreeRTOS/Demo/Common/Minimal/QueueSetPolling.o
                                         0x98 (size before relaxing)
 .eh_frame      0x00000000000346f8       0x98 build//home/sam/Downloads/FreeRTOSv202012.00/FreeRTOS/Demo/Common/Minimal/recmutex.o
                                         0xb0 (size before relaxing)
 .eh_frame      0x0000000000034790       0x60 build//home/sam/Downloads/FreeRTOSv202012.00/FreeRTOS/Demo/Common/Minimal/semtest.o
                                         0x78 (size before relaxing)
 .eh_frame      0x00000000000347f0      0x260 build//home/sam/Downloads/FreeRTOSv202012.00/FreeRTOS/Demo/Common/Minimal/StaticAllocation.o
                                        0x278 (size before relaxing)
 .eh_frame      0x0000000000034a50      0x168 build//home/sam/Downloads/FreeRTOSv202012.00/FreeRTOS/Demo/Common/Minimal/StreamBufferDemo.o
                                        0x180 (size before relaxing)
 .eh_frame      0x0000000000034bb8       0x80 build//home/sam/Downloads/FreeRTOSv202012.00/FreeRTOS/Demo/Common/Minimal/StreamBufferInterrupt.o
                                         0x98 (size before relaxing)
 .eh_frame      0x0000000000034c38      0x100 build//home/sam/Downloads/FreeRTOSv202012.00/FreeRTOS/Demo/Common/Minimal/TaskNotify.o
                                        0x118 (size before relaxing)
 .eh_frame      0x0000000000034d38      0x1e0 build//home/sam/Downloads/FreeRTOSv202012.00/FreeRTOS/Demo/Common/Minimal/TimerDemo.o
                                        0x1f8 (size before relaxing)
 .eh_frame      0x0000000000034f18      0x440 build//home/sam/Downloads/FreeRTOSv202012.00/FreeRTOS-Plus/Source/FreeRTOS-Plus-Trace/trcKernelPort.o
                                        0x458 (size before relaxing)
 .eh_frame      0x0000000000035358      0x7a0 build//home/sam/Downloads/FreeRTOSv202012.00/FreeRTOS-Plus/Source/FreeRTOS-Plus-Trace/trcSnapshotRecorder.o
                                        0x7b8 (size before relaxing)
 .eh_frame      0x0000000000035af8       0x5c /usr/lib/x86_64-linux-gnu/libc_nonshared.a(elf-init.oS)
                                         0x78 (size before relaxing)
 .eh_frame      0x0000000000035b54        0x4 /usr/lib/gcc/x86_64-linux-gnu/9/crtendS.o
 *(.eh_frame.*)

.gcc_except_table
 *(.gcc_except_table .gcc_except_table.*)

.gnu_extab
 *(.gnu_extab*)

.exception_ranges
 *(.exception_ranges*)
                0x0000000000036bd0                . = DATA_SEGMENT_ALIGN (CONSTANT (MAXPAGESIZE), CONSTANT (COMMONPAGESIZE))

.eh_frame
 *(.eh_frame)
 *(.eh_frame.*)

.gnu_extab
 *(.gnu_extab)

.gcc_except_table
 *(.gcc_except_table .gcc_except_table.*)

.exception_ranges
 *(.exception_ranges*)

.tdata          0x0000000000036bd0        0x0
                [!provide]                        PROVIDE (__tdata_start = .)
 *(.tdata .tdata.* .gnu.linkonce.td.*)

.tbss
 *(.tbss .tbss.* .gnu.linkonce.tb.*)
 *(.tcommon)

.preinit_array  0x0000000000036bd0        0x0
                [!provide]                        PROVIDE (__preinit_array_start = .)
 *(.preinit_array)
                [!provide]                        PROVIDE (__preinit_array_end = .)

.init_array     0x0000000000036bd0        0x8
                0x0000000000036bd0                PROVIDE (__init_array_start = .)
 *(SORT_BY_INIT_PRIORITY(.init_array.*) SORT_BY_INIT_PRIORITY(.ctors.*))
 *(.init_array EXCLUDE_FILE(*crtend?.o *crtend.o *crtbegin?.o *crtbegin.o) .ctors)
 .init_array    0x0000000000036bd0        0x8 /usr/lib/gcc/x86_64-linux-gnu/9/crtbeginS.o
                0x0000000000036bd8                PROVIDE (__init_array_end = .)

.fini_array     0x0000000000036bd8        0x8
                [!provide]                        PROVIDE (__fini_array_start = .)
 *(SORT_BY_INIT_PRIORITY(.fini_array.*) SORT_BY_INIT_PRIORITY(.dtors.*))
 *(.fini_array EXCLUDE_FILE(*crtend?.o *crtend.o *crtbegin?.o *crtbegin.o) .dtors)
 .fini_array    0x0000000000036bd8        0x8 /usr/lib/gcc/x86_64-linux-gnu/9/crtbeginS.o
                [!provide]                        PROVIDE (__fini_array_end = .)

.ctors
 *crtbegin.o(.ctors)
 *crtbegin?.o(.ctors)
 *(EXCLUDE_FILE(*crtend?.o *crtend.o) .ctors)
 *(SORT_BY_NAME(.ctors.*))
 *(.ctors)

.dtors
 *crtbegin.o(.dtors)
 *crtbegin?.o(.dtors)
 *(EXCLUDE_FILE(*crtend?.o *crtend.o) .dtors)
 *(SORT_BY_NAME(.dtors.*))
 *(.dtors)

.jcr
 *(.jcr)

.data.rel.ro    0x0000000000036be0        0x0
 *(.data.rel.ro.local* .gnu.linkonce.d.rel.ro.local.*)
 *(.data.rel.ro .data.rel.ro.* .gnu.linkonce.d.rel.ro.*)
 .data.rel.ro   0x0000000000036be0        0x0 /usr/lib/gcc/x86_64-linux-gnu/9/../../../x86_64-linux-gnu/Scrt1.o

.dynamic        0x0000000000036be0      0x200
 *(.dynamic)
 .dynamic       0x0000000000036be0      0x200 /usr/lib/gcc/x86_64-linux-gnu/9/../../../x86_64-linux-gnu/Scrt1.o
                0x0000000000036be0                _DYNAMIC

.got            0x0000000000036de0      0x220
 *(.got.plt)
 .got.plt       0x0000000000036de0      0x1f8 /usr/lib/gcc/x86_64-linux-gnu/9/../../../x86_64-linux-gnu/Scrt1.o
                0x0000000000036de0                _GLOBAL_OFFSET_TABLE_
 *(.igot.plt)
 *(.got)
 .got           0x0000000000036fd8       0x28 /usr/lib/gcc/x86_64-linux-gnu/9/../../../x86_64-linux-gnu/Scrt1.o
 *(.igot)
                0x0000000000037000                . = DATA_SEGMENT_RELRO_END (., 0x0)

.data           0x0000000000037000      0x560
 *(.data .data.* .gnu.linkonce.d.*)
 .data          0x0000000000037000        0x4 /usr/lib/gcc/x86_64-linux-gnu/9/../../../x86_64-linux-gnu/Scrt1.o
                0x0000000000037000                data_start
                0x0000000000037000                __data_start
 .data          0x0000000000037004        0x0 /usr/lib/gcc/x86_64-linux-gnu/9/../../../x86_64-linux-gnu/crti.o
 .data          0x0000000000037004        0x0 /usr/lib/gcc/x86_64-linux-gnu/9/crtbeginS.o
 *fill*         0x0000000000037004        0x4 
 .data.rel.local
                0x0000000000037008        0x8 /usr/lib/gcc/x86_64-linux-gnu/9/crtbeginS.o
                0x0000000000037008                __dso_handle
 .data          0x0000000000037010        0x0 build/uart_core.o
 .data          0x0000000000037010        0x0 build/mailbox.o
 .data          0x0000000000037010        0x0 build/urc_handler.o
 .data          0x0000000000037010        0x0 build/console.o
 .data          0x0000000000037010        0x0 build/state_core.o
 .data          0x0000000000037010        0x0 build/main_full.o
 .data          0x0000000000037010        0x0 build/network_test.o
 .data          0x0000000000037010        0x8 build/main.o
 .data          0x0000000000037018        0x0 build/parser_state.o
 *fill*         0x0000000000037018        0x8 
 .data.rel.local
                0x0000000000037020       0x80 build/parser_state.o
 .data          0x00000000000370a0       0x2f build/sim_stream.o
 *fill*         0x00000000000370cf       0x11 
 .data.rel.local
                0x00000000000370e0      0x320 build/sim_stream.o
 .data          0x0000000000037400        0x0 build/network_state.o
 .data.rel.local
                0x0000000000037400       0xa0 build/network_state.o
 .data          0x00000000000374a0        0x0 build/cellular_state.o
 .data          0x00000000000374a0       0x10 build/at_parser.o
 .data          0x00000000000374b0        0x0 build/main_blinky.o
 .data          0x00000000000374b0        0x0 build/code_coverage_additions.o
 .data          0x00000000000374b0        0x0 build/net_adaptor.o
 .data          0x00000000000374b0        0x0 build/network_constants.o
 .data          0x00000000000374b0        0x0 build/run-time-stats-utils.o
 .data          0x00000000000374b0        0x0 build//home/sam/Downloads/FreeRTOSv202012.00/FreeRTOS/Source/queue.o
 .data          0x00000000000374b0        0x0 build//home/sam/Downloads/FreeRTOSv202012.00/FreeRTOS/Source/croutine.o
 .data          0x00000000000374b0        0x0 build//home/sam/Downloads/FreeRTOSv202012.00/FreeRTOS/Source/list.o
 .data          0x00000000000374b0        0x0 build//home/sam/Downloads/FreeRTOSv202012.00/FreeRTOS/Source/stream_buffer.o
 .data          0x00000000000374b0        0x0 build//home/sam/Downloads/FreeRTOSv202012.00/FreeRTOS/Source/event_groups.o
 .data          0x00000000000374b0        0x8 build//home/sam/Downloads/FreeRTOSv202012.00/FreeRTOS/Source/tasks.o
                0x00000000000374b0                uxTopUsedPriority
 .data          0x00000000000374b8        0x0 build//home/sam/Downloads/FreeRTOSv202012.00/FreeRTOS/Source/timers.o
 .data          0x00000000000374b8        0x0 build//home/sam/Downloads/FreeRTOSv202012.00/FreeRTOS/Source/portable/MemMang/heap_3.o
 .data          0x00000000000374b8        0x0 build//home/sam/Downloads/FreeRTOSv202012.00/FreeRTOS/Source/portable/ThirdParty/GCC/Posix/utils/wait_for_event.o
 .data          0x00000000000374b8        0x0 build//home/sam/Downloads/FreeRTOSv202012.00/FreeRTOS/Source/portable/ThirdParty/GCC/Posix/port.o
 .data          0x00000000000374b8        0x0 build//home/sam/Downloads/FreeRTOSv202012.00/FreeRTOS/Demo/Common/Minimal/AbortDelay.o
 .data.rel.local
                0x00000000000374b8       0x10 build//home/sam/Downloads/FreeRTOSv202012.00/FreeRTOS/Demo/Common/Minimal/AbortDelay.o
 .data          0x00000000000374c8        0x0 build//home/sam/Downloads/FreeRTOSv202012.00/FreeRTOS/Demo/Common/Minimal/BlockQ.o
 .data          0x00000000000374c8        0x0 build//home/sam/Downloads/FreeRTOSv202012.00/FreeRTOS/Demo/Common/Minimal/blocktim.o
 .data          0x00000000000374c8        0x0 build//home/sam/Downloads/FreeRTOSv202012.00/FreeRTOS/Demo/Common/Minimal/countsem.o
 .data          0x00000000000374c8        0x2 build//home/sam/Downloads/FreeRTOSv202012.00/FreeRTOS/Demo/Common/Minimal/death.o
 .data          0x00000000000374ca        0x0 build//home/sam/Downloads/FreeRTOSv202012.00/FreeRTOS/Demo/Common/Minimal/dynamic.o
 .data          0x00000000000374ca        0x0 build//home/sam/Downloads/FreeRTOSv202012.00/FreeRTOS/Demo/Common/Minimal/EventGroupsDemo.o
 .data          0x00000000000374ca        0x0 build//home/sam/Downloads/FreeRTOSv202012.00/FreeRTOS/Demo/Common/Minimal/flop.o
 .data          0x00000000000374ca        0x0 build//home/sam/Downloads/FreeRTOSv202012.00/FreeRTOS/Demo/Common/Minimal/GenQTest.o
 .data          0x00000000000374ca        0x0 build//home/sam/Downloads/FreeRTOSv202012.00/FreeRTOS/Demo/Common/Minimal/integer.o
 .data          0x00000000000374ca        0x0 build//home/sam/Downloads/FreeRTOSv202012.00/FreeRTOS/Demo/Common/Minimal/IntSemTest.o
 *fill*         0x00000000000374ca        0x6 
 .data          0x00000000000374d0        0x8 build//home/sam/Downloads/FreeRTOSv202012.00/FreeRTOS/Demo/Common/Minimal/MessageBufferAMP.o
                0x00000000000374d0                xDemoStatus
 .data          0x00000000000374d8        0x0 build//home/sam/Downloads/FreeRTOSv202012.00/FreeRTOS/Demo/Common/Minimal/MessageBufferDemo.o
 .data.rel.local
                0x00000000000374d8        0x8 build//home/sam/Downloads/FreeRTOSv202012.00/FreeRTOS/Demo/Common/Minimal/MessageBufferDemo.o
 .data          0x00000000000374e0        0x0 build//home/sam/Downloads/FreeRTOSv202012.00/FreeRTOS/Demo/Common/Minimal/PollQ.o
 .data          0x00000000000374e0        0x0 build//home/sam/Downloads/FreeRTOSv202012.00/FreeRTOS/Demo/Common/Minimal/QPeek.o
 .data          0x00000000000374e0        0x8 build//home/sam/Downloads/FreeRTOSv202012.00/FreeRTOS/Demo/Common/Minimal/QueueOverwrite.o
 .data          0x00000000000374e8       0x10 build//home/sam/Downloads/FreeRTOSv202012.00/FreeRTOS/Demo/Common/Minimal/QueueSet.o
 .data          0x00000000000374f8        0x8 build//home/sam/Downloads/FreeRTOSv202012.00/FreeRTOS/Demo/Common/Minimal/QueueSetPolling.o
 .data          0x0000000000037500        0x0 build//home/sam/Downloads/FreeRTOSv202012.00/FreeRTOS/Demo/Common/Minimal/recmutex.o
 .data          0x0000000000037500        0x0 build//home/sam/Downloads/FreeRTOSv202012.00/FreeRTOS/Demo/Common/Minimal/semtest.o
 .data          0x0000000000037500        0x0 build//home/sam/Downloads/FreeRTOSv202012.00/FreeRTOS/Demo/Common/Minimal/StaticAllocation.o
 .data          0x0000000000037500        0x8 build//home/sam/Downloads/FreeRTOSv202012.00/FreeRTOS/Demo/Common/Minimal/StreamBufferDemo.o
 .data.rel.local
                0x0000000000037508       0x18 build//home/sam/Downloads/FreeRTOSv202012.00/FreeRTOS/Demo/Common/Minimal/StreamBufferDemo.o
 .data          0x0000000000037520        0x8 build//home/sam/Downloads/FreeRTOSv202012.00/FreeRTOS/Demo/Common/Minimal/StreamBufferInterrupt.o
 .data.rel.local
                0x0000000000037528       0x10 build//home/sam/Downloads/FreeRTOSv202012.00/FreeRTOS/Demo/Common/Minimal/StreamBufferInterrupt.o
 .data          0x0000000000037538        0x8 build//home/sam/Downloads/FreeRTOSv202012.00/FreeRTOS/Demo/Common/Minimal/TaskNotify.o
 .data          0x0000000000037540       0x10 build//home/sam/Downloads/FreeRTOSv202012.00/FreeRTOS/Demo/Common/Minimal/TimerDemo.o
 .data          0x0000000000037550        0x5 build//home/sam/Downloads/FreeRTOSv202012.00/FreeRTOS-Plus/Source/FreeRTOS-Plus-Trace/trcKernelPort.o
                0x0000000000037550                TraceQueueClassTable
 *fill*         0x0000000000037555        0x3 
 .data          0x0000000000037558        0x8 build//home/sam/Downloads/FreeRTOSv202012.00/FreeRTOS-Plus/Source/FreeRTOS-Plus-Trace/trcSnapshotRecorder.o
                0x000000000003755c                CurrentFilterMask
                0x000000000003755e                CurrentFilterGroup
 .data          0x0000000000037560        0x0 build//home/sam/Downloads/FreeRTOSv202012.00/FreeRTOS-Plus/Source/FreeRTOS-Plus-Trace/trcStreamingRecorder.o
 .data          0x0000000000037560        0x0 build//home/sam/Downloads/FreeRTOSv202012.00/FreeRTOS-Plus/Source/FreeRTOS-Plus-Trace/streamports/File/trcStreamingPort.o
 .data          0x0000000000037560        0x0 /usr/lib/x86_64-linux-gnu/libc_nonshared.a(elf-init.oS)
 .data          0x0000000000037560        0x0 /usr/lib/gcc/x86_64-linux-gnu/9/crtendS.o
 .data          0x0000000000037560        0x0 /usr/lib/gcc/x86_64-linux-gnu/9/../../../x86_64-linux-gnu/crtn.o

.tm_clone_table
                0x0000000000037560        0x0
 .tm_clone_table
                0x0000000000037560        0x0 /usr/lib/gcc/x86_64-linux-gnu/9/crtbeginS.o
 .tm_clone_table
                0x0000000000037560        0x0 /usr/lib/gcc/x86_64-linux-gnu/9/crtendS.o

.data1
 *(.data1)
                0x0000000000037560                _edata = .
                [!provide]                        PROVIDE (edata = .)
                0x0000000000037560                . = .
                0x0000000000037560                __bss_start = .

.bss            0x0000000000037560    0x33200
 *(.dynbss)
 .dynbss        0x0000000000037560        0x8 /usr/lib/gcc/x86_64-linux-gnu/9/../../../x86_64-linux-gnu/Scrt1.o
                0x0000000000037560                stderr@@GLIBC_2.2.5
 *(.bss .bss.* .gnu.linkonce.b.*)
 .bss           0x0000000000037568        0x0 /usr/lib/gcc/x86_64-linux-gnu/9/../../../x86_64-linux-gnu/Scrt1.o
 .bss           0x0000000000037568        0x0 /usr/lib/gcc/x86_64-linux-gnu/9/../../../x86_64-linux-gnu/crti.o
 .bss           0x0000000000037568        0x1 /usr/lib/gcc/x86_64-linux-gnu/9/crtbeginS.o
 *fill*         0x0000000000037569       0x17 
 .bss           0x0000000000037580      0x220 build/uart_core.o
 .bss           0x00000000000377a0       0x10 build/mailbox.o
 .bss           0x00000000000377b0        0x0 build/urc_handler.o
 .bss           0x00000000000377b0        0x0 build/console.o
 .bss           0x00000000000377b0       0x18 build/state_core.o
 .bss           0x00000000000377c8        0x0 build/main_full.o
 *fill*         0x00000000000377c8       0x18 
 .bss           0x00000000000377e0       0x96 build/network_test.o
 *fill*         0x0000000000037876        0xa 
 .bss           0x0000000000037880      0x3d0 build/main.o
 .bss           0x0000000000037c50        0x8 build/parser_state.o
 .bss           0x0000000000037c58        0xc build/sim_stream.o
 *fill*         0x0000000000037c64       0x1c 
 .bss           0x0000000000037c80      0x2f8 build/network_state.o
 .bss           0x0000000000037f78        0x0 build/cellular_state.o
 *fill*         0x0000000000037f78        0x8 
 .bss           0x0000000000037f80     0x4610 build/at_parser.o
 .bss           0x000000000003c590       0x10 build/main_blinky.o
 .bss           0x000000000003c5a0       0x50 build/code_coverage_additions.o
 *fill*         0x000000000003c5f0       0x10 
 .bss           0x000000000003c600      0x102 build/net_adaptor.o
 .bss           0x000000000003c702        0x0 build/network_constants.o
 *fill*         0x000000000003c702        0x6 
 .bss           0x000000000003c708        0x8 build/run-time-stats-utils.o
 .bss           0x000000000003c710        0x0 build//home/sam/Downloads/FreeRTOSv202012.00/FreeRTOS/Source/queue.o
 .bss           0x000000000003c710        0x0 build//home/sam/Downloads/FreeRTOSv202012.00/FreeRTOS/Source/croutine.o
 .bss           0x000000000003c710        0x0 build//home/sam/Downloads/FreeRTOSv202012.00/FreeRTOS/Source/list.o
 .bss           0x000000000003c710        0x0 build//home/sam/Downloads/FreeRTOSv202012.00/FreeRTOS/Source/stream_buffer.o
 .bss           0x000000000003c710        0x0 build//home/sam/Downloads/FreeRTOSv202012.00/FreeRTOS/Source/event_groups.o
 *fill*         0x000000000003c710       0x10 
 .bss           0x000000000003c720      0x2c8 build//home/sam/Downloads/FreeRTOSv202012.00/FreeRTOS/Source/tasks.o
                0x000000000003c720                pxCurrentTCB
 *fill*         0x000000000003c9e8       0x18 
 .bss           0x000000000003ca00      0x3c8 build//home/sam/Downloads/FreeRTOSv202012.00/FreeRTOS/Source/timers.o
 .bss           0x000000000003cdc8        0x0 build//home/sam/Downloads/FreeRTOSv202012.00/FreeRTOS/Source/portable/MemMang/heap_3.o
 .bss           0x000000000003cdc8        0x0 build//home/sam/Downloads/FreeRTOSv202012.00/FreeRTOS/Source/portable/ThirdParty/GCC/Posix/utils/wait_for_event.o
 *fill*         0x000000000003cdc8       0x18 
 .bss           0x000000000003cde0      0x1c0 build//home/sam/Downloads/FreeRTOSv202012.00/FreeRTOS/Source/portable/ThirdParty/GCC/Posix/port.o
 .bss           0x000000000003cfa0      0x1f8 build//home/sam/Downloads/FreeRTOSv202012.00/FreeRTOS/Demo/Common/Minimal/AbortDelay.o
 .bss           0x000000000003d198       0x18 build//home/sam/Downloads/FreeRTOSv202012.00/FreeRTOS/Demo/Common/Minimal/BlockQ.o
 .bss           0x000000000003d1b0       0x40 build//home/sam/Downloads/FreeRTOSv202012.00/FreeRTOS/Demo/Common/Minimal/blocktim.o
 *fill*         0x000000000003d1f0       0x10 
 .bss           0x000000000003d200       0x60 build//home/sam/Downloads/FreeRTOSv202012.00/FreeRTOS/Demo/Common/Minimal/countsem.o
 .bss           0x000000000003d260       0x18 build//home/sam/Downloads/FreeRTOSv202012.00/FreeRTOS/Demo/Common/Minimal/death.o
 .bss           0x000000000003d278       0x38 build//home/sam/Downloads/FreeRTOSv202012.00/FreeRTOS/Demo/Common/Minimal/dynamic.o
 .bss           0x000000000003d2b0       0x4c build//home/sam/Downloads/FreeRTOSv202012.00/FreeRTOS/Demo/Common/Minimal/EventGroupsDemo.o
 *fill*         0x000000000003d2fc        0x4 
 .bss           0x000000000003d300        0x8 build//home/sam/Downloads/FreeRTOSv202012.00/FreeRTOS/Demo/Common/Minimal/flop.o
 .bss           0x000000000003d308       0x48 build//home/sam/Downloads/FreeRTOSv202012.00/FreeRTOS/Demo/Common/Minimal/GenQTest.o
 .bss           0x000000000003d350        0x8 build//home/sam/Downloads/FreeRTOSv202012.00/FreeRTOS/Demo/Common/Minimal/integer.o
 .bss           0x000000000003d358       0x50 build//home/sam/Downloads/FreeRTOSv202012.00/FreeRTOS/Demo/Common/Minimal/IntSemTest.o
 *fill*         0x000000000003d3a8        0x8 
 .bss           0x000000000003d3b0       0x28 build//home/sam/Downloads/FreeRTOSv202012.00/FreeRTOS/Demo/Common/Minimal/MessageBufferAMP.o
 *fill*         0x000000000003d3d8        0x8 
 .bss           0x000000000003d3e0      0x138 build//home/sam/Downloads/FreeRTOSv202012.00/FreeRTOS/Demo/Common/Minimal/MessageBufferDemo.o
 .bss           0x000000000003d518       0x18 build//home/sam/Downloads/FreeRTOSv202012.00/FreeRTOS/Demo/Common/Minimal/PollQ.o
 .bss           0x000000000003d530       0x10 build//home/sam/Downloads/FreeRTOSv202012.00/FreeRTOS/Demo/Common/Minimal/QPeek.o
 .bss           0x000000000003d540       0x14 build//home/sam/Downloads/FreeRTOSv202012.00/FreeRTOS/Demo/Common/Minimal/QueueOverwrite.o
 *fill*         0x000000000003d554        0xc 
 .bss           0x000000000003d560       0x80 build//home/sam/Downloads/FreeRTOSv202012.00/FreeRTOS/Demo/Common/Minimal/QueueSet.o
 .bss           0x000000000003d5e0       0x20 build//home/sam/Downloads/FreeRTOSv202012.00/FreeRTOS/Demo/Common/Minimal/QueueSetPolling.o
 .bss           0x000000000003d600       0x60 build//home/sam/Downloads/FreeRTOSv202012.00/FreeRTOS/Demo/Common/Minimal/recmutex.o
 .bss           0x000000000003d660       0x18 build//home/sam/Downloads/FreeRTOSv202012.00/FreeRTOS/Demo/Common/Minimal/semtest.o
 *fill*         0x000000000003d678        0x8 
 .bss           0x000000000003d680      0x878 build//home/sam/Downloads/FreeRTOSv202012.00/FreeRTOS/Demo/Common/Minimal/StaticAllocation.o
 *fill*         0x000000000003def8        0x8 
 .bss           0x000000000003df00      0x128 build//home/sam/Downloads/FreeRTOSv202012.00/FreeRTOS/Demo/Common/Minimal/StreamBufferDemo.o
 .bss           0x000000000003e028       0x20 build//home/sam/Downloads/FreeRTOSv202012.00/FreeRTOS/Demo/Common/Minimal/StreamBufferInterrupt.o
 .bss           0x000000000003e048       0x44 build//home/sam/Downloads/FreeRTOSv202012.00/FreeRTOS/Demo/Common/Minimal/TaskNotify.o
 *fill*         0x000000000003e08c       0x14 
 .bss           0x000000000003e0a0      0x140 build//home/sam/Downloads/FreeRTOSv202012.00/FreeRTOS/Demo/Common/Minimal/TimerDemo.o
 .bss           0x000000000003e1e0        0x4 build//home/sam/Downloads/FreeRTOSv202012.00/FreeRTOS-Plus/Source/FreeRTOS-Plus-Trace/trcKernelPort.o
                0x000000000003e1e0                uiInEventGroupSetBitsFromISR
 *fill*         0x000000000003e1e4       0x1c 
 .bss           0x000000000003e200      0x4d8 build//home/sam/Downloads/FreeRTOSv202012.00/FreeRTOS-Plus/Source/FreeRTOS-Plus-Trace/trcSnapshotRecorder.o
                0x000000000003e200                isPendingContextSwitch
                0x000000000003e204                uiTraceTickCount
                0x000000000003e208                trace_disable_timestamp
                0x000000000003e20c                uiTraceSystemState
                0x000000000003e210                recorder_busy
                0x000000000003e214                timestampFrequency
                0x000000000003e218                traceErrorMessage
                0x000000000003e220                nISRactive
                0x000000000003e221                handle_of_last_logged_task
                0x000000000003e228                vTraceStopHookPtr
                0x000000000003e240                objectHandleStacks
                0x000000000003e6a8                RecorderDataPtr
 .bss           0x000000000003e6d8        0x0 build//home/sam/Downloads/FreeRTOSv202012.00/FreeRTOS-Plus/Source/FreeRTOS-Plus-Trace/trcStreamingRecorder.o
 .bss           0x000000000003e6d8        0x0 build//home/sam/Downloads/FreeRTOSv202012.00/FreeRTOS-Plus/Source/FreeRTOS-Plus-Trace/streamports/File/trcStreamingPort.o
 .bss           0x000000000003e6d8        0x0 /usr/lib/x86_64-linux-gnu/libc_nonshared.a(elf-init.oS)
 .bss           0x000000000003e6d8        0x0 /usr/lib/gcc/x86_64-linux-gnu/9/crtendS.o
 .bss           0x000000000003e6d8        0x0 /usr/lib/gcc/x86_64-linux-gnu/9/../../../x86_64-linux-gnu/crtn.o
 *(COMMON)
 *fill*         0x000000000003e6d8        0x8 
 COMMON         0x000000000003e6e0       0xb0 build/console.o
                0x000000000003e6e0                xStdioMutexBuffer
                0x000000000003e788                xStdioMutex
 *fill*         0x000000000003e790       0x10 
 COMMON         0x000000000003e7a0      0x460 build/main.o
                0x000000000003e7a0                uxTimerTaskStack
 COMMON         0x000000000003ec00        0x8 build/parser_state.o
                0x000000000003ec00                outgoing_urc_queue
 COMMON         0x000000000003ec08       0x10 build/net_adaptor.o
                0x000000000003ec08                incoming_udp_q
                0x000000000003ec10                outgoing_udp_q
 *fill*         0x000000000003ec18        0x8 
 COMMON         0x000000000003ec20      0x140 build//home/sam/Downloads/FreeRTOSv202012.00/FreeRTOS/Source/queue.o
                0x000000000003ec20                xQueueRegistry
 COMMON         0x000000000003ed60        0x8 build//home/sam/Downloads/FreeRTOSv202012.00/FreeRTOS/Demo/Common/Minimal/death.o
                0x000000000003ed60                xCreatedTask
 COMMON         0x000000000003ed68        0x8 build//home/sam/Downloads/FreeRTOSv202012.00/FreeRTOS/Demo/Common/Minimal/dynamic.o
                0x000000000003ed68                xSuspendedTestQueue
 COMMON         0x000000000003ed70       0x18 build//home/sam/Downloads/FreeRTOSv202012.00/FreeRTOS/Demo/Common/Minimal/QPeek.o
                0x000000000003ed70                xHighPriorityTask
                0x000000000003ed78                xMediumPriorityTask
                0x000000000003ed80                xHighestPriorityTask
 COMMON         0x000000000003ed88       0x10 build//home/sam/Downloads/FreeRTOSv202012.00/FreeRTOS/Demo/Common/Minimal/QueueSet.o
                0x000000000003ed88                xQueueSetSendingTask
                0x000000000003ed90                xQueueSetReceivingTask
 *fill*         0x000000000003ed98        0x8 
 COMMON         0x000000000003eda0    0x2b9c0 build//home/sam/Downloads/FreeRTOSv202012.00/FreeRTOS-Plus/Source/FreeRTOS-Plus-Trace/trcSnapshotRecorder.o
                0x000000000003eda0                RecorderData
                0x000000000006a75c                init_hwtc_count
                0x000000000006a760                . = ALIGN ((. != 0x0)?0x8:0x1)

.lbss
 *(.dynlbss)
 *(.lbss .lbss.* .gnu.linkonce.lb.*)
 *(LARGE_COMMON)
                0x000000000006a760                . = ALIGN (0x8)
                0x000000000006a760                . = SEGMENT_START ("ldata-segment", .)

.lrodata
 *(.lrodata .lrodata.* .gnu.linkonce.lr.*)

.ldata          0x000000000006c760        0x0
 *(.ldata .ldata.* .gnu.linkonce.l.*)
                0x000000000006c760                . = ALIGN ((. != 0x0)?0x8:0x1)
                0x000000000006c760                . = ALIGN (0x8)
                0x000000000006a760                _end = .
                [!provide]                        PROVIDE (end = .)
                0x000000000006c760                . = DATA_SEGMENT_END (.)

.stab
 *(.stab)

.stabstr
 *(.stabstr)

.stab.excl
 *(.stab.excl)

.stab.exclstr
 *(.stab.exclstr)

.stab.index
 *(.stab.index)

.stab.indexstr
 *(.stab.indexstr)

.comment        0x0000000000000000       0x2a
 *(.comment)
 .comment       0x0000000000000000       0x2a /usr/lib/gcc/x86_64-linux-gnu/9/crtbeginS.o
                                         0x2b (size before relaxing)
 .comment       0x000000000000002a       0x2b build/uart_core.o
 .comment       0x000000000000002a       0x2b build/mailbox.o
 .comment       0x000000000000002a       0x2b build/urc_handler.o
 .comment       0x000000000000002a       0x2b build/console.o
 .comment       0x000000000000002a       0x2b build/state_core.o
 .comment       0x000000000000002a       0x2b build/main_full.o
 .comment       0x000000000000002a       0x2b build/network_test.o
 .comment       0x000000000000002a       0x2b build/main.o
 .comment       0x000000000000002a       0x2b build/parser_state.o
 .comment       0x000000000000002a       0x2b build/sim_stream.o
 .comment       0x000000000000002a       0x2b build/network_state.o